Component: Arm Compiler for Embedded 6.19 Tool: armlink [5e73cb00]

==============================================================================

Section Cross References

    startup_stm32g474xx.o(RESET) refers to startup_stm32g474xx.o(STACK) for __initial_sp
    startup_stm32g474xx.o(RESET) refers to startup_stm32g474xx.o(.text) for Reset_Handler
    startup_stm32g474xx.o(RESET) refers to stm32g4xx_it.o(.text.NMI_Handler) for NMI_Handler
    startup_stm32g474xx.o(RESET) refers to stm32g4xx_it.o(.text.HardFault_Handler) for HardFault_Handler
    startup_stm32g474xx.o(RESET) refers to stm32g4xx_it.o(.text.MemManage_Handler) for MemManage_Handler
    startup_stm32g474xx.o(RESET) refers to stm32g4xx_it.o(.text.BusFault_Handler) for BusFault_Handler
    startup_stm32g474xx.o(RESET) refers to stm32g4xx_it.o(.text.UsageFault_Handler) for UsageFault_Handler
    startup_stm32g474xx.o(RESET) refers to port.o(.text.SVC_Handler) for SVC_Handler
    startup_stm32g474xx.o(RESET) refers to stm32g4xx_it.o(.text.DebugMon_Handler) for DebugMon_Handler
    startup_stm32g474xx.o(RESET) refers to port.o(.text.PendSV_Handler) for PendSV_Handler
    startup_stm32g474xx.o(RESET) refers to cmsis_os2.o(.text.SysTick_Handler) for SysTick_Handler
    startup_stm32g474xx.o(RESET) refers to stm32g4xx_it.o(.text.FDCAN1_IT0_IRQHandler) for FDCAN1_IT0_IRQHandler
    startup_stm32g474xx.o(RESET) refers to stm32g4xx_it.o(.text.FDCAN1_IT1_IRQHandler) for FDCAN1_IT1_IRQHandler
    startup_stm32g474xx.o(RESET) refers to stm32g4xx_it.o(.text.TIM4_IRQHandler) for TIM4_IRQHandler
    startup_stm32g474xx.o(RESET) refers to stm32g4xx_it.o(.text.USART1_IRQHandler) for USART1_IRQHandler
    startup_stm32g474xx.o(RESET) refers to stm32g4xx_it.o(.text.FDCAN2_IT0_IRQHandler) for FDCAN2_IT0_IRQHandler
    startup_stm32g474xx.o(RESET) refers to stm32g4xx_it.o(.text.FDCAN2_IT1_IRQHandler) for FDCAN2_IT1_IRQHandler
    startup_stm32g474xx.o(.text) refers to system_stm32g4xx.o(.text.SystemInit) for SystemInit
    startup_stm32g474xx.o(.text) refers to entry.o(.ARM.Collect$$$$00000000) for __main
    can_control.o(.text.sendCANControlMotor) refers to fdcan.o(.bss.hfdcan1) for hfdcan1
    can_control.o(.text.sendCANControlMotor) refers to stm32g4xx_hal_fdcan.o(.text.HAL_FDCAN_AddMessageToTxFifoQ) for HAL_FDCAN_AddMessageToTxFifoQ
    can_control.o(.text.sendCANControlMotor) refers to stm32g4xx_hal.o(.text.HAL_GetTick) for HAL_GetTick
    can_control.o(.text.sendCANControlMotor) refers to stm32g4xx_hal_fdcan.o(.text.HAL_FDCAN_GetRxFifoFillLevel) for HAL_FDCAN_GetRxFifoFillLevel
    can_control.o(.text.sendCANControlMotor) refers to stm32g4xx_hal_fdcan.o(.text.HAL_FDCAN_GetRxMessage) for HAL_FDCAN_GetRxMessage
    can_control.o(.ARM.exidx.text.sendCANControlMotor) refers to can_control.o(.text.sendCANControlMotor) for [Anonymous Symbol]
    can_control.o(.text.sendCANSetMotorKK) refers to fdcan.o(.bss.hfdcan1) for hfdcan1
    can_control.o(.text.sendCANSetMotorKK) refers to stm32g4xx_hal_fdcan.o(.text.HAL_FDCAN_AddMessageToTxFifoQ) for HAL_FDCAN_AddMessageToTxFifoQ
    can_control.o(.ARM.exidx.text.sendCANSetMotorKK) refers to can_control.o(.text.sendCANSetMotorKK) for [Anonymous Symbol]
    can_control.o(.text.motor_control) refers to f2d.o(.text) for __aeabi_f2d
    can_control.o(.text.motor_control) refers to printfa.o(i.__0printf) for __2printf
    can_control.o(.text.motor_control) refers to fdcan.o(.bss.hfdcan1) for hfdcan1
    can_control.o(.text.motor_control) refers to stm32g4xx_hal_fdcan.o(.text.HAL_FDCAN_AddMessageToTxFifoQ) for HAL_FDCAN_AddMessageToTxFifoQ
    can_control.o(.text.motor_control) refers to can_control.o(.text.sendCANControlMotor) for sendCANControlMotor
    can_control.o(.text.motor_control) refers to can_control.o(.bss..L_MergedGlobals) for .L_MergedGlobals
    can_control.o(.ARM.exidx.text.motor_control) refers to can_control.o(.text.motor_control) for [Anonymous Symbol]
    main.o(.text.fputc) refers to usart.o(.bss.huart1) for huart1
    main.o(.text.fputc) refers to stm32g4xx_hal_uart.o(.text.HAL_UART_Transmit) for HAL_UART_Transmit
    main.o(.ARM.exidx.text.fputc) refers to main.o(.text.fputc) for [Anonymous Symbol]
    main.o(.text.main) refers to stm32g4xx_hal.o(.text.HAL_Init) for HAL_Init
    main.o(.text.main) refers to stm32g4xx_hal_pwr_ex.o(.text.HAL_PWREx_ControlVoltageScaling) for HAL_PWREx_ControlVoltageScaling
    main.o(.text.main) refers to stm32g4xx_hal_rcc.o(.text.HAL_RCC_OscConfig) for HAL_RCC_OscConfig
    main.o(.text.main) refers to stm32g4xx_hal_rcc.o(.text.HAL_RCC_ClockConfig) for HAL_RCC_ClockConfig
    main.o(.text.main) refers to gpio.o(.text.MX_GPIO_Init) for MX_GPIO_Init
    main.o(.text.main) refers to fdcan.o(.text.MX_FDCAN1_Init) for MX_FDCAN1_Init
    main.o(.text.main) refers to usart.o(.text.MX_USART1_UART_Init) for MX_USART1_UART_Init
    main.o(.text.main) refers to fdcan.o(.text.MX_FDCAN2_Init) for MX_FDCAN2_Init
    main.o(.text.main) refers to fdcan.o(.bss.hfdcan2) for hfdcan2
[...]
    [Anonymous Symbol]                       0x08005768   Section        0  tasks.o(.text.vTaskStartScheduler)
    [Anonymous Symbol]                       0x08005858   Section        0  tasks.o(.text.vTaskSuspendAll)
    [Anonymous Symbol]                       0x08005868   Section        0  tasks.o(.text.vTaskSwitchContext)
    [Anonymous Symbol]                       0x08005924   Section        0  port.o(.text.xPortStartScheduler)
    [Anonymous Symbol]                       0x08005aa8   Section        0  port.o(.text.xPortSysTickHandler)
    [Anonymous Symbol]                       0x08005ad8   Section        0  queue.o(.text.xQueueGenericCreateStatic)
    [Anonymous Symbol]                       0x08005bb8   Section        0  queue.o(.text.xQueueGenericSend)
    [Anonymous Symbol]                       0x08005de4   Section        0  queue.o(.text.xQueueReceive)
    [Anonymous Symbol]                       0x08005f88   Section        0  tasks.o(.text.xTaskCheckForTimeOut)
    [Anonymous Symbol]                       0x08006044   Section        0  tasks.o(.text.xTaskCreate)
    [Anonymous Symbol]                       0x080060a4   Section        0  tasks.o(.text.xTaskCreateStatic)
    [Anonymous Symbol]                       0x0800611c   Section        0  tasks.o(.text.xTaskGetSchedulerState)
    [Anonymous Symbol]                       0x0800613c   Section        0  tasks.o(.text.xTaskGetTickCount)
    [Anonymous Symbol]                       0x08006148   Section        0  tasks.o(.text.xTaskGetTickCountFromISR)
    [Anonymous Symbol]                       0x0800615c   Section        0  tasks.o(.text.xTaskIncrementTick)
    [Anonymous Symbol]                       0x08006260   Section        0  tasks.o(.text.xTaskPriorityDisinherit)
    [Anonymous Symbol]                       0x080062ec   Section        0  tasks.o(.text.xTaskRemoveFromEventList)
    [Anonymous Symbol]                       0x08006360   Section        0  tasks.o(.text.xTaskResumeAll)
    [Anonymous Symbol]                       0x08006450   Section        0  timers.o(.text.xTimerCreateTimerTask)
    i.__0printf                              0x08006504   Section        0  printfa.o(i.__0printf)
    i.__scatterload_copy                     0x08006524   Section       14  handlers.o(i.__scatterload_copy)
    i.__scatterload_null                     0x08006532   Section        2  handlers.o(i.__scatterload_null)
    i.__scatterload_zeroinit                 0x08006534   Section       14  handlers.o(i.__scatterload_zeroinit)
    _fp_digits                               0x08006545   Thumb Code   366  printfa.o(i._fp_digits)
    i._fp_digits                             0x08006544   Section        0  printfa.o(i._fp_digits)
    _printf_core                             0x080066c9   Thumb Code  1744  printfa.o(i._printf_core)
    i._printf_core                           0x080066c8   Section        0  printfa.o(i._printf_core)
    _printf_post_padding                     0x08006da5   Thumb Code    36  printfa.o(i._printf_post_padding)
    i._printf_post_padding                   0x08006da4   Section        0  printfa.o(i._printf_post_padding)
    _printf_pre_padding                      0x08006dc9   Thumb Code    46  printfa.o(i._printf_pre_padding)
    i._printf_pre_padding                    0x08006dc8   Section        0  printfa.o(i._printf_pre_padding)
    i.puts                                   0x08006df8   Section        0  puts.o(i.puts)
    DLCtoBytes                               0x08006e4c   Data          16  stm32g4xx_hal_fdcan.o(.rodata.cst16)
    [Anonymous Symbol]                       0x08006e4c   Section        0  stm32g4xx_hal_fdcan.o(.rodata.cst16)
    .Lswitch.table.UART_SetConfig.5          0x08006e5c   Data          16  stm32g4xx_hal_uart.o(.rodata.cst16)
    UARTEx_SetNbDataToProcess.numerator      0x08006e6c   Data           8  stm32g4xx_hal_uart_ex.o(.rodata.cst8)
    [Anonymous Symbol]                       0x08006e6c   Section        0  stm32g4xx_hal_uart_ex.o(.rodata.cst8)
    UARTEx_SetNbDataToProcess.denominator    0x08006e74   Data           8  stm32g4xx_hal_uart_ex.o(.rodata.cst8)
    [Anonymous Symbol]                       0x08006ec4   Section        0  app_freertos.o(.rodata.str1.1)
    .L.str.1                                 0x08006ed9   Data           5  timers.o(.rodata.str1.1)
    [Anonymous Symbol]                       0x08006ed9   Section        0  timers.o(.rodata.str1.1)
    .data                                    0x20000000   Section        4  stdout.o(.data)
    .L_MergedGlobals                         0x20000004   Data           8  stm32g4xx_hal.o(.data..L_MergedGlobals)
    [Anonymous Symbol]                       0x20000004   Section        0  stm32g4xx_hal.o(.data..L_MergedGlobals)
    current_motor_id                         0x20000010   Data           4  motor_logic.o(.data.current_motor_id)
    [Anonymous Symbol]                       0x20000010   Section        0  motor_logic.o(.data.current_motor_id)
    uxCriticalNesting                        0x20000014   Data           4  port.o(.data.uxCriticalNesting)
    [Anonymous Symbol]                       0x20000014   Section        0  port.o(.data.uxCriticalNesting)
    .L_MergedGlobals                         0x20000018   Data          40  can_control.o(.bss..L_MergedGlobals)
    [Anonymous Symbol]                       0x20000018   Section        0  can_control.o(.bss..L_MergedGlobals)
    .L_MergedGlobals                         0x20000040   Data           8  app_freertos.o(.bss..L_MergedGlobals)
    [Anonymous Symbol]                       0x20000040   Section        0  app_freertos.o(.bss..L_MergedGlobals)
    .L_MergedGlobals                         0x20000048   Data          48  motor_logic.o(.bss..L_MergedGlobals)
    motor_profile.11                         0x20000048   Data           1  motor_logic.o(.bss..L_MergedGlobals)
    [Anonymous Symbol]                       0x20000048   Section        0  motor_logic.o(.bss..L_MergedGlobals)
    is_motion_active                         0x20000049   Data           1  motor_logic.o(.bss..L_MergedGlobals)
    position_offset                          0x2000004c   Data           4  motor_logic.o(.bss..L_MergedGlobals)
    motor_profile.0                          0x20000050   Data           4  motor_logic.o(.bss..L_MergedGlobals)
    motor_profile.1                          0x20000054   Data           4  motor_logic.o(.bss..L_MergedGlobals)
    motor_profile.3                          0x20000058   Data           4  motor_logic.o(.bss..L_MergedGlobals)
    motor_profile.5                          0x2000005c   Data           4  motor_logic.o(.bss..L_MergedGlobals)
    motor_profile.6                          0x20000060   Data           4  motor_logic.o(.bss..L_MergedGlobals)
    motor_profile.7                          0x20000064   Data           4  motor_logic.o(.bss..L_MergedGlobals)
    motor_profile.8                          0x20000068   Data           4  motor_logic.o(.bss..L_MergedGlobals)
    motor_profile.9                          0x2000006c   Data           4  motor_logic.o(.bss..L_MergedGlobals)
    motor_profile.10                         0x20000070   Data           4  motor_logic.o(.bss..L_MergedGlobals)
    motion_start_tick                        0x20000074   Data           4  motor_logic.o(.bss..L_MergedGlobals)
    .L_MergedGlobals                         0x20000078   Data         120  tasks.o(.bss..L_MergedGlobals)
    [Anonymous Symbol]                       0x20000078   Section        0  tasks.o(.bss..L_MergedGlobals)
    uxTaskNumber                             0x2000007c   Data           4  tasks.o(.bss..L_MergedGlobals)
    uxDeletedTasksWaitingCleanUp             0x20000080   Data           4  tasks.o(.bss..L_MergedGlobals)
    uxCurrentNumberOfTasks                   0x20000084   Data           4  tasks.o(.bss..L_MergedGlobals)
    xSchedulerRunning                        0x20000088   Data           4  tasks.o(.bss..L_MergedGlobals)
    uxSchedulerSuspended                     0x2000008c   Data           4  tasks.o(.bss..L_MergedGlobals)
    xTickCount                               0x20000090   Data           4  tasks.o(.bss..L_MergedGlobals)
    pxDelayedTaskList                        0x20000094   Data           4  tasks.o(.bss..L_MergedGlobals)
    pxOverflowDelayedTaskList                0x20000098   Data           4  tasks.o(.bss..L_MergedGlobals)
    uxTopReadyPriority                       0x2000009c   Data           4  tasks.o(.bss..L_MergedGlobals)
    xIdleTaskHandle                          0x200000a0   Data           4  tasks.o(.bss..L_MergedGlobals)
    xNextTaskUnblockTime                     0x200000a4   Data           4  tasks.o(.bss..L_MergedGlobals)
    xYieldPending                            0x200000a8   Data           4  tasks.o(.bss..L_MergedGlobals)
    xPendedTicks                             0x200000ac   Data           4  tasks.o(.bss..L_MergedGlobals)
    xNumOfOverflows                          0x200000b0   Data           4  tasks.o(.bss..L_MergedGlobals)
    xTasksWaitingTermination                 0x200000b4   Data          20  tasks.o(.bss..L_MergedGlobals)
    xSuspendedTaskList                       0x200000c8   Data          20  tasks.o(.bss..L_MergedGlobals)
    xPendingReadyList                        0x200000dc   Data          20  tasks.o(.bss..L_MergedGlobals)
    .L_MergedGlobals                         0x200000f0   Data          60  timers.o(.bss..L_MergedGlobals)
    xTimerQueue                              0x200000f0   Data           4  timers.o(.bss..L_MergedGlobals)
    [Anonymous Symbol]                       0x200000f0   Section        0  timers.o(.bss..L_MergedGlobals)
    xTimerTaskHandle                         0x200000f4   Data           4  timers.o(.bss..L_MergedGlobals)
    pxCurrentTimerList                       0x200000f8   Data           4  timers.o(.bss..L_MergedGlobals)
    pxOverflowTimerList                      0x200000fc   Data           4  timers.o(.bss..L_MergedGlobals)
    prvSampleTimeNow.xLastTime               0x20000100   Data           4  timers.o(.bss..L_MergedGlobals)
    xActiveTimerList1                        0x20000104   Data          20  timers.o(.bss..L_MergedGlobals)
    xActiveTimerList2                        0x20000118   Data          20  timers.o(.bss..L_MergedGlobals)
    .L_MergedGlobals                         0x2000012c   Data          32  heap_4.o(.bss..L_MergedGlobals)
    xBlockAllocatedBit                       0x2000012c   Data           1  heap_4.o(.bss..L_MergedGlobals)
    [Anonymous Symbol]                       0x2000012c   Section        0  heap_4.o(.bss..L_MergedGlobals)
    pxEnd                                    0x20000130   Data           4  heap_4.o(.bss..L_MergedGlobals)
    xFreeBytesRemaining                      0x20000134   Data           4  heap_4.o(.bss..L_MergedGlobals)
    xMinimumEverFreeBytesRemaining           0x20000138   Data           4  heap_4.o(.bss..L_MergedGlobals)
    xNumberOfSuccessfulAllocations           0x2000013c   Data           4  heap_4.o(.bss..L_MergedGlobals)
    xNumberOfSuccessfulFrees                 0x20000140   Data           4  heap_4.o(.bss..L_MergedGlobals)
    xStart                                   0x20000144   Data           8  heap_4.o(.bss..L_MergedGlobals)
    .L_MergedGlobals                         0x2000014c   Data           8  port.o(.bss..L_MergedGlobals)
    ucMaxSysCallPriority                     0x2000014c   Data           1  port.o(.bss..L_MergedGlobals)
    [Anonymous Symbol]                       0x2000014c   Section        0  port.o(.bss..L_MergedGlobals)
    ulMaxPRIGROUPValue                       0x20000150   Data           4  port.o(.bss..L_MergedGlobals)
    .L_MergedGlobals.1                       0x20000154   Data          40  tasks.o(.bss..L_MergedGlobals.1)
    xDelayedTaskList1                        0x20000154   Data          20  tasks.o(.bss..L_MergedGlobals.1)
    [Anonymous Symbol]                       0x20000154   Section        0  tasks.o(.bss..L_MergedGlobals.1)
    xDelayedTaskList2                        0x20000168   Data          20  tasks.o(.bss..L_MergedGlobals.1)
    HAL_RCC_FDCAN_CLK_ENABLED                0x2000017c   Data           4  fdcan.o(.bss.HAL_RCC_FDCAN_CLK_ENABLED)
    [Anonymous Symbol]                       0x2000017c   Section        0  fdcan.o(.bss.HAL_RCC_FDCAN_CLK_ENABLED)
    KernelState                              0x20000180   Data           4  cmsis_os2.o(.bss.KernelState)
    [Anonymous Symbol]                       0x20000180   Section        0  cmsis_os2.o(.bss.KernelState)
    prvCheckForValidListAndQueue.ucStaticTimerQueueStorage 0x2000032c   Data         160  timers.o(.bss.prvCheckForValidListAndQueue.ucStaticTimerQueueStorage)
    [Anonymous Symbol]                       0x2000032c   Section        0  timers.o(.bss.prvCheckForValidListAndQueue.ucStaticTimerQueueStorage)
    prvCheckForValidListAndQueue.xStaticTimerQueue 0x200003cc   Data          80  timers.o(.bss.prvCheckForValidListAndQueue.xStaticTimerQueue)
    [Anonymous Symbol]                       0x200003cc   Section        0  timers.o(.bss.prvCheckForValidListAndQueue.xStaticTimerQueue)
    pxReadyTasksLists                        0x2000041c   Data        1120  tasks.o(.bss.pxReadyTasksLists)
    [Anonymous Symbol]                       0x2000041c   Section        0  tasks.o(.bss.pxReadyTasksLists)
    ucHeap                                   0x2000087c   Data        3072  heap_4.o(.bss.ucHeap)
    [Anonymous Symbol]                       0x2000087c   Section        0  heap_4.o(.bss.ucHeap)
    vApplicationGetIdleTaskMemory.Idle_Stack 0x20001480   Data         512  cmsis_os2.o(.bss.vApplicationGetIdleTaskMemory.Idle_Stack)
    [Anonymous Symbol]                       0x20001480   Section        0  cmsis_os2.o(.bss.vApplicationGetIdleTaskMemory.Idle_Stack)
    vApplicationGetIdleTaskMemory.Idle_TCB   0x20001680   Data          92  cmsis_os2.o(.bss.vApplicationGetIdleTaskMemory.Idle_TCB)
    [Anonymous Symbol]                       0x20001680   Section        0  cmsis_os2.o(.bss.vApplicationGetIdleTaskMemory.Idle_TCB)
    vApplicationGetTimerTaskMemory.Timer_Stack 0x200016dc   Data        1024  cmsis_os2.o(.bss.vApplicationGetTimerTaskMemory.Timer_Stack)
    [Anonymous Symbol]                       0x200016dc   Section        0  cmsis_os2.o(.bss.vApplicationGetTimerTaskMemory.Timer_Stack)
    vApplicationGetTimerTaskMemory.Timer_TCB 0x20001adc   Data          92  cmsis_os2.o(.bss.vApplicationGetTimerTaskMemory.Timer_TCB)
    [Anonymous Symbol]                       0x20001adc   Section        0  cmsis_os2.o(.bss.vApplicationGetTimerTaskMemory.Timer_TCB)
    STACK                                    0x20001b78   Section     1024  startup_stm32g474xx.o(STACK)

    Global Symbols

    Symbol Name                              Value     Ov Type        Size  Object(Section)

    BuildAttributes$$THM_ISAv4$E$P$D$K$B$S$7EM$VFPi3$EXTD16$VFPS$VFMA$PE$A:L22UL41UL21$X:L11$S22US41US21$IEEE1$IW$~IW$USESV6$~STKCKD$USESV7$~SHL$OTIME$ROPI$EBA8$MICROLIB$REQ8$PRES8$EABIv2 0x00000000   Number         0  anon$$obj.o ABSOLUTE
    _printf_a                                0x00000000   Number         0  printfstubs.o ABSOLUTE
    _printf_c                                0x00000000   Number         0  printfstubs.o ABSOLUTE
    _printf_charcount                        0x00000000   Number         0  printfstubs.o ABSOLUTE
    _printf_d                                0x00000000   Number         0  printfstubs.o ABSOLUTE
    _printf_e                                0x00000000   Number         0  printfstubs.o ABSOLUTE
    _printf_f                                0x00000000   Number         0  printfstubs.o ABSOLUTE
    _printf_flags                            0x00000000   Number         0  printfstubs.o ABSOLUTE
    _printf_fp_dec                           0x00000000   Number         0  printfstubs.o ABSOLUTE
    _printf_fp_hex                           0x00000000   Number         0  printfstubs.o ABSOLUTE
    _printf_g                                0x00000000   Number         0  printfstubs.o ABSOLUTE
    _printf_i                                0x00000000   Number         0  printfstubs.o ABSOLUTE
    _printf_int_dec                          0x00000000   Number         0  printfstubs.o ABSOLUTE
    _printf_l                                0x00000000   Number         0  printfstubs.o ABSOLUTE
    _printf_lc                               0x00000000   Number         0  printfstubs.o ABSOLUTE
    _printf_ll                               0x00000000   Number         0  printfstubs.o ABSOLUTE
    _printf_lld                              0x00000000   Number         0  printfstubs.o ABSOLUTE
    _printf_lli                              0x00000000   Number         0  printfstubs.o ABSOLUTE
    _printf_llo                              0x00000000   Number         0  printfstubs.o ABSOLUTE
    _printf_llu                              0x00000000   Number         0  printfstubs.o ABSOLUTE
    _printf_llx                              0x00000000   Number         0  printfstubs.o ABSOLUTE
    _printf_longlong_dec                     0x00000000   Number         0  printfstubs.o ABSOLUTE
    _printf_longlong_hex                     0x00000000   Number         0  printfstubs.o ABSOLUTE
    _printf_longlong_oct                     0x00000000   Number         0  printfstubs.o ABSOLUTE
    _printf_ls                               0x00000000   Number         0  printfstubs.o ABSOLUTE
    _printf_mbtowc                           0x00000000   Number         0  printfstubs.o ABSOLUTE
    _printf_n                                0x00000000   Number         0  printfstubs.o ABSOLUTE
    _printf_o                                0x00000000   Number         0  printfstubs.o ABSOLUTE
    _printf_p                                0x00000000   Number         0  printfstubs.o ABSOLUTE
    _printf_percent                          0x00000000   Number         0  printfstubs.o ABSOLUTE
    _printf_pre_padding                      0x00000000   Number         0  printfstubs.o ABSOLUTE
    _printf_return_value                     0x00000000   Number         0  printfstubs.o ABSOLUTE
    _printf_s                                0x00000000   Number         0  printfstubs.o ABSOLUTE
    _printf_sizespec                         0x00000000   Number         0  printfstubs.o ABSOLUTE
    _printf_str                              0x00000000   Number         0  printfstubs.o ABSOLUTE
    _printf_truncate_signed                  0x00000000   Number         0  printfstubs.o ABSOLUTE
    _printf_truncate_unsigned                0x00000000   Number         0  printfstubs.o ABSOLUTE
    _printf_u                                0x00000000   Number         0  printfstubs.o ABSOLUTE
    _printf_wc                               0x00000000   Number         0  printfstubs.o ABSOLUTE
    _printf_wctomb                           0x00000000   Number         0  printfstubs.o ABSOLUTE
    _printf_widthprec                        0x00000000   Number         0  printfstubs.o ABSOLUTE
    _printf_x                                0x00000000   Number         0  printfstubs.o ABSOLUTE
    __cpp_initialize__aeabi_                  - Undefined Weak Reference
    __cxa_finalize                            - Undefined Weak Reference
    __decompress                              - Undefined Weak Reference
    _clock_init                               - Undefined Weak Reference
    _microlib_exit                            - Undefined Weak Reference
    __Vectors_Size                           0x000001d8   Number         0  startup_stm32g474xx.o ABSOLUTE
    __Vectors                                0x08000000   Data           4  startup_stm32g474xx.o(RESET)
    __Vectors_End                            0x080001d8   Data           0  startup_stm32g474xx.o(RESET)
    __main                                   0x080001d9   Thumb Code     0  entry.o(.ARM.Collect$$$$00000000)
    _main_stk                                0x080001d9   Thumb Code     0  entry2.o(.ARM.Collect$$$$00000001)
    _main_scatterload                        0x080001dd   Thumb Code     0  entry5.o(.ARM.Collect$$$$00000004)
    __main_after_scatterload                 0x080001e1   Thumb Code     0  entry5.o(.ARM.Collect$$$$00000004)
    _main_clock                              0x080001e1   Thumb Code     0  entry7b.o(.ARM.Collect$$$$00000008)
    _main_cpp_init                           0x080001e1   Thumb Code     0  entry8b.o(.ARM.Collect$$$$0000000A)
    _main_init                               0x080001e1   Thumb Code     0  entry9a.o(.ARM.Collect$$$$0000000B)
    __rt_final_cpp                           0x080001e9   Thumb Code     0  entry10a.o(.ARM.Collect$$$$0000000D)
    __rt_final_exit                          0x080001e9   Thumb Code     0  entry11a.o(.ARM.Collect$$$$0000000F)
    Reset_Handler                            0x080001ed   Thumb Code     8  startup_stm32g474xx.o(.text)
    ADC1_2_IRQHandler                        0x08000207   Thumb Code     0  startup_stm32g474xx.o(.text)
    ADC3_IRQHandler                          0x08000207   Thumb Code     0  startup_stm32g474xx.o(.text)
    ADC4_IRQHandler                          0x08000207   Thumb Code     0  startup_stm32g474xx.o(.text)
    ADC5_IRQHandler                          0x08000207   Thumb Code     0  startup_stm32g474xx.o(.text)
    COMP1_2_3_IRQHandler                     0x08000207   Thumb Code     0  startup_stm32g474xx.o(.text)
    COMP4_5_6_IRQHandler                     0x08000207   Thumb Code     0  startup_stm32g474xx.o(.text)
    COMP7_IRQHandler                         0x08000207   Thumb Code     0  startup_stm32g474xx.o(.text)
    CORDIC_IRQHandler                        0x08000207   Thumb Code     0  startup_stm32g474xx.o(.text)
    CRS_IRQHandler                           0x08000207   Thumb Code     0  startup_stm32g474xx.o(.text)
    DMA1_Channel1_IRQHandler                 0x08000207   Thumb Code     0  startup_stm32g474xx.o(.text)
    DMA1_Channel2_IRQHandler                 0x08000207   Thumb Code     0  startup_stm32g474xx.o(.text)
    DMA1_Channel3_IRQHandler                 0x08000207   Thumb Code     0  startup_stm32g474xx.o(.text)
    DMA1_Channel4_IRQHandler                 0x08000207   Thumb Code     0  startup_stm32g474xx.o(.text)
    DMA1_Channel5_IRQHandler                 0x08000207   Thumb Code     0  startup_stm32g474xx.o(.text)
    DMA1_Channel6_IRQHandler                 0x08000207   Thumb Code     0  startup_stm32g474xx.o(.text)
    DMA1_Channel7_IRQHandler                 0x08000207   Thumb Code     0  startup_stm32g474xx.o(.text)
    DMA1_Channel8_IRQHandler                 0x08000207   Thumb Code     0  startup_stm32g474xx.o(.text)
    DMA2_Channel1_IRQHandler                 0x08000207   Thumb Code     0  startup_stm32g474xx.o(.text)
    DMA2_Channel2_IRQHandler                 0x08000207   Thumb Code     0  startup_stm32g474xx.o(.text)
    DMA2_Channel3_IRQHandler                 0x08000207   Thumb Code     0  startup_stm32g474xx.o(.text)
    DMA2_Channel4_IRQHandler                 0x08000207   Thumb Code     0  startup_stm32g474xx.o(.text)
    DMA2_Channel5_IRQHandler                 0x08000207   Thumb Code     0  startup_stm32g474xx.o(.text)
    DMA2_Channel6_IRQHandler                 0x08000207   Thumb Code     0  startup_stm32g474xx.o(.text)
    DMA2_Channel7_IRQHandler                 0x08000207   Thumb Code     0  startup_stm32g474xx.o(.text)
    DMA2_Channel8_IRQHandler                 0x08000207   Thumb Code     0  startup_stm32g474xx.o(.text)
    DMAMUX_OVR_IRQHandler                    0x08000207   Thumb Code     0  startup_stm32g474xx.o(.text)
    EXTI0_IRQHandler                         0x08000207   Thumb Code     0  startup_stm32g474xx.o(.text)
    EXTI15_10_IRQHandler                     0x08000207   Thumb Code     0  startup_stm32g474xx.o(.text)
    EXTI1_IRQHandler                         0x08000207   Thumb Code     0  startup_stm32g474xx.o(.text)
    EXTI2_IRQHandler                         0x08000207   Thumb Code     0  startup_stm32g474xx.o(.text)
    EXTI3_IRQHandler                         0x08000207   Thumb Code     0  startup_stm32g474xx.o(.text)
    EXTI4_IRQHandler                         0x08000207   Thumb Code     0  startup_stm32g474xx.o(.text)
    EXTI9_5_IRQHandler                       0x08000207   Thumb Code     0  startup_stm32g474xx.o(.text)
    FDCAN3_IT0_IRQHandler                    0x08000207   Thumb Code     0  startup_stm32g474xx.o(.text)
    FDCAN3_IT1_IRQHandler                    0x08000207   Thumb Code     0  startup_stm32g474xx.o(.text)
    FLASH_IRQHandler                         0x08000207   Thumb Code     0  startup_stm32g474xx.o(.text)
    FMAC_IRQHandler                          0x08000207   Thumb Code     0  startup_stm32g474xx.o(.text)
    FMC_IRQHandler                           0x08000207   Thumb Code     0  startup_stm32g474xx.o(.text)
    FPU_IRQHandler                           0x08000207   Thumb Code     0  startup_stm32g474xx.o(.text)
    HRTIM1_FLT_IRQHandler                    0x08000207   Thumb Code     0  startup_stm32g474xx.o(.text)
    HRTIM1_Master_IRQHandler                 0x08000207   Thumb Code     0  startup_stm32g474xx.o(.text)
    HRTIM1_TIMA_IRQHandler                   0x08000207   Thumb Code     0  startup_stm32g474xx.o(.text)
    HRTIM1_TIMB_IRQHandler                   0x08000207   Thumb Code     0  startup_stm32g474xx.o(.text)
    HRTIM1_TIMC_IRQHandler                   0x08000207   Thumb Code     0  startup_stm32g474xx.o(.text)
    HRTIM1_TIMD_IRQHandler                   0x08000207   Thumb Code     0  startup_stm32g474xx.o(.text)
    HRTIM1_TIME_IRQHandler                   0x08000207   Thumb Code     0  startup_stm32g474xx.o(.text)
    HRTIM1_TIMF_IRQHandler                   0x08000207   Thumb Code     0  startup_stm32g474xx.o(.text)
    I2C1_ER_IRQHandler                       0x08000207   Thumb Code     0  startup_stm32g474xx.o(.text)
    I2C1_EV_IRQHandler                       0x08000207   Thumb Code     0  startup_stm32g474xx.o(.text)
    I2C2_ER_IRQHandler                       0x08000207   Thumb Code     0  startup_stm32g474xx.o(.text)
    I2C2_EV_IRQHandler                       0x08000207   Thumb Code     0  startup_stm32g474xx.o(.text)
    I2C3_ER_IRQHandler                       0x08000207   Thumb Code     0  startup_stm32g474xx.o(.text)
    I2C3_EV_IRQHandler                       0x08000207   Thumb Code     0  startup_stm32g474xx.o(.text)
    I2C4_ER_IRQHandler                       0x08000207   Thumb Code     0  startup_stm32g474xx.o(.text)
    I2C4_EV_IRQHandler                       0x08000207   Thumb Code     0  startup_stm32g474xx.o(.text)
    LPTIM1_IRQHandler                        0x08000207   Thumb Code     0  startup_stm32g474xx.o(.text)
    LPUART1_IRQHandler                       0x08000207   Thumb Code     0  startup_stm32g474xx.o(.text)
    PVD_PVM_IRQHandler                       0x08000207   Thumb Code     0  startup_stm32g474xx.o(.text)
    QUADSPI_IRQHandler                       0x08000207   Thumb Code     0  startup_stm32g474xx.o(.text)
    RCC_IRQHandler                           0x08000207   Thumb Code     0  startup_stm32g474xx.o(.text)
    RNG_IRQHandler                           0x08000207   Thumb Code     0  startup_stm32g474xx.o(.text)
    RTC_Alarm_IRQHandler                     0x08000207   Thumb Code     0  startup_stm32g474xx.o(.text)
    RTC_TAMP_LSECSS_IRQHandler               0x08000207   Thumb Code     0  startup_stm32g474xx.o(.text)
    RTC_WKUP_IRQHandler                      0x08000207   Thumb Code     0  startup_stm32g474xx.o(.text)
    SAI1_IRQHandler                          0x08000207   Thumb Code     0  startup_stm32g474xx.o(.text)
    SPI1_IRQHandler                          0x08000207   Thumb Code     0  startup_stm32g474xx.o(.text)
    SPI2_IRQHandler                          0x08000207   Thumb Code     0  startup_stm32g474xx.o(.text)
    SPI3_IRQHandler                          0x08000207   Thumb Code     0  startup_stm32g474xx.o(.text)
    SPI4_IRQHandler                          0x08000207   Thumb Code     0  startup_stm32g474xx.o(.text)
    TIM1_BRK_TIM15_IRQHandler                0x08000207   Thumb Code     0  startup_stm32g474xx.o(.text)
    TIM1_CC_IRQHandler                       0x08000207   Thumb Code     0  startup_stm32g474xx.o(.text)
    TIM1_TRG_COM_TIM17_IRQHandler            0x08000207   Thumb Code     0  startup_stm32g474xx.o(.text)
    TIM1_UP_TIM16_IRQHandler                 0x08000207   Thumb Code     0  startup_stm32g474xx.o(.text)
    TIM20_BRK_IRQHandler                     0x08000207   Thumb Code     0  startup_stm32g474xx.o(.text)
    TIM20_CC_IRQHandler                      0x08000207   Thumb Code     0  startup_stm32g474xx.o(.text)
    TIM20_TRG_COM_IRQHandler                 0x08000207   Thumb Code     0  startup_stm32g474xx.o(.text)
    TIM20_UP_IRQHandler                      0x08000207   Thumb Code     0  startup_stm32g474xx.o(.text)
    TIM2_IRQHandler                          0x08000207   Thumb Code     0  startup_stm32g474xx.o(.text)
    TIM3_IRQHandler                          0x08000207   Thumb Code     0  startup_stm32g474xx.o(.text)
    TIM5_IRQHandler                          0x08000207   Thumb Code     0  startup_stm32g474xx.o(.text)
    TIM6_DAC_IRQHandler                      0x08000207   Thumb Code     0  startup_stm32g474xx.o(.text)
    TIM7_DAC_IRQHandler                      0x08000207   Thumb Code     0  startup_stm32g474xx.o(.text)
    TIM8_BRK_IRQHandler                      0x08000207   Thumb Code     0  startup_stm32g474xx.o(.text)
    TIM8_CC_IRQHandler                       0x08000207   Thumb Code     0  startup_stm32g474xx.o(.text)
    TIM8_TRG_COM_IRQHandler                  0x08000207   Thumb Code     0  startup_stm32g474xx.o(.text)
    TIM8_UP_IRQHandler                       0x08000207   Thumb Code     0  startup_stm32g474xx.o(.text)
    UART4_IRQHandler                         0x08000207   Thumb Code     0  startup_stm32g474xx.o(.text)
    UART5_IRQHandler                         0x08000207   Thumb Code     0  startup_stm32g474xx.o(.text)
    UCPD1_IRQHandler                         0x08000207   Thumb Code     0  startup_stm32g474xx.o(.text)
    USART2_IRQHandler                        0x08000207   Thumb Code     0  startup_stm32g474xx.o(.text)
    USART3_IRQHandler                        0x08000207   Thumb Code     0  startup_stm32g474xx.o(.text)
    USBWakeUp_IRQHandler                     0x08000207   Thumb Code     0  startup_stm32g474xx.o(.text)
    USB_HP_IRQHandler                        0x08000207   Thumb Code     0  startup_stm32g474xx.o(.text)
    USB_LP_IRQHandler                        0x08000207   Thumb Code     0  startup_stm32g474xx.o(.text)
    WWDG_IRQHandler                          0x08000207   Thumb Code     0  startup_stm32g474xx.o(.text)
    __aeabi_uldivmod                         0x08000211   Thumb Code    98  uldiv.o(.text)
    __aeabi_memcpy                           0x08000273   Thumb Code    36  memcpya.o(.text)
    __aeabi_memcpy4                          0x08000273   Thumb Code     0  memcpya.o(.text)
    __aeabi_memcpy8                          0x08000273   Thumb Code     0  memcpya.o(.text)
    __aeabi_memset                           0x08000297   Thumb Code    14  memseta.o(.text)
    __aeabi_memset4                          0x08000297   Thumb Code     0  memseta.o(.text)
    __aeabi_memset8                          0x08000297   Thumb Code     0  memseta.o(.text)
    __aeabi_memclr                           0x080002a5   Thumb Code     4  memseta.o(.text)
    __aeabi_memclr4                          0x080002a5   Thumb Code     0  memseta.o(.text)
    __aeabi_memclr8                          0x080002a5   Thumb Code     0  memseta.o(.text)
    _memset$wrapper                          0x080002a9   Thumb Code    18  memseta.o(.text)
    __aeabi_f2d                              0x080002bb   Thumb Code    38  f2d.o(.text)
    __aeabi_uidiv                            0x080002e1   Thumb Code     0  uidiv.o(.text)
    __aeabi_uidivmod                         0x080002e1   Thumb Code    44  uidiv.o(.text)
    __aeabi_llsl                             0x0800030d   Thumb Code    30  llshl.o(.text)
    _ll_shift_l                              0x0800030d   Thumb Code     0  llshl.o(.text)
    __aeabi_llsr                             0x0800032b   Thumb Code    32  llushr.o(.text)
    _ll_ushift_r                             0x0800032b   Thumb Code     0  llushr.o(.text)
    __I$use$fp                               0x0800034b   Thumb Code     0  iusefp.o(.text)
    __aeabi_dadd                             0x0800034b   Thumb Code   322  dadd.o(.text)
    __aeabi_dsub                             0x0800048d   Thumb Code     6  dadd.o(.text)
    __aeabi_drsub                            0x08000493   Thumb Code     6  dadd.o(.text)
    __aeabi_dmul                             0x08000499   Thumb Code   228  dmul.o(.text)
    __aeabi_ddiv                             0x0800057d   Thumb Code   222  ddiv.o(.text)
    __aeabi_d2ulz                            0x0800065b   Thumb Code    48  dfixul.o(.text)
    __aeabi_cdrcmple                         0x0800068d   Thumb Code    48  cdrcmple.o(.text)
    __scatterload                            0x080006bd   Thumb Code    28  init.o(.text)
    __scatterload_rt2                        0x080006bd   Thumb Code     0  init.o(.text)
    __aeabi_lasr                             0x080006e1   Thumb Code    36  llsshr.o(.text)
    _ll_sshift_r                             0x080006e1   Thumb Code     0  llsshr.o(.text)
    _double_round                            0x08000705   Thumb Code    30  depilogue.o(.text)
    _double_epilogue                         0x08000723   Thumb Code   156  depilogue.o(.text)
    BusFault_Handler                         0x080007c1   Thumb Code     2  stm32g4xx_it.o(.text.BusFault_Handler)
    DebugMon_Handler                         0x080007c5   Thumb Code     2  stm32g4xx_it.o(.text.DebugMon_Handler)
    Error_Handler                            0x080007c9   Thumb Code    10  main.o(.text.Error_Handler)
    FDCAN1_IT0_IRQHandler                    0x080007d5   Thumb Code    12  stm32g4xx_it.o(.text.FDCAN1_IT0_IRQHandler)
    FDCAN1_IT1_IRQHandler                    0x080007e1   Thumb Code    12  stm32g4xx_it.o(.text.FDCAN1_IT1_IRQHandler)
    FDCAN2_IT0_IRQHandler                    0x080007ed   Thumb Code    12  stm32g4xx_it.o(.text.FDCAN2_IT0_IRQHandler)
    FDCAN2_IT1_IRQHandler                    0x080007f9   Thumb Code    12  stm32g4xx_it.o(.text.FDCAN2_IT1_IRQHandler)
    HAL_DMA_Abort                            0x08000805   Thumb Code   112  stm32g4xx_hal_dma.o(.text.HAL_DMA_Abort)
    HAL_DMA_Abort_IT                         0x08000875   Thumb Code   124  stm32g4xx_hal_dma.o(.text.HAL_DMA_Abort_IT)
    HAL_FDCAN_ActivateNotification           0x080008f1   Thumb Code   268  stm32g4xx_hal_fdcan.o(.text.HAL_FDCAN_ActivateNotification)
    HAL_FDCAN_AddMessageToTxFifoQ            0x080009fd   Thumb Code   192  stm32g4xx_hal_fdcan.o(.text.HAL_FDCAN_AddMessageToTxFifoQ)
    HAL_FDCAN_ConfigFilter                   0x08000abd   Thumb Code    96  stm32g4xx_hal_fdcan.o(.text.HAL_FDCAN_ConfigFilter)
    HAL_FDCAN_ConfigGlobalFilter             0x08000b1d   Thumb Code    64  stm32g4xx_hal_fdcan.o(.text.HAL_FDCAN_ConfigGlobalFilter)
    HAL_FDCAN_ErrorCallback                  0x08000b5d   Thumb Code     2  stm32g4xx_hal_fdcan.o(.text.HAL_FDCAN_ErrorCallback)
    HAL_FDCAN_ErrorStatusCallback            0x08000b61   Thumb Code     2  stm32g4xx_hal_fdcan.o(.text.HAL_FDCAN_ErrorStatusCallback)
    HAL_FDCAN_GetRxFifoFillLevel             0x08000b65   Thumb Code    18  stm32g4xx_hal_fdcan.o(.text.HAL_FDCAN_GetRxFifoFillLevel)
    HAL_FDCAN_GetRxMessage                   0x08000b79   Thumb Code   358  stm32g4xx_hal_fdcan.o(.text.HAL_FDCAN_GetRxMessage)
    HAL_FDCAN_HighPriorityMessageCallback    0x08000ce1   Thumb Code     2  stm32g4xx_hal_fdcan.o(.text.HAL_FDCAN_HighPriorityMessageCallback)
    HAL_FDCAN_IRQHandler                     0x08000ce5   Thumb Code   378  stm32g4xx_hal_fdcan.o(.text.HAL_FDCAN_IRQHandler)
    HAL_FDCAN_Init                           0x08000e61   Thumb Code   596  stm32g4xx_hal_fdcan.o(.text.HAL_FDCAN_Init)
    HAL_FDCAN_MspInit                        0x080010b5   Thumb Code   316  fdcan.o(.text.HAL_FDCAN_MspInit)
    HAL_FDCAN_RxFifo0Callback                0x080011f1   Thumb Code     2  main.o(.text.HAL_FDCAN_RxFifo0Callback)
    HAL_FDCAN_RxFifo1Callback                0x080011f5   Thumb Code     2  stm32g4xx_hal_fdcan.o(.text.HAL_FDCAN_RxFifo1Callback)
    HAL_FDCAN_Start                          0x080011f9   Thumb Code    44  stm32g4xx_hal_fdcan.o(.text.HAL_FDCAN_Start)
    HAL_FDCAN_TimeoutOccurredCallback        0x08001225   Thumb Code     2  stm32g4xx_hal_fdcan.o(.text.HAL_FDCAN_TimeoutOccurredCallback)
    HAL_FDCAN_TimestampWraparoundCallback    0x08001229   Thumb Code     2  stm32g4xx_hal_fdcan.o(.text.HAL_FDCAN_TimestampWraparoundCallback)
    HAL_FDCAN_TxBufferAbortCallback          0x0800122d   Thumb Code     2  stm32g4xx_hal_fdcan.o(.text.HAL_FDCAN_TxBufferAbortCallback)
    HAL_FDCAN_TxBufferCompleteCallback       0x08001231   Thumb Code     2  stm32g4xx_hal_fdcan.o(.text.HAL_FDCAN_TxBufferCompleteCallback)
    HAL_FDCAN_TxEventFifoCallback            0x08001235   Thumb Code     2  stm32g4xx_hal_fdcan.o(.text.HAL_FDCAN_TxEventFifoCallback)
    HAL_FDCAN_TxFifoEmptyCallback            0x08001239   Thumb Code     2  stm32g4xx_hal_fdcan.o(.text.HAL_FDCAN_TxFifoEmptyCallback)
    HAL_GPIO_Init                            0x0800123d   Thumb Code   426  stm32g4xx_hal_gpio.o(.text.HAL_GPIO_Init)
    HAL_GetTick                              0x080013e9   Thumb Code    12  stm32g4xx_hal.o(.text.HAL_GetTick)
    HAL_IncTick                              0x080013f5   Thumb Code    26  stm32g4xx_hal.o(.text.HAL_IncTick)
    HAL_Init                                 0x08001411   Thumb Code    30  stm32g4xx_hal.o(.text.HAL_Init)
    HAL_InitTick                             0x08001431   Thumb Code   176  stm32g4xx_hal_timebase_tim.o(.text.HAL_InitTick)
    HAL_MspInit                              0x080014e1   Thumb Code    70  stm32g4xx_hal_msp.o(.text.HAL_MspInit)
    HAL_NVIC_EnableIRQ                       0x08001529   Thumb Code    38  stm32g4xx_hal_cortex.o(.text.HAL_NVIC_EnableIRQ)
    HAL_NVIC_SetPriority                     0x08001551   Thumb Code    86  stm32g4xx_hal_cortex.o(.text.HAL_NVIC_SetPriority)
    HAL_NVIC_SetPriorityGrouping             0x080015a9   Thumb Code    32  stm32g4xx_hal_cortex.o(.text.HAL_NVIC_SetPriorityGrouping)
    HAL_PWREx_ControlVoltageScaling          0x080015c9   Thumb Code   294  stm32g4xx_hal_pwr_ex.o(.text.HAL_PWREx_ControlVoltageScaling)
    HAL_PWREx_DisableUCPDDeadBattery         0x080016f1   Thumb Code    18  stm32g4xx_hal_pwr_ex.o(.text.HAL_PWREx_DisableUCPDDeadBattery)
    HAL_RCCEx_PeriphCLKConfig                0x08001705   Thumb Code   726  stm32g4xx_hal_rcc_ex.o(.text.HAL_RCCEx_PeriphCLKConfig)
    HAL_RCC_ClockConfig                      0x080019dd   Thumb Code   788  stm32g4xx_hal_rcc.o(.text.HAL_RCC_ClockConfig)
    HAL_RCC_GetClockConfig                   0x08001cf1   Thumb Code    66  stm32g4xx_hal_rcc.o(.text.HAL_RCC_GetClockConfig)
    HAL_RCC_GetPCLK1Freq                     0x08001d35   Thumb Code    42  stm32g4xx_hal_rcc.o(.text.HAL_RCC_GetPCLK1Freq)
    HAL_RCC_GetPCLK2Freq                     0x08001d61   Thumb Code    42  stm32g4xx_hal_rcc.o(.text.HAL_RCC_GetPCLK2Freq)
    HAL_RCC_GetSysClockFreq                  0x08001d8d   Thumb Code   126  stm32g4xx_hal_rcc.o(.text.HAL_RCC_GetSysClockFreq)
    HAL_RCC_OscConfig                        0x08001e0d   Thumb Code  1194  stm32g4xx_hal_rcc.o(.text.HAL_RCC_OscConfig)
    HAL_TIMEx_Break2Callback                 0x080022b9   Thumb Code     2  stm32g4xx_hal_tim_ex.o(.text.HAL_TIMEx_Break2Callback)
    HAL_TIMEx_BreakCallback                  0x080022bd   Thumb Code     2  stm32g4xx_hal_tim_ex.o(.text.HAL_TIMEx_BreakCallback)
    HAL_TIMEx_CommutCallback                 0x080022c1   Thumb Code     2  stm32g4xx_hal_tim_ex.o(.text.HAL_TIMEx_CommutCallback)
    HAL_TIMEx_DirectionChangeCallback        0x080022c5   Thumb Code     2  stm32g4xx_hal_tim_ex.o(.text.HAL_TIMEx_DirectionChangeCallback)
    HAL_TIMEx_EncoderIndexCallback           0x080022c9   Thumb Code     2  stm32g4xx_hal_tim_ex.o(.text.HAL_TIMEx_EncoderIndexCallback)
    HAL_TIMEx_IndexErrorCallback             0x080022cd   Thumb Code     2  stm32g4xx_hal_tim_ex.o(.text.HAL_TIMEx_IndexErrorCallback)
    HAL_TIMEx_TransitionErrorCallback        0x080022d1   Thumb Code     2  stm32g4xx_hal_tim_ex.o(.text.HAL_TIMEx_TransitionErrorCallback)
    HAL_TIM_Base_Init                        0x080022d5   Thumb Code    98  stm32g4xx_hal_tim.o(.text.HAL_TIM_Base_Init)
    HAL_TIM_Base_MspInit                     0x08002339   Thumb Code     2  stm32g4xx_hal_tim.o(.text.HAL_TIM_Base_MspInit)
    HAL_TIM_Base_Start_IT                    0x0800233d   Thumb Code   186  stm32g4xx_hal_tim.o(.text.HAL_TIM_Base_Start_IT)
    HAL_TIM_IC_CaptureCallback               0x080023f9   Thumb Code     2  stm32g4xx_hal_tim.o(.text.HAL_TIM_IC_CaptureCallback)
    HAL_TIM_IRQHandler                       0x080023fd   Thumb Code   460  stm32g4xx_hal_tim.o(.text.HAL_TIM_IRQHandler)
    HAL_TIM_OC_DelayElapsedCallback          0x080025c9   Thumb Code     2  stm32g4xx_hal_tim.o(.text.HAL_TIM_OC_DelayElapsedCallback)
    HAL_TIM_PWM_PulseFinishedCallback        0x080025cd   Thumb Code     2  stm32g4xx_hal_tim.o(.text.HAL_TIM_PWM_PulseFinishedCallback)
    HAL_TIM_PeriodElapsedCallback            0x080025d1   Thumb Code    20  main.o(.text.HAL_TIM_PeriodElapsedCallback)
    HAL_TIM_TriggerCallback                  0x080025e5   Thumb Code     2  stm32g4xx_hal_tim.o(.text.HAL_TIM_TriggerCallback)
    HAL_UARTEx_DisableFifoMode               0x080025e9   Thumb Code    54  stm32g4xx_hal_uart_ex.o(.text.HAL_UARTEx_DisableFifoMode)
    HAL_UARTEx_RxEventCallback               0x08002621   Thumb Code     2  stm32g4xx_hal_uart.o(.text.HAL_UARTEx_RxEventCallback)
    HAL_UARTEx_RxFifoFullCallback            0x08002625   Thumb Code     2  stm32g4xx_hal_uart_ex.o(.text.HAL_UARTEx_RxFifoFullCallback)
    HAL_UARTEx_SetRxFifoThreshold            0x08002629   Thumb Code   140  stm32g4xx_hal_uart_ex.o(.text.HAL_UARTEx_SetRxFifoThreshold)
    HAL_UARTEx_SetTxFifoThreshold            0x080026b5   Thumb Code   140  stm32g4xx_hal_uart_ex.o(.text.HAL_UARTEx_SetTxFifoThreshold)
    HAL_UARTEx_TxFifoEmptyCallback           0x08002741   Thumb Code     2  stm32g4xx_hal_uart_ex.o(.text.HAL_UARTEx_TxFifoEmptyCallback)
    HAL_UARTEx_WakeupCallback                0x08002745   Thumb Code     2  stm32g4xx_hal_uart_ex.o(.text.HAL_UARTEx_WakeupCallback)
    HAL_UART_ErrorCallback                   0x08002749   Thumb Code     2  stm32g4xx_hal_uart.o(.text.HAL_UART_ErrorCallback)
    HAL_UART_IRQHandler                      0x0800274d   Thumb Code  1624  stm32g4xx_hal_uart.o(.text.HAL_UART_IRQHandler)
    HAL_UART_Init                            0x08002da5   Thumb Code   100  stm32g4xx_hal_uart.o(.text.HAL_UART_Init)
    HAL_UART_MspInit                         0x08002e09   Thumb Code   152  usart.o(.text.HAL_UART_MspInit)
    HAL_UART_Transmit                        0x08002ea1   Thumb Code   404  stm32g4xx_hal_uart.o(.text.HAL_UART_Transmit)
    HAL_UART_TxCpltCallback                  0x08003035   Thumb Code     2  stm32g4xx_hal_uart.o(.text.HAL_UART_TxCpltCallback)
    HardFault_Handler                        0x08003039   Thumb Code     2  stm32g4xx_it.o(.text.HardFault_Handler)
    MX_FDCAN1_Init                           0x0800303d   Thumb Code    86  fdcan.o(.text.MX_FDCAN1_Init)
    MX_FDCAN2_Init                           0x08003095   Thumb Code    86  fdcan.o(.text.MX_FDCAN2_Init)
    MX_FREERTOS_Init                         0x080030ed   Thumb Code    60  app_freertos.o(.text.MX_FREERTOS_Init)
    MX_GPIO_Init                             0x08003129   Thumb Code    86  gpio.o(.text.MX_GPIO_Init)
    MX_USART1_UART_Init                      0x08003181   Thumb Code   130  usart.o(.text.MX_USART1_UART_Init)
    MemManage_Handler                        0x08003205   Thumb Code     2  stm32g4xx_it.o(.text.MemManage_Handler)
    Motor_InitZeroing                        0x08003209   Thumb Code   152  motor_logic.o(.text.Motor_InitZeroing)
    Motor_IsMoving                           0x080032f5   Thumb Code    12  motor_logic.o(.text.Motor_IsMoving)
    Motor_MoveTo                             0x08003301   Thumb Code   292  motor_logic.o(.text.Motor_MoveTo)
    Motor_UpdateLoop                         0x0800344d   Thumb Code   320  motor_logic.o(.text.Motor_UpdateLoop)
    NMI_Handler                              0x080035b1   Thumb Code     2  stm32g4xx_it.o(.text.NMI_Handler)
    PendSV_Handler                           0x080035c1   Thumb Code   100  port.o(.text.PendSV_Handler)
    SVC_Handler                              0x08003631   Thumb Code    36  port.o(.text.SVC_Handler)
    StartDefaultTask                         0x08003655   Thumb Code    72  app_freertos.o(.text.StartDefaultTask)
    StartTask02                              0x0800369d   Thumb Code    24  app_freertos.o(.text.StartTask02)
    SysTick_Handler                          0x080036b5   Thumb Code    30  cmsis_os2.o(.text.SysTick_Handler)
    SystemInit                               0x080036d5   Thumb Code    18  system_stm32g4xx.o(.text.SystemInit)
    TIM4_IRQHandler                          0x080036e9   Thumb Code    12  stm32g4xx_it.o(.text.TIM4_IRQHandler)
    TIM_Base_SetConfig                       0x080036f5   Thumb Code   332  stm32g4xx_hal_tim.o(.text.TIM_Base_SetConfig)
    UART_AdvFeatureConfig                    0x08003841   Thumb Code   232  stm32g4xx_hal_uart.o(.text.UART_AdvFeatureConfig)
    UART_CheckIdleState                      0x08003929   Thumb Code   366  stm32g4xx_hal_uart.o(.text.UART_CheckIdleState)
    UART_SetConfig                           0x08003aa5   Thumb Code   688  stm32g4xx_hal_uart.o(.text.UART_SetConfig)
    UART_WaitOnFlagUntilTimeout              0x08003d65   Thumb Code   822  stm32g4xx_hal_uart.o(.text.UART_WaitOnFlagUntilTimeout)
    USART1_IRQHandler                        0x0800409d   Thumb Code    12  stm32g4xx_it.o(.text.USART1_IRQHandler)
    UsageFault_Handler                       0x080040a9   Thumb Code     2  stm32g4xx_it.o(.text.UsageFault_Handler)
    fputc                                    0x080040ad   Thumb Code    32  main.o(.text.fputc)
    main                                     0x080040cd   Thumb Code   300  main.o(.text.main)
    motor_control                            0x08004211   Thumb Code   244  can_control.o(.text.motor_control)
    osDelay                                  0x08004319   Thumb Code    32  cmsis_os2.o(.text.osDelay)
    osDelayUntil                             0x08004339   Thumb Code    54  cmsis_os2.o(.text.osDelayUntil)
    osKernelGetTickCount                     0x08004371   Thumb Code    16  cmsis_os2.o(.text.osKernelGetTickCount)
    osKernelInitialize                       0x08004381   Thumb Code    40  cmsis_os2.o(.text.osKernelInitialize)
    osKernelStart                            0x080043a9   Thumb Code    60  cmsis_os2.o(.text.osKernelStart)
    osThreadNew                              0x080043e5   Thumb Code   174  cmsis_os2.o(.text.osThreadNew)
    pvPortMalloc                             0x08004d3d   Thumb Code   522  heap_4.o(.text.pvPortMalloc)
    pxPortInitialiseStack                    0x08004f49   Thumb Code    40  port.o(.text.pxPortInitialiseStack)
    sendCANControlMotor                      0x08004f71   Thumb Code   388  can_control.o(.text.sendCANControlMotor)
    uxListRemove                             0x080050f5   Thumb Code    36  list.o(.text.uxListRemove)
    vApplicationGetIdleTaskMemory            0x08005119   Thumb Code    26  cmsis_os2.o(.text.vApplicationGetIdleTaskMemory)
    vApplicationGetTimerTaskMemory           0x08005135   Thumb Code    28  cmsis_os2.o(.text.vApplicationGetTimerTaskMemory)
    vListInitialise                          0x08005151   Thumb Code    22  list.o(.text.vListInitialise)
    vListInitialiseItem                      0x08005169   Thumb Code     6  list.o(.text.vListInitialiseItem)
    vListInsert                              0x08005171   Thumb Code    98  list.o(.text.vListInsert)
    vListInsertEnd                           0x080051d5   Thumb Code    28  list.o(.text.vListInsertEnd)
    vPortEnterCritical                       0x08005205   Thumb Code    70  port.o(.text.vPortEnterCritical)
    vPortExitCritical                        0x0800524d   Thumb Code    46  port.o(.text.vPortExitCritical)
    vPortFree                                0x0800527d   Thumb Code   212  heap_4.o(.text.vPortFree)
    vPortSetupTimerInterrupt                 0x08005351   Thumb Code    52  port.o(.text.vPortSetupTimerInterrupt)
    vPortValidateInterruptPriority           0x08005385   Thumb Code    94  port.o(.text.vPortValidateInterruptPriority)
    vQueueAddToRegistry                      0x080053e5   Thumb Code   176  queue.o(.text.vQueueAddToRegistry)
    vQueueWaitForMessageRestricted           0x08005495   Thumb Code    82  queue.o(.text.vQueueWaitForMessageRestricted)
    vTaskDelay                               0x080054e9   Thumb Code   136  tasks.o(.text.vTaskDelay)
    vTaskDelayUntil                          0x08005571   Thumb Code   212  tasks.o(.text.vTaskDelayUntil)
    vTaskInternalSetTimeOutState             0x08005645   Thumb Code    18  tasks.o(.text.vTaskInternalSetTimeOutState)
    vTaskMissedYield                         0x08005659   Thumb Code    14  tasks.o(.text.vTaskMissedYield)
    vTaskPlaceOnEventList                    0x08005669   Thumb Code   124  tasks.o(.text.vTaskPlaceOnEventList)
    vTaskPlaceOnEventListRestricted          0x080056e5   Thumb Code   130  tasks.o(.text.vTaskPlaceOnEventListRestricted)
    vTaskStartScheduler                      0x08005769   Thumb Code   232  tasks.o(.text.vTaskStartScheduler)
    vTaskSuspendAll                          0x08005859   Thumb Code    16  tasks.o(.text.vTaskSuspendAll)
    vTaskSwitchContext                       0x08005869   Thumb Code   188  tasks.o(.text.vTaskSwitchContext)
    xPortStartScheduler                      0x08005925   Thumb Code   388  port.o(.text.xPortStartScheduler)
    xPortSysTickHandler                      0x08005aa9   Thumb Code    46  port.o(.text.xPortSysTickHandler)
    xQueueGenericCreateStatic                0x08005ad9   Thumb Code   222  queue.o(.text.xQueueGenericCreateStatic)
    xQueueGenericSend                        0x08005bb9   Thumb Code   554  queue.o(.text.xQueueGenericSend)
    xQueueReceive                            0x08005de5   Thumb Code   418  queue.o(.text.xQueueReceive)
    xTaskCheckForTimeOut                     0x08005f89   Thumb Code   186  tasks.o(.text.xTaskCheckForTimeOut)
    xTaskCreate                              0x08006045   Thumb Code    96  tasks.o(.text.xTaskCreate)
    xTaskCreateStatic                        0x080060a5   Thumb Code   118  tasks.o(.text.xTaskCreateStatic)
    xTaskGetSchedulerState                   0x0800611d   Thumb Code    30  tasks.o(.text.xTaskGetSchedulerState)
    xTaskGetTickCount                        0x0800613d   Thumb Code    12  tasks.o(.text.xTaskGetTickCount)
    xTaskGetTickCountFromISR                 0x08006149   Thumb Code    18  tasks.o(.text.xTaskGetTickCountFromISR)
    xTaskIncrementTick                       0x0800615d   Thumb Code   260  tasks.o(.text.xTaskIncrementTick)
    xTaskPriorityDisinherit                  0x08006261   Thumb Code   138  tasks.o(.text.xTaskPriorityDisinherit)
    xTaskRemoveFromEventList                 0x080062ed   Thumb Code   114  tasks.o(.text.xTaskRemoveFromEventList)
    xTaskResumeAll                           0x08006361   Thumb Code   238  tasks.o(.text.xTaskResumeAll)
    xTimerCreateTimerTask                    0x08006451   Thumb Code   172  timers.o(.text.xTimerCreateTimerTask)
    __0printf                                0x08006505   Thumb Code    22  printfa.o(i.__0printf)
    __1printf                                0x08006505   Thumb Code     0  printfa.o(i.__0printf)
    __2printf                                0x08006505   Thumb Code     0  printfa.o(i.__0printf)
    __c89printf                              0x08006505   Thumb Code     0  printfa.o(i.__0printf)
    printf                                   0x08006505   Thumb Code     0  printfa.o(i.__0printf)
    __scatterload_copy                       0x08006525   Thumb Code    14  handlers.o(i.__scatterload_copy)
    __scatterload_null                       0x08006533   Thumb Code     2  handlers.o(i.__scatterload_null)
    __scatterload_zeroinit                   0x08006535   Thumb Code    14  handlers.o(i.__scatterload_zeroinit)
    puts                                     0x08006df9   Thumb Code    30  puts.o(i.puts)
    AHBPrescTable                            0x08006e1c   Data          16  system_stm32g4xx.o(.rodata.AHBPrescTable)
    APBPrescTable                            0x08006e2c   Data           8  system_stm32g4xx.o(.rodata.APBPrescTable)
    UARTPrescTable                           0x08006e34   Data          24  stm32g4xx_hal_uart.o(.rodata.UARTPrescTable)
    defaultTask_attributes                   0x08006e7c   Data          36  app_freertos.o(.rodata.defaultTask_attributes)
    myTask02_attributes                      0x08006ea0   Data          36  app_freertos.o(.rodata.myTask02_attributes)
    Region$$Table$$Base                      0x08006ee0   Number         0  anon$$obj.o(Region$$Table)
    Region$$Table$$Limit                     0x08006f00   Number         0  anon$$obj.o(Region$$Table)
    __stdout                                 0x20000000   Data           4  stdout.o(.data)
    uwTickPrio                               0x20000004   Data           4  stm32g4xx_hal.o(.data..L_MergedGlobals)
    uwTickFreq                               0x20000008   Data           4  stm32g4xx_hal.o(.data..L_MergedGlobals)
    SystemCoreClock                          0x2000000c   Data           4  system_stm32g4xx.o(.data.SystemCoreClock)
    motor_temperature                        0x20000018   Data           3  can_control.o(.bss..L_MergedGlobals)
    actual_torque                            0x2000001c   Data          12  can_control.o(.bss..L_MergedGlobals)
    actual_speed                             0x20000028   Data          12  can_control.o(.bss..L_MergedGlobals)
    actual_position                          0x20000034   Data          12  can_control.o(.bss..L_MergedGlobals)
    defaultTaskHandle                        0x20000040   Data           4  app_freertos.o(.bss..L_MergedGlobals)
    myTask02Handle                           0x20000044   Data           4  app_freertos.o(.bss..L_MergedGlobals)
    pxCurrentTCB                             0x20000078   Data           4  tasks.o(.bss..L_MergedGlobals)
    hfdcan1                                  0x20000184   Data         100  fdcan.o(.bss.hfdcan1)
    hfdcan2                                  0x200001e8   Data         100  fdcan.o(.bss.hfdcan2)
    htim4                                    0x2000024c   Data          76  stm32g4xx_hal_timebase_tim.o(.bss.htim4)
    huart1                                   0x20000298   Data         148  usart.o(.bss.huart1)
    uwTick                                   0x2000147c   Data           4  stm32g4xx_hal.o(.bss.uwTick)
    xQueueRegistry                           0x20001b38   Data          64  queue.o(.bss.xQueueRegistry)
    __initial_sp                             0x20001f78   Data           0  startup_stm32g474xx.o(STACK)



==============================================================================

Memory Map of the image

  Image Entry point : 0x080001d9

  Load Region LR_IROM1 (Base: 0x08000000, Size: 0x00006f18, Max: 0x00080000, ABSOLUTE)

    Execution Region ER_IROM1 (Exec base: 0x08000000, Load base: 0x08000000, Size: 0x00006f00, Max: 0x00080000, ABSOLUTE)

    Exec Addr    Load Addr    Size         Type   Attr      Idx    E Section Name        Object

    0x08000000   0x08000000   0x000001d8   Data   RO            3    RESET               startup_stm32g474xx.o
    0x080001d8   0x080001d8   0x00000000   Code   RO         1973  * .ARM.Collect$$$$00000000  mc_w.l(entry.o)
    0x080001d8   0x080001d8   0x00000004   Code   RO         2253    .ARM.Collect$$$$00000001  mc_w.l(entry2.o)
    0x080001dc   0x080001dc   0x00000004   Code   RO         2256    .ARM.Collect$$$$00000004  mc_w.l(entry5.o)
    0x080001e0   0x080001e0   0x00000000   Code   RO         2258    .ARM.Collect$$$$00000008  mc_w.l(entry7b.o)
    0x080001e0   0x080001e0   0x00000000   Code   RO         2260    .ARM.Collect$$$$0000000A  mc_w.l(entry8b.o)
    0x080001e0   0x080001e0   0x00000008   Code   RO         2261    .ARM.Collect$$$$0000000B  mc_w.l(entry9a.o)
    0x080001e8   0x080001e8   0x00000000   Code   RO         2263    .ARM.Collect$$$$0000000D  mc_w.l(entry10a.o)
    0x080001e8   0x080001e8   0x00000000   Code   RO         2265    .ARM.Collect$$$$0000000F  mc_w.l(entry11a.o)
    0x080001e8   0x080001e8   0x00000004   Code   RO         2254    .ARM.Collect$$$$00002712  mc_w.l(entry2.o)
    0x080001ec   0x080001ec   0x00000024   Code   RO            4    .text               startup_stm32g474xx.o
    0x08000210   0x08000210   0x00000062   Code   RO         1980    .text               mc_w.l(uldiv.o)
    0x08000272   0x08000272   0x00000024   Code   RO         1982    .text               mc_w.l(memcpya.o)
    0x08000296   0x08000296   0x00000024   Code   RO         1984    .text               mc_w.l(memseta.o)
    0x080002ba   0x080002ba   0x00000026   Code   RO         2251    .text               mf_w.l(f2d.o)
    0x080002e0   0x080002e0   0x0000002c   Code   RO         2277    .text               mc_w.l(uidiv.o)
    0x0800030c   0x0800030c   0x0000001e   Code   RO         2279    .text               mc_w.l(llshl.o)
    0x0800032a   0x0800032a   0x00000020   Code   RO         2281    .text               mc_w.l(llushr.o)
    0x0800034a   0x0800034a   0x00000000   Code   RO         2283    .text               mc_w.l(iusefp.o)
    0x0800034a   0x0800034a   0x0000014e   Code   RO         2284    .text               mf_w.l(dadd.o)
    0x08000498   0x08000498   0x000000e4   Code   RO         2286    .text               mf_w.l(dmul.o)
    0x0800057c   0x0800057c   0x000000de   Code   RO         2288    .text               mf_w.l(ddiv.o)
    0x0800065a   0x0800065a   0x00000030   Code   RO         2290    .text               mf_w.l(dfixul.o)
    0x0800068a   0x0800068a   0x00000002   PAD
    0x0800068c   0x0800068c   0x00000030   Code   RO         2292    .text               mf_w.l(cdrcmple.o)
    0x080006bc   0x080006bc   0x00000024   Code   RO         2294    .text               mc_w.l(init.o)
    0x080006e0   0x080006e0   0x00000024   Code   RO         2296    .text               mc_w.l(llsshr.o)
    0x08000704   0x08000704   0x000000ba   Code   RO         2298    .text               mf_w.l(depilogue.o)
    0x080007be   0x080007be   0x00000002   PAD
    0x080007c0   0x080007c0   0x00000002   Code   RO          113    .text.BusFault_Handler  stm32g4xx_it.o
    0x080007c2   0x080007c2   0x00000002   PAD
    0x080007c4   0x080007c4   0x00000002   Code   RO          117    .text.DebugMon_Handler  stm32g4xx_it.o
    0x080007c6   0x080007c6   0x00000002   PAD
    0x080007c8   0x080007c8   0x0000000a   Code   RO           32    .text.Error_Handler  main.o
    0x080007d2   0x080007d2   0x00000002   PAD
    0x080007d4   0x080007d4   0x0000000c   Code   RO          119    .text.FDCAN1_IT0_IRQHandler  stm32g4xx_it.o
    0x080007e0   0x080007e0   0x0000000c   Code   RO          121    .text.FDCAN1_IT1_IRQHandler  stm32g4xx_it.o
    0x080007ec   0x080007ec   0x0000000c   Code   RO          127    .text.FDCAN2_IT0_IRQHandler  stm32g4xx_it.o
    0x080007f8   0x080007f8   0x0000000c   Code   RO          129    .text.FDCAN2_IT1_IRQHandler  stm32g4xx_it.o
    0x08000804   0x08000804   0x00000070   Code   RO          984    .text.HAL_DMA_Abort  stm32g4xx_hal_dma.o
    0x08000874   0x08000874   0x0000007c   Code   RO          986    .text.HAL_DMA_Abort_IT  stm32g4xx_hal_dma.o
    0x080008f0   0x080008f0   0x0000010c   Code   RO          642    .text.HAL_FDCAN_ActivateNotification  stm32g4xx_hal_fdcan.o
    0x080009fc   0x080009fc   0x000000c0   Code   RO          614    .text.HAL_FDCAN_AddMessageToTxFifoQ  stm32g4xx_hal_fdcan.o
    0x08000abc   0x08000abc   0x00000060   Code   RO          568    .text.HAL_FDCAN_ConfigFilter  stm32g4xx_hal_fdcan.o
    0x08000b1c   0x08000b1c   0x00000040   Code   RO          570    .text.HAL_FDCAN_ConfigGlobalFilter  stm32g4xx_hal_fdcan.o
    0x08000b5c   0x08000b5c   0x00000002   Code   RO          668    .text.HAL_FDCAN_ErrorCallback  stm32g4xx_hal_fdcan.o
    0x08000b5e   0x08000b5e   0x00000002   PAD
    0x08000b60   0x08000b60   0x00000002   Code   RO          666    .text.HAL_FDCAN_ErrorStatusCallback  stm32g4xx_hal_fdcan.o
    0x08000b62   0x08000b62   0x00000002   PAD
    0x08000b64   0x08000b64   0x00000012   Code   RO          632    .text.HAL_FDCAN_GetRxFifoFillLevel  stm32g4xx_hal_fdcan.o
    0x08000b76   0x08000b76   0x00000002   PAD
    0x08000b78   0x08000b78   0x00000166   Code   RO          620    .text.HAL_FDCAN_GetRxMessage  stm32g4xx_hal_fdcan.o
    0x08000cde   0x08000cde   0x00000002   PAD
    0x08000ce0   0x08000ce0   0x00000002   Code   RO          648    .text.HAL_FDCAN_HighPriorityMessageCallback  stm32g4xx_hal_fdcan.o
    0x08000ce2   0x08000ce2   0x00000002   PAD
    0x08000ce4   0x08000ce4   0x0000017a   Code   RO          646    .text.HAL_FDCAN_IRQHandler  stm32g4xx_hal_fdcan.o
    0x08000e5e   0x08000e5e   0x00000002   PAD
    0x08000e60   0x08000e60   0x00000254   Code   RO          554    .text.HAL_FDCAN_Init  stm32g4xx_hal_fdcan.o
    0x080010b4   0x080010b4   0x0000013c   Code   RO           77    .text.HAL_FDCAN_MspInit  fdcan.o
    0x080011f0   0x080011f0   0x00000002   Code   RO           34    .text.HAL_FDCAN_RxFifo0Callback  main.o
    0x080011f2   0x080011f2   0x00000002   PAD
    0x080011f4   0x080011f4   0x00000002   Code   RO          656    .text.HAL_FDCAN_RxFifo1Callback  stm32g4xx_hal_fdcan.o
    0x080011f6   0x080011f6   0x00000002   PAD
    0x080011f8   0x080011f8   0x0000002c   Code   RO          612    .text.HAL_FDCAN_Start  stm32g4xx_hal_fdcan.o
    0x08001224   0x08001224   0x00000002   Code   RO          664    .text.HAL_FDCAN_TimeoutOccurredCallback  stm32g4xx_hal_fdcan.o
    0x08001226   0x08001226   0x00000002   PAD
    0x08001228   0x08001228   0x00000002   Code   RO          662    .text.HAL_FDCAN_TimestampWraparoundCallback  stm32g4xx_hal_fdcan.o
    0x0800122a   0x0800122a   0x00000002   PAD
    0x0800122c   0x0800122c   0x00000002   Code   RO          650    .text.HAL_FDCAN_TxBufferAbortCallback  stm32g4xx_hal_fdcan.o
    0x0800122e   0x0800122e   0x00000002   PAD
    0x08001230   0x08001230   0x00000002   Code   RO          660    .text.HAL_FDCAN_TxBufferCompleteCallback  stm32g4xx_hal_fdcan.o
    0x08001232   0x08001232   0x00000002   PAD
    0x08001234   0x08001234   0x00000002   Code   RO          652    .text.HAL_FDCAN_TxEventFifoCallback  stm32g4xx_hal_fdcan.o
    0x08001236   0x08001236   0x00000002   PAD
    0x08001238   0x08001238   0x00000002   Code   RO          658    .text.HAL_FDCAN_TxFifoEmptyCallback  stm32g4xx_hal_fdcan.o
    0x0800123a   0x0800123a   0x00000002   PAD
    0x0800123c   0x0800123c   0x000001aa   Code   RO          926    .text.HAL_GPIO_Init  stm32g4xx_hal_gpio.o
    0x080013e6   0x080013e6   0x00000002   PAD
    0x080013e8   0x080013e8   0x0000000c   Code   RO          695    .text.HAL_GetTick   stm32g4xx_hal.o
    0x080013f4   0x080013f4   0x0000001a   Code   RO          693    .text.HAL_IncTick   stm32g4xx_hal.o
    0x0800140e   0x0800140e   0x00000002   PAD
    0x08001410   0x08001410   0x0000001e   Code   RO          683    .text.HAL_Init      stm32g4xx_hal.o
    0x0800142e   0x0800142e   0x00000002   PAD
    0x08001430   0x08001430   0x000000b0   Code   RO          147    .text.HAL_InitTick  stm32g4xx_hal_timebase_tim.o
    0x080014e0   0x080014e0   0x00000046   Code   RO          138    .text.HAL_MspInit   stm32g4xx_hal_msp.o
    0x08001526   0x08001526   0x00000002   PAD
    0x08001528   0x08001528   0x00000026   Code   RO         1152    .text.HAL_NVIC_EnableIRQ  stm32g4xx_hal_cortex.o
    0x0800154e   0x0800154e   0x00000002   PAD
    0x08001550   0x08001550   0x00000056   Code   RO         1150    .text.HAL_NVIC_SetPriority  stm32g4xx_hal_cortex.o
    0x080015a6   0x080015a6   0x00000002   PAD
    0x080015a8   0x080015a8   0x00000020   Code   RO         1148    .text.HAL_NVIC_SetPriorityGrouping  stm32g4xx_hal_cortex.o
    0x080015c8   0x080015c8   0x00000126   Code   RO         1068    .text.HAL_PWREx_ControlVoltageScaling  stm32g4xx_hal_pwr_ex.o
    0x080016ee   0x080016ee   0x00000002   PAD
    0x080016f0   0x080016f0   0x00000012   Code   RO         1138    .text.HAL_PWREx_DisableUCPDDeadBattery  stm32g4xx_hal_pwr_ex.o
    0x08001702   0x08001702   0x00000002   PAD
    0x08001704   0x08001704   0x000002d6   Code   RO          807    .text.HAL_RCCEx_PeriphCLKConfig  stm32g4xx_hal_rcc_ex.o
    0x080019da   0x080019da   0x00000002   PAD
    0x080019dc   0x080019dc   0x00000314   Code   RO          773    .text.HAL_RCC_ClockConfig  stm32g4xx_hal_rcc.o
    0x08001cf0   0x08001cf0   0x00000042   Code   RO          787    .text.HAL_RCC_GetClockConfig  stm32g4xx_hal_rcc.o
    0x08001d32   0x08001d32   0x00000002   PAD
    0x08001d34   0x08001d34   0x0000002a   Code   RO          781    .text.HAL_RCC_GetPCLK1Freq  stm32g4xx_hal_rcc.o
    0x08001d5e   0x08001d5e   0x00000002   PAD
    0x08001d60   0x08001d60   0x0000002a   Code   RO          783    .text.HAL_RCC_GetPCLK2Freq  stm32g4xx_hal_rcc.o
    0x08001d8a   0x08001d8a   0x00000002   PAD
    0x08001d8c   0x08001d8c   0x0000007e   Code   RO          775    .text.HAL_RCC_GetSysClockFreq  stm32g4xx_hal_rcc.o
    0x08001e0a   0x08001e0a   0x00000002   PAD
    0x08001e0c   0x08001e0c   0x000004aa   Code   RO          771    .text.HAL_RCC_OscConfig  stm32g4xx_hal_rcc.o
    0x080022b6   0x080022b6   0x00000002   PAD
    0x080022b8   0x080022b8   0x00000002   Code   RO          531    .text.HAL_TIMEx_Break2Callback  stm32g4xx_hal_tim_ex.o
    0x080022ba   0x080022ba   0x00000002   PAD
    0x080022bc   0x080022bc   0x00000002   Code   RO          529    .text.HAL_TIMEx_BreakCallback  stm32g4xx_hal_tim_ex.o
    0x080022be   0x080022be   0x00000002   PAD
    0x080022c0   0x080022c0   0x00000002   Code   RO          525    .text.HAL_TIMEx_CommutCallback  stm32g4xx_hal_tim_ex.o
    0x080022c2   0x080022c2   0x00000002   PAD
    0x080022c4   0x080022c4   0x00000002   Code   RO          535    .text.HAL_TIMEx_DirectionChangeCallback  stm32g4xx_hal_tim_ex.o
    0x080022c6   0x080022c6   0x00000002   PAD
    0x080022c8   0x080022c8   0x00000002   Code   RO          533    .text.HAL_TIMEx_EncoderIndexCallback  stm32g4xx_hal_tim_ex.o
    0x080022ca   0x080022ca   0x00000002   PAD
    0x080022cc   0x080022cc   0x00000002   Code   RO          537    .text.HAL_TIMEx_IndexErrorCallback  stm32g4xx_hal_tim_ex.o
    0x080022ce   0x080022ce   0x00000002   PAD
    0x080022d0   0x080022d0   0x00000002   Code   RO          539    .text.HAL_TIMEx_TransitionErrorCallback  stm32g4xx_hal_tim_ex.o
    0x080022d2   0x080022d2   0x00000002   PAD
    0x080022d4   0x080022d4   0x00000062   Code   RO          180    .text.HAL_TIM_Base_Init  stm32g4xx_hal_tim.o
    0x08002336   0x08002336   0x00000002   PAD
    0x08002338   0x08002338   0x00000002   Code   RO          182    .text.HAL_TIM_Base_MspInit  stm32g4xx_hal_tim.o
    0x0800233a   0x0800233a   0x00000002   PAD
    0x0800233c   0x0800233c   0x000000ba   Code   RO          194    .text.HAL_TIM_Base_Start_IT  stm32g4xx_hal_tim.o
    0x080023f6   0x080023f6   0x00000002   PAD
    0x080023f8   0x080023f8   0x00000002   Code   RO          316    .text.HAL_TIM_IC_CaptureCallback  stm32g4xx_hal_tim.o
    0x080023fa   0x080023fa   0x00000002   PAD
    0x080023fc   0x080023fc   0x000001cc   Code   RO          314    .text.HAL_TIM_IRQHandler  stm32g4xx_hal_tim.o
    0x080025c8   0x080025c8   0x00000002   Code   RO          318    .text.HAL_TIM_OC_DelayElapsedCallback  stm32g4xx_hal_tim.o
    0x080025ca   0x080025ca   0x00000002   PAD
    0x080025cc   0x080025cc   0x00000002   Code   RO          320    .text.HAL_TIM_PWM_PulseFinishedCallback  stm32g4xx_hal_tim.o
    0x080025ce   0x080025ce   0x00000002   PAD
    0x080025d0   0x080025d0   0x00000014   Code   RO           36    .text.HAL_TIM_PeriodElapsedCallback  main.o
    0x080025e4   0x080025e4   0x00000002   Code   RO          324    .text.HAL_TIM_TriggerCallback  stm32g4xx_hal_tim.o
    0x080025e6   0x080025e6   0x00000002   PAD
    0x080025e8   0x080025e8   0x00000036   Code   RO         1360    .text.HAL_UARTEx_DisableFifoMode  stm32g4xx_hal_uart_ex.o
    0x0800261e   0x0800261e   0x00000002   PAD
    0x08002620   0x08002620   0x00000002   Code   RO         1288    .text.HAL_UARTEx_RxEventCallback  stm32g4xx_hal_uart.o
    0x08002622   0x08002622   0x00000002   PAD
    0x08002624   0x08002624   0x00000002   Code   RO         1346    .text.HAL_UARTEx_RxFifoFullCallback  stm32g4xx_hal_uart_ex.o
    0x08002626   0x08002626   0x00000002   PAD
    0x08002628   0x08002628   0x0000008c   Code   RO         1364    .text.HAL_UARTEx_SetRxFifoThreshold  stm32g4xx_hal_uart_ex.o
    0x080026b4   0x080026b4   0x0000008c   Code   RO         1362    .text.HAL_UARTEx_SetTxFifoThreshold  stm32g4xx_hal_uart_ex.o
    0x08002740   0x08002740   0x00000002   Code   RO         1348    .text.HAL_UARTEx_TxFifoEmptyCallback  stm32g4xx_hal_uart_ex.o
    0x08002742   0x08002742   0x00000002   PAD
    0x08002744   0x08002744   0x00000002   Code   RO         1344    .text.HAL_UARTEx_WakeupCallback  stm32g4xx_hal_uart_ex.o
    0x08002746   0x08002746   0x00000002   PAD
    0x08002748   0x08002748   0x00000002   Code   RO         1286    .text.HAL_UART_ErrorCallback  stm32g4xx_hal_uart.o
    0x0800274a   0x0800274a   0x00000002   PAD
    0x0800274c   0x0800274c   0x00000658   Code   RO         1282    .text.HAL_UART_IRQHandler  stm32g4xx_hal_uart.o
    0x08002da4   0x08002da4   0x00000064   Code   RO         1198    .text.HAL_UART_Init  stm32g4xx_hal_uart.o
    0x08002e08   0x08002e08   0x00000098   Code   RO           94    .text.HAL_UART_MspInit  usart.o
    0x08002ea0   0x08002ea0   0x00000194   Code   RO         1218    .text.HAL_UART_Transmit  stm32g4xx_hal_uart.o
    0x08003034   0x08003034   0x00000002   Code   RO         1290    .text.HAL_UART_TxCpltCallback  stm32g4xx_hal_uart.o
    0x08003036   0x08003036   0x00000002   PAD
    0x08003038   0x08003038   0x00000002   Code   RO          109    .text.HardFault_Handler  stm32g4xx_it.o
    0x0800303a   0x0800303a   0x00000002   PAD
    0x0800303c   0x0800303c   0x00000056   Code   RO           73    .text.MX_FDCAN1_Init  fdcan.o
    0x08003092   0x08003092   0x00000002   PAD
    0x08003094   0x08003094   0x00000056   Code   RO           75    .text.MX_FDCAN2_Init  fdcan.o
    0x080030ea   0x080030ea   0x00000002   PAD
    0x080030ec   0x080030ec   0x0000003c   Code   RO           55    .text.MX_FREERTOS_Init  app_freertos.o
    0x08003128   0x08003128   0x00000056   Code   RO           47    .text.MX_GPIO_Init  gpio.o
    0x0800317e   0x0800317e   0x00000002   PAD
    0x08003180   0x08003180   0x00000082   Code   RO           92    .text.MX_USART1_UART_Init  usart.o
    0x08003202   0x08003202   0x00000002   PAD
    0x08003204   0x08003204   0x00000002   Code   RO          111    .text.MemManage_Handler  stm32g4xx_it.o
    0x08003206   0x08003206   0x00000002   PAD
    0x08003208   0x08003208   0x000000ec   Code   RO          162    .text.Motor_InitZeroing  motor_logic.o
    0x080032f4   0x080032f4   0x0000000c   Code   RO          168    .text.Motor_IsMoving  motor_logic.o
    0x08003300   0x08003300   0x0000014c   Code   RO          164    .text.Motor_MoveTo  motor_logic.o
    0x0800344c   0x0800344c   0x00000164   Code   RO          166    .text.Motor_UpdateLoop  motor_logic.o
    0x080035b0   0x080035b0   0x00000002   Code   RO          107    .text.NMI_Handler   stm32g4xx_it.o
    0x080035b2   0x080035b2   0x0000000e   PAD
    0x080035c0   0x080035c0   0x00000064   Code   RO         1958    .text.PendSV_Handler  port.o
    0x08003624   0x08003624   0x0000000c   PAD
    0x08003630   0x08003630   0x00000024   Code   RO         1942    .text.SVC_Handler   port.o
    0x08003654   0x08003654   0x00000048   Code   RO           57    .text.StartDefaultTask  app_freertos.o
    0x0800369c   0x0800369c   0x00000018   Code   RO           59    .text.StartTask02   app_freertos.o
    0x080036b4   0x080036b4   0x0000001e   Code   RO         1753    .text.SysTick_Handler  cmsis_os2.o
    0x080036d2   0x080036d2   0x00000002   PAD
    0x080036d4   0x080036d4   0x00000012   Code   RO         1383    .text.SystemInit    system_stm32g4xx.o
    0x080036e6   0x080036e6   0x00000002   PAD
    0x080036e8   0x080036e8   0x0000000c   Code   RO          123    .text.TIM4_IRQHandler  stm32g4xx_it.o
    0x080036f4   0x080036f4   0x0000014c   Code   RO          184    .text.TIM_Base_SetConfig  stm32g4xx_hal_tim.o
    0x08003840   0x08003840   0x000000e8   Code   RO         1202    .text.UART_AdvFeatureConfig  stm32g4xx_hal_uart.o
    0x08003928   0x08003928   0x0000016e   Code   RO         1206    .text.UART_CheckIdleState  stm32g4xx_hal_uart.o
    0x08003a96   0x08003a96   0x00000002   PAD
    0x08003a98   0x08003a98   0x0000000c   Code   RO         1284    .text.UART_DMAAbortOnError  stm32g4xx_hal_uart.o
    0x08003aa4   0x08003aa4   0x000002c0   Code   RO         1204    .text.UART_SetConfig  stm32g4xx_hal_uart.o
    0x08003d64   0x08003d64   0x00000336   Code   RO         1220    .text.UART_WaitOnFlagUntilTimeout  stm32g4xx_hal_uart.o
    0x0800409a   0x0800409a   0x00000002   PAD
    0x0800409c   0x0800409c   0x0000000c   Code   RO          125    .text.USART1_IRQHandler  stm32g4xx_it.o
    0x080040a8   0x080040a8   0x00000002   Code   RO          115    .text.UsageFault_Handler  stm32g4xx_it.o
    0x080040aa   0x080040aa   0x00000002   PAD
    0x080040ac   0x080040ac   0x00000020   Code   RO           26    .text.fputc         main.o
    0x080040cc   0x080040cc   0x00000144   Code   RO           28    .text.main          main.o
    0x08004210   0x08004210   0x00000108   Code   RO           15    .text.motor_control  can_control.o
    0x08004318   0x08004318   0x00000020   Code   RO         1813    .text.osDelay       cmsis_os2.o
    0x08004338   0x08004338   0x00000036   Code   RO         1815    .text.osDelayUntil  cmsis_os2.o
    0x0800436e   0x0800436e   0x00000002   PAD
    0x08004370   0x08004370   0x00000010   Code   RO         1769    .text.osKernelGetTickCount  cmsis_os2.o
    0x08004380   0x08004380   0x00000028   Code   RO         1755    .text.osKernelInitialize  cmsis_os2.o
    0x080043a8   0x080043a8   0x0000003c   Code   RO         1761    .text.osKernelStart  cmsis_os2.o
    0x080043e4   0x080043e4   0x000000ae   Code   RO         1777    .text.osThreadNew   cmsis_os2.o
    0x08004492   0x08004492   0x00000002   PAD
    0x08004494   0x08004494   0x0000028a   Code   RO         1582    .text.prvAddNewTaskToReadyList  tasks.o
    0x0800471e   0x0800471e   0x00000002   PAD
    0x08004720   0x08004720   0x00000086   Code   RO         1614    .text.prvIdleTask   tasks.o
    0x080047a6   0x080047a6   0x00000002   PAD
    0x080047a8   0x080047a8   0x0000012c   Code   RO         1580    .text.prvInitialiseNewTask  tasks.o
    0x080048d4   0x080048d4   0x00000028   Code   RO         1950    .text.prvPortStartFirstTask  port.o
    0x080048fc   0x080048fc   0x0000003e   Code   RO         1940    .text.prvTaskExitError  port.o
    0x0800493a   0x0800493a   0x00000002   PAD
    0x0800493c   0x0800493c   0x0000038a   Code   RO         1705    .text.prvTimerTask  timers.o
    0x08004cc6   0x08004cc6   0x00000002   PAD
    0x08004cc8   0x08004cc8   0x00000074   Code   RO         1479    .text.prvUnlockQueue  queue.o
    0x08004d3c   0x08004d3c   0x0000020a   Code   RO         1916    .text.pvPortMalloc  heap_4.o
    0x08004f46   0x08004f46   0x00000002   PAD
    0x08004f48   0x08004f48   0x00000028   Code   RO         1938    .text.pxPortInitialiseStack  port.o
    0x08004f70   0x08004f70   0x00000184   Code   RO           11    .text.sendCANControlMotor  can_control.o
    0x080050f4   0x080050f4   0x00000024   Code   RO         1443    .text.uxListRemove  list.o
    0x08005118   0x08005118   0x0000001a   Code   RO         1899    .text.vApplicationGetIdleTaskMemory  cmsis_os2.o
    0x08005132   0x08005132   0x00000002   PAD
    0x08005134   0x08005134   0x0000001c   Code   RO         1901    .text.vApplicationGetTimerTaskMemory  cmsis_os2.o
    0x08005150   0x08005150   0x00000016   Code   RO         1435    .text.vListInitialise  list.o
    0x08005166   0x08005166   0x00000002   PAD
    0x08005168   0x08005168   0x00000006   Code   RO         1437    .text.vListInitialiseItem  list.o
    0x0800516e   0x0800516e   0x00000002   PAD
    0x08005170   0x08005170   0x00000062   Code   RO         1441    .text.vListInsert   list.o
    0x080051d2   0x080051d2   0x00000002   PAD
    0x080051d4   0x080051d4   0x0000001c   Code   RO         1439    .text.vListInsertEnd  list.o
    0x080051f0   0x080051f0   0x00000014   Code   RO         1948    .text.vPortEnableVFP  port.o
    0x08005204   0x08005204   0x00000046   Code   RO         1954    .text.vPortEnterCritical  port.o
    0x0800524a   0x0800524a   0x00000002   PAD
    0x0800524c   0x0800524c   0x0000002e   Code   RO         1956    .text.vPortExitCritical  port.o
    0x0800527a   0x0800527a   0x00000002   PAD
    0x0800527c   0x0800527c   0x000000d4   Code   RO         1918    .text.vPortFree     heap_4.o
    0x08005350   0x08005350   0x00000034   Code   RO         1946    .text.vPortSetupTimerInterrupt  port.o
    0x08005384   0x08005384   0x0000005e   Code   RO         1962    .text.vPortValidateInterruptPriority  port.o
    0x080053e2   0x080053e2   0x00000002   PAD
    0x080053e4   0x080053e4   0x000000b0   Code   RO         1513    .text.vQueueAddToRegistry  queue.o
    0x08005494   0x08005494   0x00000052   Code   RO         1517    .text.vQueueWaitForMessageRestricted  queue.o
    0x080054e6   0x080054e6   0x00000002   PAD
    0x080054e8   0x080054e8   0x00000088   Code   RO         1594    .text.vTaskDelay    tasks.o
    0x08005570   0x08005570   0x000000d4   Code   RO         1588    .text.vTaskDelayUntil  tasks.o
    0x08005644   0x08005644   0x00000012   Code   RO         1648    .text.vTaskInternalSetTimeOutState  tasks.o
    0x08005656   0x08005656   0x00000002   PAD
    0x08005658   0x08005658   0x0000000e   Code   RO         1652    .text.vTaskMissedYield  tasks.o
    0x08005666   0x08005666   0x00000002   PAD
    0x08005668   0x08005668   0x0000007c   Code   RO         1636    .text.vTaskPlaceOnEventList  tasks.o
    0x080056e4   0x080056e4   0x00000082   Code   RO         1640    .text.vTaskPlaceOnEventListRestricted  tasks.o
    0x08005766   0x08005766   0x00000002   PAD
    0x08005768   0x08005768   0x000000f0   Code   RO         1612    .text.vTaskStartScheduler  tasks.o
    0x08005858   0x08005858   0x00000010   Code   RO         1590    .text.vTaskSuspendAll  tasks.o
    0x08005868   0x08005868   0x000000bc   Code   RO         1606    .text.vTaskSwitchContext  tasks.o
    0x08005924   0x08005924   0x00000184   Code   RO         1944    .text.xPortStartScheduler  port.o
    0x08005aa8   0x08005aa8   0x0000002e   Code   RO         1960    .text.xPortSysTickHandler  port.o
    0x08005ad6   0x08005ad6   0x00000002   PAD
    0x08005ad8   0x08005ad8   0x000000de   Code   RO         1455    .text.xQueueGenericCreateStatic  queue.o
    0x08005bb6   0x08005bb6   0x00000002   PAD
    0x08005bb8   0x08005bb8   0x0000022a   Code   RO         1469    .text.xQueueGenericSend  queue.o
    0x08005de2   0x08005de2   0x00000002   PAD
    0x08005de4   0x08005de4   0x000001a2   Code   RO         1485    .text.xQueueReceive  queue.o
    0x08005f86   0x08005f86   0x00000002   PAD
    0x08005f88   0x08005f88   0x000000ba   Code   RO         1650    .text.xTaskCheckForTimeOut  tasks.o
    0x08006042   0x08006042   0x00000002   PAD
    0x08006044   0x08006044   0x00000060   Code   RO         1584    .text.xTaskCreate   tasks.o
    0x080060a4   0x080060a4   0x00000076   Code   RO         1578    .text.xTaskCreateStatic  tasks.o
    0x0800611a   0x0800611a   0x00000002   PAD
    0x0800611c   0x0800611c   0x0000001e   Code   RO         1666    .text.xTaskGetSchedulerState  tasks.o
    0x0800613a   0x0800613a   0x00000002   PAD
    0x0800613c   0x0800613c   0x0000000c   Code   RO         1620    .text.xTaskGetTickCount  tasks.o
    0x08006148   0x08006148   0x00000012   Code   RO         1622    .text.xTaskGetTickCountFromISR  tasks.o
    0x0800615a   0x0800615a   0x00000002   PAD
    0x0800615c   0x0800615c   0x00000104   Code   RO         1618    .text.xTaskIncrementTick  tasks.o
    0x08006260   0x08006260   0x0000008a   Code   RO         1670    .text.xTaskPriorityDisinherit  tasks.o
    0x080062ea   0x080062ea   0x00000002   PAD
    0x080062ec   0x080062ec   0x00000072   Code   RO         1642    .text.xTaskRemoveFromEventList  tasks.o
    0x0800635e   0x0800635e   0x00000002   PAD
    0x08006360   0x08006360   0x000000ee   Code   RO         1592    .text.xTaskResumeAll  tasks.o
    0x0800644e   0x0800644e   0x00000002   PAD
    0x08006450   0x08006450   0x000000b4   Code   RO         1703    .text.xTimerCreateTimerTask  timers.o
    0x08006504   0x08006504   0x00000020   Code   RO         2223    i.__0printf         mc_w.l(printfa.o)
    0x08006524   0x08006524   0x0000000e   Code   RO         2302    i.__scatterload_copy  mc_w.l(handlers.o)
    0x08006532   0x08006532   0x00000002   Code   RO         2303    i.__scatterload_null  mc_w.l(handlers.o)
    0x08006534   0x08006534   0x0000000e   Code   RO         2304    i.__scatterload_zeroinit  mc_w.l(handlers.o)
    0x08006542   0x08006542   0x00000002   PAD
    0x08006544   0x08006544   0x00000184   Code   RO         2230    i._fp_digits        mc_w.l(printfa.o)
    0x080066c8   0x080066c8   0x000006dc   Code   RO         2231    i._printf_core      mc_w.l(printfa.o)
    0x08006da4   0x08006da4   0x00000024   Code   RO         2232    i._printf_post_padding  mc_w.l(printfa.o)
    0x08006dc8   0x08006dc8   0x0000002e   Code   RO         2233    i._printf_pre_padding  mc_w.l(printfa.o)
    0x08006df6   0x08006df6   0x00000002   PAD
    0x08006df8   0x08006df8   0x00000024   Code   RO         1976    i.puts              mc_w.l(puts.o)
    0x08006e1c   0x08006e1c   0x00000010   Data   RO         1388    .rodata.AHBPrescTable  system_stm32g4xx.o
    0x08006e2c   0x08006e2c   0x00000008   Data   RO         1389    .rodata.APBPrescTable  system_stm32g4xx.o
    0x08006e34   0x08006e34   0x00000018   Data   RO         1332    .rodata.UARTPrescTable  stm32g4xx_hal_uart.o
    0x08006e4c   0x08006e4c   0x00000010   Data   RO          674    .rodata.cst16       stm32g4xx_hal_fdcan.o
    0x08006e5c   0x08006e5c   0x00000010   Data   RO         1333    .rodata.cst16       stm32g4xx_hal_uart.o
    0x08006e6c   0x08006e6c   0x00000010   Data   RO         1374    .rodata.cst8        stm32g4xx_hal_uart_ex.o
    0x08006e7c   0x08006e7c   0x00000024   Data   RO           62    .rodata.defaultTask_attributes  app_freertos.o
    0x08006ea0   0x08006ea0   0x00000024   Data   RO           63    .rodata.myTask02_attributes  app_freertos.o
    0x08006ec4   0x08006ec4   0x00000015   Data   RO           61    .rodata.str1.1      app_freertos.o
    0x08006ed9   0x08006ed9   0x00000005   Data   RO         1743    .rodata.str1.1      timers.o
    0x08006ede   0x08006ede   0x00000002   PAD
    0x08006ee0   0x08006ee0   0x00000020   Data   RO         2301    Region$$Table       anon$$obj.o


    Execution Region RW_IRAM1 (Exec base: 0x20000000, Load base: 0x08006f00, Size: 0x00001f78, Max: 0x00020000, ABSOLUTE)

    Exec Addr    Load Addr    Size         Type   Attr      Idx    E Section Name        Object

    0x20000000   0x08006f00   0x00000004   Data   RW         2267    .data               mc_w.l(stdout.o)
    0x20000004   0x08006f04   0x00000008   Data   RW          760    .data..L_MergedGlobals  stm32g4xx_hal.o
    0x2000000c   0x08006f0c   0x00000004   Data   RW         1387    .data.SystemCoreClock  system_stm32g4xx.o
    0x20000010   0x08006f10   0x00000004   Data   RW          170    .data.current_motor_id  motor_logic.o
    0x20000014   0x08006f14   0x00000004   Data   RW         1964    .data.uxCriticalNesting  port.o
    0x20000018        -       0x00000028   Zero   RW           17    .bss..L_MergedGlobals  can_control.o
    0x20000040        -       0x00000008   Zero   RW           64    .bss..L_MergedGlobals  app_freertos.o
    0x20000048        -       0x00000030   Zero   RW          171    .bss..L_MergedGlobals  motor_logic.o
    0x20000078        -       0x00000078   Zero   RW         1693    .bss..L_MergedGlobals  tasks.o
    0x200000f0        -       0x0000003c   Zero   RW         1744    .bss..L_MergedGlobals  timers.o
    0x2000012c        -       0x00000020   Zero   RW         1929    .bss..L_MergedGlobals  heap_4.o
    0x2000014c        -       0x00000008   Zero   RW         1965    .bss..L_MergedGlobals  port.o
    0x20000154        -       0x00000028   Zero   RW         1694    .bss..L_MergedGlobals.1  tasks.o
    0x2000017c        -       0x00000004   Zero   RW           83    .bss.HAL_RCC_FDCAN_CLK_ENABLED  fdcan.o
    0x20000180        -       0x00000004   Zero   RW         1903    .bss.KernelState    cmsis_os2.o
    0x20000184        -       0x00000064   Zero   RW           81    .bss.hfdcan1        fdcan.o
    0x200001e8        -       0x00000064   Zero   RW           82    .bss.hfdcan2        fdcan.o
    0x2000024c        -       0x0000004c   Zero   RW          153    .bss.htim4          stm32g4xx_hal_timebase_tim.o
    0x20000298        -       0x00000094   Zero   RW           98    .bss.huart1         usart.o
    0x2000032c        -       0x000000a0   Zero   RW         1742    .bss.prvCheckForValidListAndQueue.ucStaticTimerQueueStorage  timers.o
    0x200003cc        -       0x00000050   Zero   RW         1741    .bss.prvCheckForValidListAndQueue.xStaticTimerQueue  timers.o
    0x2000041c        -       0x00000460   Zero   RW         1692    .bss.pxReadyTasksLists  tasks.o
    0x2000087c        -       0x00000c00   Zero   RW         1928    .bss.ucHeap         heap_4.o
    0x2000147c        -       0x00000004   Zero   RW          759    .bss.uwTick         stm32g4xx_hal.o
    0x20001480        -       0x00000200   Zero   RW         1905    .bss.vApplicationGetIdleTaskMemory.Idle_Stack  cmsis_os2.o
    0x20001680        -       0x0000005c   Zero   RW         1904    .bss.vApplicationGetIdleTaskMemory.Idle_TCB  cmsis_os2.o
    0x200016dc        -       0x00000400   Zero   RW         1907    .bss.vApplicationGetTimerTaskMemory.Timer_Stack  cmsis_os2.o
    0x20001adc        -       0x0000005c   Zero   RW         1906    .bss.vApplicationGetTimerTaskMemory.Timer_TCB  cmsis_os2.o
    0x20001b38        -       0x00000040   Zero   RW         1519    .bss.xQueueRegistry  queue.o
    0x20001b78        -       0x00000400   Zero   RW            1    STACK               startup_stm32g474xx.o


==============================================================================

Image component sizes


      Code (inc. data)   RO Data    RW Data    ZI Data      Debug   Object Name

       156          8         93          0          8       3517   app_freertos.o
       652         40          0          0         40       5507   can_control.o
       460          0          0          0       1724      45052   cmsis_os2.o
       488          0          0          0        204       8519   fdcan.o
        86          0          0          0          0       1606   gpio.o
       734          0          0          0       3104       5581   heap_4.o
       190          0          0          0          0       2307   list.o
       388         24          0          0          0       8974   main.o
       936        160          0          4         48       5211   motor_logic.o
       994         16          0          4          8       4154   port.o
      1568          0          0          0         64      28110   queue.o
        36          8        472          0       1024        820   startup_stm32g474xx.o
        68          0          0          8          4       9512   stm32g4xx_hal.o
       156          0          0          0          0      11146   stm32g4xx_hal_cortex.o
       236          0          0          0          0       9321   stm32g4xx_hal_dma.o
      2034          0         16          0          0      23449   stm32g4xx_hal_fdcan.o
       426          0          0          0          0       5215   stm32g4xx_hal_gpio.o
        70          0          0          0          0       4092   stm32g4xx_hal_msp.o
       312          0          0          0          0       9502   stm32g4xx_hal_pwr_ex.o
      2258          0          0          0          0      10044   stm32g4xx_hal_rcc.o
       726          0          0          0          0      11138   stm32g4xx_hal_rcc_ex.o
      1086          0          0          0          0      61099   stm32g4xx_hal_tim.o
        14          0          0          0          0      30326   stm32g4xx_hal_tim_ex.o
       176          0          0          0         76       8429   stm32g4xx_hal_timebase_tim.o
      4270         48         40          0          0      41521   stm32g4xx_hal_uart.o
       340          0         16          0          0      11426   stm32g4xx_hal_uart_ex.o
        84          0          0          0          0       8826   stm32g4xx_it.o
        18          0         24          4          0       2749   system_stm32g4xx.o
      3372          8          0          0       1280      50663   tasks.o
      1086         20          5          0        300      16077   timers.o
       282          0          0          0        148       9148   usart.o

    ----------------------------------------------------------------------
     23912        344        700         20       8032     453041   Object Totals
         0          0         32          0          0          0   (incl. Generated)
       210         12          2          0          0          0   (incl. Padding)

    ----------------------------------------------------------------------

      Code (inc. data)   RO Data    RW Data    ZI Data      Debug   Library Member Name

         0          0          0          0          0          0   entry.o
         0          0          0          0          0          0   entry10a.o
         0          0          0          0          0          0   entry11a.o
         8          4          0          0          0          0   entry2.o
         4          0          0          0          0          0   entry5.o
         0          0          0          0          0          0   entry7b.o
         0          0          0          0          0          0   entry8b.o
         8          4          0          0          0          0   entry9a.o
        30          0          0          0          0          0   handlers.o
        36          8          0          0          0         68   init.o
         0          0          0          0          0          0   iusefp.o
        30          0          0          0          0         68   llshl.o
        36          0          0          0          0         68   llsshr.o
        32          0          0          0          0         68   llushr.o
        36          0          0          0          0         68   memcpya.o
        36          0          0          0          0        108   memseta.o
      2258         90          0          0          0        452   printfa.o
        36          6          0          0          0         80   puts.o
         0          0          0          4          0          0   stdout.o
        44          0          0          0          0         80   uidiv.o
        98          0          0          0          0         92   uldiv.o
        48          0          0          0          0         68   cdrcmple.o
       334          0          0          0          0        148   dadd.o
       222          0          0          0          0        100   ddiv.o
       186          0          0          0          0        176   depilogue.o
        48          0          0          0          0         68   dfixul.o
       228          0          0          0          0         96   dmul.o
        38          0          0          0          0         68   f2d.o

    ----------------------------------------------------------------------
      3804        112          0          4          0       1876   Library Totals
         8          0          0          0          0          0   (incl. Padding)

    ----------------------------------------------------------------------

      Code (inc. data)   RO Data    RW Data    ZI Data      Debug   Library Name

      2692        112          0          4          0       1152   mc_w.l
      1104          0          0          0          0        724   mf_w.l

    ----------------------------------------------------------------------
      3804        112          0          4          0       1876   Library Totals

    ----------------------------------------------------------------------

==============================================================================


      Code (inc. data)   RO Data    RW Data    ZI Data      Debug   

     27716        456        700         24       8032     453605   Grand Totals
     27716        456        700         24       8032     453605   ELF Image Totals
     27716        456        700         24          0          0   ROM Totals

==============================================================================

    Total RO  Size (Code + RO Data)                28416 (  27.75kB)
    Total RW  Size (RW Data + ZI Data)              8056 (   7.87kB)
    Total ROM Size (Code + RO Data + RW Data)      28440 (  27.77kB)

==============================================================================

