Component: Arm Compiler for Embedded 6.19 Tool: armlink [5e73cb00]

==============================================================================

Section Cross References

    startup_stm32g473xx.o(RESET) refers to startup_stm32g473xx.o(STACK) for __initial_sp
    startup_stm32g473xx.o(RESET) refers to startup_stm32g473xx.o(.text) for Reset_Handler
    startup_stm32g473xx.o(RESET) refers to stm32g4xx_it.o(.text.NMI_Handler) for NMI_Handler
    startup_stm32g473xx.o(RESET) refers to stm32g4xx_it.o(.text.HardFault_Handler) for HardFault_Handler
    startup_stm32g473xx.o(RESET) refers to stm32g4xx_it.o(.text.MemManage_Handler) for MemManage_Handler
    startup_stm32g473xx.o(RESET) refers to stm32g4xx_it.o(.text.BusFault_Handler) for BusFault_Handler
    startup_stm32g473xx.o(RESET) refers to stm32g4xx_it.o(.text.UsageFault_Handler) for UsageFault_Handler
    startup_stm32g473xx.o(RESET) refers to stm32g4xx_it.o(.text.SVC_Handler) for SVC_Handler
    startup_stm32g473xx.o(RESET) refers to stm32g4xx_it.o(.text.DebugMon_Handler) for DebugMon_Handler
    startup_stm32g473xx.o(RESET) refers to stm32g4xx_it.o(.text.PendSV_Handler) for PendSV_Handler
    startup_stm32g473xx.o(RESET) refers to stm32g4xx_it.o(.text.SysTick_Handler) for SysTick_Handler
    startup_stm32g473xx.o(RESET) refers to stm32g4xx_it.o(.text.FDCAN1_IT0_IRQHandler) for FDCAN1_IT0_IRQHandler
    startup_stm32g473xx.o(RESET) refers to stm32g4xx_it.o(.text.FDCAN2_IT0_IRQHandler) for FDCAN2_IT0_IRQHandler
    startup_stm32g473xx.o(RESET) refers to stm32g4xx_it.o(.text.FDCAN3_IT0_IRQHandler) for FDCAN3_IT0_IRQHandler
    startup_stm32g473xx.o(.text) refers to system_stm32g4xx.o(.text.SystemInit) for SystemInit
    startup_stm32g473xx.o(.text) refers to entry.o(.ARM.Collect$$$$00000000) for __main
    main.o(.text.USART_printf) refers to printfa.o(i.__0vsprintf) for vsprintf
    main.o(.text.USART_printf) refers to strlen.o(.text) for strlen
    main.o(.text.USART_printf) refers to usart.o(.bss.huart2) for huart2
    main.o(.text.USART_printf) refers to stm32g4xx_hal_uart.o(.text.HAL_UART_Transmit) for HAL_UART_Transmit
    main.o(.ARM.exidx.text.USART_printf) refers to main.o(.text.USART_printf) for [Anonymous Symbol]
    main.o(.text.USART_SendCurrent) refers to f2d.o(.text) for __aeabi_f2d
    main.o(.text.USART_SendCurrent) refers to printfa.o(i.__0sprintf) for __2sprintf
    main.o(.text.USART_SendCurrent) refers to usart.o(.bss.huart2) for huart2
    main.o(.text.USART_SendCurrent) refers to stm32g4xx_hal_uart.o(.text.HAL_UART_Transmit) for HAL_UART_Transmit
    main.o(.ARM.exidx.text.USART_SendCurrent) refers to main.o(.text.USART_SendCurrent) for [Anonymous Symbol]
    main.o(.text.USART_SendDis) refers to f2d.o(.text) for __aeabi_f2d
    main.o(.text.USART_SendDis) refers to main.o(.rodata.str1.1) for .L.str.1
    main.o(.text.USART_SendDis) refers to printfa.o(i.__0sprintf) for __2sprintf
    main.o(.text.USART_SendDis) refers to usart.o(.bss.huart2) for huart2
    main.o(.text.USART_SendDis) refers to stm32g4xx_hal_uart.o(.text.HAL_UART_Transmit) for HAL_UART_Transmit
    main.o(.ARM.exidx.text.USART_SendDis) refers to main.o(.text.USART_SendDis) for [Anonymous Symbol]
    main.o(.ARM.exidx.text.kalman_init) refers to main.o(.text.kalman_init) for [Anonymous Symbol]
    main.o(.ARM.exidx.text.kalman_update) refers to main.o(.text.kalman_update) for [Anonymous Symbol]
    main.o(.text.main) refers to stm32g4xx_hal.o(.text.HAL_Init) for HAL_Init
    main.o(.text.main) refers to stm32g4xx_hal_pwr_ex.o(.text.HAL_PWREx_ControlVoltageScaling) for HAL_PWREx_ControlVoltageScaling
    main.o(.text.main) refers to stm32g4xx_hal_rcc.o(.text.HAL_RCC_OscConfig) for HAL_RCC_OscConfig
    main.o(.text.main) refers to stm32g4xx_hal_rcc.o(.text.HAL_RCC_ClockConfig) for HAL_RCC_ClockConfig
    main.o(.text.main) refers to gpio.o(.text.MX_GPIO_Init) for MX_GPIO_Init
    main.o(.text.main) refers to fdcan.o(.text.MX_FDCAN2_Init) for MX_FDCAN2_Init
    main.o(.text.main) refers to i2c.o(.text.MX_I2C2_Init) for MX_I2C2_Init
    main.o(.text.main) refers to usart.o(.text.MX_USART2_UART_Init) for MX_USART2_UART_Init
    main.o(.text.main) refers to fdcan.o(.text.MX_FDCAN1_Init) for MX_FDCAN1_Init
    main.o(.text.main) refers to fdcan.o(.text.MX_FDCAN3_Init) for MX_FDCAN3_Init
    main.o(.text.main) refers to ina226.o(.text.INA226_SetConfig) for INA226_SetConfig
    main.o(.text.main) refers to ina226.o(.text.INA226_SetCalibrationReg) for INA226_SetCalibrationReg
    main.o(.text.main) refers to stm32g4xx_hal.o(.text.HAL_GetTick) for HAL_GetTick
    main.o(.text.main) refers to main.o(.bss..L_MergedGlobals) for .L_MergedGlobals
    main.o(.text.main) refers to main.o(.rodata.str1.1) for .L.str.1
    main.o(.text.main) refers to usart.o(.bss.huart2) for huart2
    main.o(.text.main) refers to ina226.o(.text.INA226_GetShuntV) for INA226_GetShuntV
    main.o(.text.main) refers to f2d.o(.text) for __aeabi_f2d
[...]
    Removing transformfunctions.o(.text.arm_dct4_init_q15), (446 bytes).
    Removing transformfunctions.o(.ARM.exidx.text.arm_dct4_init_q15), (8 bytes).
    Removing transformfunctions.o(.text.arm_dct4_init_q31), (446 bytes).
    Removing transformfunctions.o(.ARM.exidx.text.arm_dct4_init_q31), (8 bytes).
    Removing transformfunctions.o(.text.arm_dct4_q15), (768 bytes).
    Removing transformfunctions.o(.ARM.exidx.text.arm_dct4_q15), (8 bytes).
    Removing transformfunctions.o(.text.arm_dct4_q31), (790 bytes).
    Removing transformfunctions.o(.ARM.exidx.text.arm_dct4_q31), (8 bytes).
    Removing transformfunctions.o(.text.arm_split_rifft_f32), (784 bytes).
    Removing transformfunctions.o(.ARM.exidx.text.arm_split_rifft_f32), (8 bytes).
    Removing transformfunctions.o(.text.arm_split_rfft_f32), (1058 bytes).
    Removing transformfunctions.o(.ARM.exidx.text.arm_split_rfft_f32), (8 bytes).
    Removing transformfunctions.o(.text.arm_split_rifft_q15), (482 bytes).
    Removing transformfunctions.o(.ARM.exidx.text.arm_split_rifft_q15), (8 bytes).
    Removing transformfunctions.o(.text.arm_split_rfft_q15), (750 bytes).
    Removing transformfunctions.o(.ARM.exidx.text.arm_split_rfft_q15), (8 bytes).
    Removing transformfunctions.o(.text.arm_split_rifft_q31), (136 bytes).
    Removing transformfunctions.o(.ARM.exidx.text.arm_split_rifft_q31), (8 bytes).
    Removing transformfunctions.o(.text.arm_split_rfft_q31), (272 bytes).
    Removing transformfunctions.o(.ARM.exidx.text.arm_split_rfft_q31), (8 bytes).
    Removing transformfunctions.o(.text.arm_cfft_radix4_init_f32), (152 bytes).
    Removing transformfunctions.o(.ARM.exidx.text.arm_cfft_radix4_init_f32), (8 bytes).
    Removing transformfunctions.o(.text.arm_cfft_radix4_init_q15), (108 bytes).
    Removing transformfunctions.o(.ARM.exidx.text.arm_cfft_radix4_init_q15), (8 bytes).
    Removing transformfunctions.o(.text.arm_cfft_radix4_init_q31), (108 bytes).
    Removing transformfunctions.o(.ARM.exidx.text.arm_cfft_radix4_init_q31), (8 bytes).
    Removing transformfunctions.o(.text.arm_cfft_radix2_init_f32), (240 bytes).
    Removing transformfunctions.o(.ARM.exidx.text.arm_cfft_radix2_init_f32), (8 bytes).
    Removing transformfunctions.o(.text.arm_cfft_radix2_init_q15), (164 bytes).
    Removing transformfunctions.o(.ARM.exidx.text.arm_cfft_radix2_init_q15), (8 bytes).
    Removing transformfunctions.o(.text.arm_cfft_radix2_init_q31), (164 bytes).
    Removing transformfunctions.o(.ARM.exidx.text.arm_cfft_radix2_init_q31), (8 bytes).
    Removing transformfunctionsf16.o(.text), (0 bytes).
    Removing transformfunctionsf16.o(.text.arm_cfft_f16), (838 bytes).
    Removing transformfunctionsf16.o(.ARM.exidx.text.arm_cfft_f16), (8 bytes).
    Removing transformfunctionsf16.o(.text.arm_radix4_butterfly_f16), (1908 bytes).
    Removing transformfunctionsf16.o(.ARM.exidx.text.arm_radix4_butterfly_f16), (8 bytes).
    Removing transformfunctionsf16.o(.text.arm_cfft_radix4by2_f16), (1226 bytes).
    Removing transformfunctionsf16.o(.ARM.exidx.text.arm_cfft_radix4by2_f16), (8 bytes).
    Removing transformfunctionsf16.o(.text.arm_cfft_init_f16), (194 bytes).
    Removing transformfunctionsf16.o(.ARM.exidx.text.arm_cfft_init_f16), (8 bytes).
    Removing transformfunctionsf16.o(.text.arm_cfft_radix2_f16), (68 bytes).
    Removing transformfunctionsf16.o(.ARM.exidx.text.arm_cfft_radix2_f16), (8 bytes).
    Removing transformfunctionsf16.o(.text.arm_radix2_butterfly_inverse_f16), (2134 bytes).
    Removing transformfunctionsf16.o(.ARM.exidx.text.arm_radix2_butterfly_inverse_f16), (8 bytes).
    Removing transformfunctionsf16.o(.text.arm_radix2_butterfly_f16), (2082 bytes).
    Removing transformfunctionsf16.o(.ARM.exidx.text.arm_radix2_butterfly_f16), (8 bytes).
    Removing transformfunctionsf16.o(.text.arm_bitreversal_f16), (182 bytes).
    Removing transformfunctionsf16.o(.ARM.exidx.text.arm_bitreversal_f16), (8 bytes).
    Removing transformfunctionsf16.o(.text.arm_cfft_radix4_f16), (68 bytes).
    Removing transformfunctionsf16.o(.ARM.exidx.text.arm_cfft_radix4_f16), (8 bytes).
    Removing transformfunctionsf16.o(.text.arm_radix4_butterfly_inverse_f16), (2024 bytes).
    Removing transformfunctionsf16.o(.ARM.exidx.text.arm_radix4_butterfly_inverse_f16), (8 bytes).
    Removing transformfunctionsf16.o(.text.arm_rfft_fast_init_f16), (154 bytes).
    Removing transformfunctionsf16.o(.ARM.exidx.text.arm_rfft_fast_init_f16), (8 bytes).
    Removing transformfunctionsf16.o(.text.arm_rfft_4096_fast_init_f16), (58 bytes).
    Removing transformfunctionsf16.o(.ARM.exidx.text.arm_rfft_4096_fast_init_f16), (8 bytes).
    Removing transformfunctionsf16.o(.text.arm_rfft_2048_fast_init_f16), (58 bytes).
    Removing transformfunctionsf16.o(.ARM.exidx.text.arm_rfft_2048_fast_init_f16), (8 bytes).
    Removing transformfunctionsf16.o(.text.arm_rfft_1024_fast_init_f16), (58 bytes).
    Removing transformfunctionsf16.o(.ARM.exidx.text.arm_rfft_1024_fast_init_f16), (8 bytes).
    Removing transformfunctionsf16.o(.text.arm_rfft_512_fast_init_f16), (58 bytes).
    Removing transformfunctionsf16.o(.ARM.exidx.text.arm_rfft_512_fast_init_f16), (8 bytes).
    Removing transformfunctionsf16.o(.text.arm_rfft_256_fast_init_f16), (54 bytes).
    Removing transformfunctionsf16.o(.ARM.exidx.text.arm_rfft_256_fast_init_f16), (8 bytes).
    Removing transformfunctionsf16.o(.text.arm_rfft_128_fast_init_f16), (54 bytes).
    Removing transformfunctionsf16.o(.ARM.exidx.text.arm_rfft_128_fast_init_f16), (8 bytes).
    Removing transformfunctionsf16.o(.text.arm_rfft_64_fast_init_f16), (54 bytes).
    Removing transformfunctionsf16.o(.ARM.exidx.text.arm_rfft_64_fast_init_f16), (8 bytes).
    Removing transformfunctionsf16.o(.text.arm_rfft_32_fast_init_f16), (54 bytes).
    Removing transformfunctionsf16.o(.ARM.exidx.text.arm_rfft_32_fast_init_f16), (8 bytes).
    Removing transformfunctionsf16.o(.text.stage_rfft_f16), (1232 bytes).
    Removing transformfunctionsf16.o(.ARM.exidx.text.stage_rfft_f16), (8 bytes).
    Removing transformfunctionsf16.o(.text.merge_rfft_f16), (1206 bytes).
    Removing transformfunctionsf16.o(.ARM.exidx.text.merge_rfft_f16), (8 bytes).
    Removing transformfunctionsf16.o(.text.arm_rfft_fast_f16), (164 bytes).
    Removing transformfunctionsf16.o(.ARM.exidx.text.arm_rfft_fast_f16), (8 bytes).
    Removing transformfunctionsf16.o(.text.arm_radix8_butterfly_f16), (2080 bytes).
    Removing transformfunctionsf16.o(.ARM.exidx.text.arm_radix8_butterfly_f16), (8 bytes).
    Removing transformfunctionsf16.o(.text.arm_mfcc_init_f16), (230 bytes).
    Removing transformfunctionsf16.o(.ARM.exidx.text.arm_mfcc_init_f16), (8 bytes).
    Removing transformfunctionsf16.o(.text.arm_mfcc_f16), (244 bytes).
    Removing transformfunctionsf16.o(.ARM.exidx.text.arm_mfcc_f16), (8 bytes).
    Removing transformfunctionsf16.o(.text.arm_cfft_radix2_init_f16), (248 bytes).
    Removing transformfunctionsf16.o(.ARM.exidx.text.arm_cfft_radix2_init_f16), (8 bytes).
    Removing transformfunctionsf16.o(.text.arm_cfft_radix4_init_f16), (160 bytes).
    Removing transformfunctionsf16.o(.ARM.exidx.text.arm_cfft_radix4_init_f16), (8 bytes).
    Removing dcmple.o(.text), (54 bytes).
    Removing dcmplt.o(.text), (54 bytes).
    Removing dcmpgt.o(.text), (54 bytes).
    Removing dcmpeq.o(.text), (56 bytes).
    Removing dflti.o(.text), (34 bytes).
    Removing dfltui.o(.text), (26 bytes).
    Removing dfixi.o(.text), (62 bytes).
    Removing dfixl.o(.text), (74 bytes).
    Removing d2f.o(.text), (56 bytes).
    Removing d2h.o(.text), (100 bytes).
    Removing fepilogue.o(.text), (110 bytes).
    Removing dneg.o(.text), (6 bytes).
    Removing dsqrt.o(.text), (162 bytes).
    Removing cdcmple.o(.text), (48 bytes).
    Removing fpstat.o(.text), (4 bytes).

2479 unused section(s) (total 1421743 bytes) removed from the image.

==============================================================================

Image Symbol Table

    Local Symbols

    Symbol Name                              Value     Ov Type        Size  Object(Section)

    ../clib/division.s                       0x00000000   Number         0  aeabi_sdiv.o ABSOLUTE
    ../clib/microlib/division.c              0x00000000   Number         0  uldiv.o ABSOLUTE
    ../clib/microlib/division.c              0x00000000   Number         0  ldiv.o ABSOLUTE
    ../clib/microlib/division.c              0x00000000   Number         0  uidiv.o ABSOLUTE
    ../clib/microlib/errno.c                 0x00000000   Number         0  errno.o ABSOLUTE
    ../clib/microlib/init/entry.s            0x00000000   Number         0  entry.o ABSOLUTE
    ../clib/microlib/init/entry.s            0x00000000   Number         0  entry2.o ABSOLUTE
    ../clib/microlib/init/entry.s            0x00000000   Number         0  entry5.o ABSOLUTE
    ../clib/microlib/init/entry.s            0x00000000   Number         0  entry7a.o ABSOLUTE
    ../clib/microlib/init/entry.s            0x00000000   Number         0  entry7b.o ABSOLUTE
    ../clib/microlib/init/entry.s            0x00000000   Number         0  entry8a.o ABSOLUTE
    ../clib/microlib/init/entry.s            0x00000000   Number         0  entry8b.o ABSOLUTE
    ../clib/microlib/init/entry.s            0x00000000   Number         0  entry9a.o ABSOLUTE
    ../clib/microlib/init/entry.s            0x00000000   Number         0  entry9b.o ABSOLUTE
    ../clib/microlib/init/entry.s            0x00000000   Number         0  entry10a.o ABSOLUTE
    ../clib/microlib/init/entry.s            0x00000000   Number         0  entry10b.o ABSOLUTE
    ../clib/microlib/init/entry.s            0x00000000   Number         0  entry11a.o ABSOLUTE
    ../clib/microlib/init/entry.s            0x00000000   Number         0  entry11b.o ABSOLUTE
    ../clib/microlib/longlong.c              0x00000000   Number         0  llshl.o ABSOLUTE
    ../clib/microlib/longlong.c              0x00000000   Number         0  llushr.o ABSOLUTE
    ../clib/microlib/longlong.c              0x00000000   Number         0  llsshr.o ABSOLUTE
    ../clib/microlib/printf/printf.c         0x00000000   Number         0  printfb.o ABSOLUTE
    ../clib/microlib/printf/printf.c         0x00000000   Number         0  printf0.o ABSOLUTE
    ../clib/microlib/printf/printf.c         0x00000000   Number         0  printf1.o ABSOLUTE
    ../clib/microlib/printf/printf.c         0x00000000   Number         0  printf2.o ABSOLUTE
    ../clib/microlib/printf/printf.c         0x00000000   Number         0  printf3.o ABSOLUTE
    ../clib/microlib/printf/printf.c         0x00000000   Number         0  printf4.o ABSOLUTE
    ../clib/microlib/printf/printf.c         0x00000000   Number         0  printf5.o ABSOLUTE
    ../clib/microlib/printf/printf.c         0x00000000   Number         0  printf6.o ABSOLUTE
    ../clib/microlib/printf/printf.c         0x00000000   Number         0  printf7.o ABSOLUTE
    ../clib/microlib/printf/printf.c         0x00000000   Number         0  printf8.o ABSOLUTE
    ../clib/microlib/printf/printf.c         0x00000000   Number         0  printfa.o ABSOLUTE
    ../clib/microlib/printf/stubs.s          0x00000000   Number         0  printfstubs.o ABSOLUTE
    ../clib/microlib/stdio/fputc.c           0x00000000   Number         0  fputc.o ABSOLUTE
    ../clib/microlib/stdio/fputc.c           0x00000000   Number         0  fputc_h.o ABSOLUTE
    ../clib/microlib/stdio/semi.s            0x00000000   Number         0  semi.o ABSOLUTE
    ../clib/microlib/stdio/streams.c         0x00000000   Number         0  stdout.o ABSOLUTE
    ../clib/microlib/string/memcpy.c         0x00000000   Number         0  memcpya.o ABSOLUTE
    ../clib/microlib/string/memcpy.c         0x00000000   Number         0  memcpyb.o ABSOLUTE
    ../clib/microlib/string/memset.c         0x00000000   Number         0  memseta.o ABSOLUTE
    ../clib/microlib/string/strlen.c         0x00000000   Number         0  strlen.o ABSOLUTE
    ../clib/microlib/stubs.s                 0x00000000   Number         0  iusefp.o ABSOLUTE
    ../clib/microlib/stubs.s                 0x00000000   Number         0  iusesemip.o ABSOLUTE
    ../fplib/microlib/d2f.c                  0x00000000   Number         0  d2f.o ABSOLUTE
    ../fplib/microlib/d2h.c                  0x00000000   Number         0  d2h.o ABSOLUTE
    ../fplib/microlib/f2d.c                  0x00000000   Number         0  f2d.o ABSOLUTE
    ../fplib/microlib/fpadd.c                0x00000000   Number         0  dadd.o ABSOLUTE
    ../fplib/microlib/fpcmp.c                0x00000000   Number         0  dcmple.o ABSOLUTE
    ../fplib/microlib/fpcmp.c                0x00000000   Number         0  dcmplt.o ABSOLUTE
    ../fplib/microlib/fpcmp.c                0x00000000   Number         0  dcmpgt.o ABSOLUTE
    ../fplib/microlib/fpcmp.c                0x00000000   Number         0  dcmpeq.o ABSOLUTE
    ../fplib/microlib/fpdiv.c                0x00000000   Number         0  ddiv.o ABSOLUTE
    ../fplib/microlib/fpepilogue.c           0x00000000   Number         0  fepilogue.o ABSOLUTE
    ../fplib/microlib/fpepilogue.c           0x00000000   Number         0  depilogue.o ABSOLUTE
    ../fplib/microlib/fpfix.c                0x00000000   Number         0  dfixi.o ABSOLUTE
    ../fplib/microlib/fpfix.c                0x00000000   Number         0  dfixl.o ABSOLUTE
    ../fplib/microlib/fpfix.c                0x00000000   Number         0  dfixul.o ABSOLUTE
    ../fplib/microlib/fpflt.c                0x00000000   Number         0  dflti.o ABSOLUTE
    ../fplib/microlib/fpflt.c                0x00000000   Number         0  dfltui.o ABSOLUTE
    ../fplib/microlib/fpmul.c                0x00000000   Number         0  dmul.o ABSOLUTE
    ../fplib/microlib/fpneg.c                0x00000000   Number         0  dneg.o ABSOLUTE
    ../fplib/microlib/fpsqrt.c               0x00000000   Number         0  dsqrt.o ABSOLUTE
    ../fplib/microlib/fpstat.c               0x00000000   Number         0  fpstat.o ABSOLUTE
    ../mathlib/dunder.c                      0x00000000   Number         0  dunder.o ABSOLUTE
    ../mathlib/exp.c                         0x00000000   Number         0  exp.o ABSOLUTE
    ../mathlib/expf.c                        0x00000000   Number         0  expf.o ABSOLUTE
    ../mathlib/floorf.c                      0x00000000   Number         0  floorf.o ABSOLUTE
    ../mathlib/fpclassify.c                  0x00000000   Number         0  fpclassify.o ABSOLUTE
    ../mathlib/fpclassifyf.c                 0x00000000   Number         0  fpclassifyf.o ABSOLUTE
    ../mathlib/funder.c                      0x00000000   Number         0  funder.o ABSOLUTE
    ../mathlib/log.c                         0x00000000   Number         0  log.o ABSOLUTE
    ../mathlib/logf.c                        0x00000000   Number         0  logf.o ABSOLUTE
    ../mathlib/poly.c                        0x00000000   Number         0  poly.o ABSOLUTE
    ../mathlib/powf.c                        0x00000000   Number         0  powf.o ABSOLUTE
    ../mathlib/qnan.c                        0x00000000   Number         0  qnan.o ABSOLUTE
    ../mathlib/sqrt.c                        0x00000000   Number         0  sqrt.o ABSOLUTE
    ../mathlib/tanhf.c                       0x00000000   Number         0  tanhf.o ABSOLUTE
    BasicMathFunctions.c                     0x00000000   Number         0  basicmathfunctions.o ABSOLUTE
    BasicMathFunctionsF16.c                  0x00000000   Number         0  basicmathfunctionsf16.o ABSOLUTE
    BayesFunctions.c                         0x00000000   Number         0  bayesfunctions.o ABSOLUTE
    BayesFunctionsF16.c                      0x00000000   Number         0  bayesfunctionsf16.o ABSOLUTE
    CommonTables.c                           0x00000000   Number         0  commontables.o ABSOLUTE
    CommonTablesF16.c                        0x00000000   Number         0  commontablesf16.o ABSOLUTE
    ComplexMathFunctions.c                   0x00000000   Number         0  complexmathfunctions.o ABSOLUTE
    ComplexMathFunctionsF16.c                0x00000000   Number         0  complexmathfunctionsf16.o ABSOLUTE
    ControllerFunctions.c                    0x00000000   Number         0  controllerfunctions.o ABSOLUTE
    DistanceFunctions.c                      0x00000000   Number         0  distancefunctions.o ABSOLUTE
    DistanceFunctionsF16.c                   0x00000000   Number         0  distancefunctionsf16.o ABSOLUTE
    FastMathFunctions.c                      0x00000000   Number         0  fastmathfunctions.o ABSOLUTE
    FastMathFunctionsF16.c                   0x00000000   Number         0  fastmathfunctionsf16.o ABSOLUTE
    FilteringFunctions.c                     0x00000000   Number         0  filteringfunctions.o ABSOLUTE
    FilteringFunctionsF16.c                  0x00000000   Number         0  filteringfunctionsf16.o ABSOLUTE
    INA226.c                                 0x00000000   Number         0  ina226.o ABSOLUTE
    InterpolationFunctions.c                 0x00000000   Number         0  interpolationfunctions.o ABSOLUTE
    InterpolationFunctionsF16.c              0x00000000   Number         0  interpolationfunctionsf16.o ABSOLUTE
    MatrixFunctions.c                        0x00000000   Number         0  matrixfunctions.o ABSOLUTE
    MatrixFunctionsF16.c                     0x00000000   Number         0  matrixfunctionsf16.o ABSOLUTE
    QuaternionMathFunctions.c                0x00000000   Number         0  quaternionmathfunctions.o ABSOLUTE
    SVMFunctions.c                           0x00000000   Number         0  svmfunctions.o ABSOLUTE
    SVMFunctionsF16.c                        0x00000000   Number         0  svmfunctionsf16.o ABSOLUTE
    StatisticsFunctions.c                    0x00000000   Number         0  statisticsfunctions.o ABSOLUTE
    StatisticsFunctionsF16.c                 0x00000000   Number         0  statisticsfunctionsf16.o ABSOLUTE
    SupportFunctions.c                       0x00000000   Number         0  supportfunctions.o ABSOLUTE
    SupportFunctionsF16.c                    0x00000000   Number         0  supportfunctionsf16.o ABSOLUTE
    TransformFunctions.c                     0x00000000   Number         0  transformfunctions.o ABSOLUTE
    TransformFunctionsF16.c                  0x00000000   Number         0  transformfunctionsf16.o ABSOLUTE
    bsp_can.c                                0x00000000   Number         0  bsp_can.o ABSOLUTE
    cdcmple.s                                0x00000000   Number         0  cdcmple.o ABSOLUTE
    cdrcmple.s                               0x00000000   Number         0  cdrcmple.o ABSOLUTE
    dc.s                                     0x00000000   Number         0  dc.o ABSOLUTE
    fdcan.c                                  0x00000000   Number         0  fdcan.o ABSOLUTE
    gpio.c                                   0x00000000   Number         0  gpio.o ABSOLUTE
    handlers.s                               0x00000000   Number         0  handlers.o ABSOLUTE
    i2c.c                                    0x00000000   Number         0  i2c.o ABSOLUTE
    init.s                                   0x00000000   Number         0  init.o ABSOLUTE
    main.c                                   0x00000000   Number         0  main.o ABSOLUTE
    startup_stm32g473xx.s                    0x00000000   Number         0  startup_stm32g473xx.o ABSOLUTE
    stm32g4xx_hal.c                          0x00000000   Number         0  stm32g4xx_hal.o ABSOLUTE
    stm32g4xx_hal_cortex.c                   0x00000000   Number         0  stm32g4xx_hal_cortex.o ABSOLUTE
    stm32g4xx_hal_dma.c                      0x00000000   Number         0  stm32g4xx_hal_dma.o ABSOLUTE
    stm32g4xx_hal_dma_ex.c                   0x00000000   Number         0  stm32g4xx_hal_dma_ex.o ABSOLUTE
    stm32g4xx_hal_exti.c                     0x00000000   Number         0  stm32g4xx_hal_exti.o ABSOLUTE
    stm32g4xx_hal_fdcan.c                    0x00000000   Number         0  stm32g4xx_hal_fdcan.o ABSOLUTE
    stm32g4xx_hal_flash.c                    0x00000000   Number         0  stm32g4xx_hal_flash.o ABSOLUTE
    stm32g4xx_hal_flash_ex.c                 0x00000000   Number         0  stm32g4xx_hal_flash_ex.o ABSOLUTE
    stm32g4xx_hal_flash_ramfunc.c            0x00000000   Number         0  stm32g4xx_hal_flash_ramfunc.o ABSOLUTE
    stm32g4xx_hal_gpio.c                     0x00000000   Number         0  stm32g4xx_hal_gpio.o ABSOLUTE
    stm32g4xx_hal_i2c.c                      0x00000000   Number         0  stm32g4xx_hal_i2c.o ABSOLUTE
    stm32g4xx_hal_i2c_ex.c                   0x00000000   Number         0  stm32g4xx_hal_i2c_ex.o ABSOLUTE
    stm32g4xx_hal_msp.c                      0x00000000   Number         0  stm32g4xx_hal_msp.o ABSOLUTE
    stm32g4xx_hal_pwr.c                      0x00000000   Number         0  stm32g4xx_hal_pwr.o ABSOLUTE
    stm32g4xx_hal_pwr_ex.c                   0x00000000   Number         0  stm32g4xx_hal_pwr_ex.o ABSOLUTE
    stm32g4xx_hal_rcc.c                      0x00000000   Number         0  stm32g4xx_hal_rcc.o ABSOLUTE
    stm32g4xx_hal_rcc_ex.c                   0x00000000   Number         0  stm32g4xx_hal_rcc_ex.o ABSOLUTE
    stm32g4xx_hal_tim.c                      0x00000000   Number         0  stm32g4xx_hal_tim.o ABSOLUTE
    stm32g4xx_hal_tim_ex.c                   0x00000000   Number         0  stm32g4xx_hal_tim_ex.o ABSOLUTE
    stm32g4xx_hal_uart.c                     0x00000000   Number         0  stm32g4xx_hal_uart.o ABSOLUTE
    stm32g4xx_hal_uart_ex.c                  0x00000000   Number         0  stm32g4xx_hal_uart_ex.o ABSOLUTE
    stm32g4xx_it.c                           0x00000000   Number         0  stm32g4xx_it.o ABSOLUTE
    system_stm32g4xx.c                       0x00000000   Number         0  system_stm32g4xx.o ABSOLUTE
    usart.c                                  0x00000000   Number         0  usart.o ABSOLUTE
    RESET                                    0x08000000   Section      472  startup_stm32g473xx.o(RESET)
    .ARM.Collect$$$$00000000                 0x080001d8   Section        0  entry.o(.ARM.Collect$$$$00000000)
    .ARM.Collect$$$$00000001                 0x080001d8   Section        4  entry2.o(.ARM.Collect$$$$00000001)
    .ARM.Collect$$$$00000004                 0x080001dc   Section        4  entry5.o(.ARM.Collect$$$$00000004)
    .ARM.Collect$$$$00000008                 0x080001e0   Section        0  entry7b.o(.ARM.Collect$$$$00000008)
    .ARM.Collect$$$$0000000A                 0x080001e0   Section        0  entry8b.o(.ARM.Collect$$$$0000000A)
    .ARM.Collect$$$$0000000B                 0x080001e0   Section        8  entry9a.o(.ARM.Collect$$$$0000000B)
    __lit__00000000                          0x080001e8   Data           4  entry2.o(.ARM.Collect$$$$00002712)
    .ARM.Collect$$$$0000000D                 0x080001e8   Section        0  entry10a.o(.ARM.Collect$$$$0000000D)
    .ARM.Collect$$$$0000000F                 0x080001e8   Section        0  entry11a.o(.ARM.Collect$$$$0000000F)
    .ARM.Collect$$$$00002712                 0x080001e8   Section        4  entry2.o(.ARM.Collect$$$$00002712)
    $v0                                      0x080001ec   Number         0  startup_stm32g473xx.o(.text)
    .text                                    0x080001ec   Section       36  startup_stm32g473xx.o(.text)
    .text                                    0x08000210   Section        0  uldiv.o(.text)
    .text                                    0x08000272   Section        0  memseta.o(.text)
    .text                                    0x08000296   Section        0  dadd.o(.text)
    .text                                    0x080003e4   Section        0  dmul.o(.text)
    .text                                    0x080004c8   Section        0  ddiv.o(.text)
    .text                                    0x080005a6   Section        0  f2d.o(.text)
    .text                                    0x080005cc   Section        0  uidiv.o(.text)
    .text                                    0x080005f8   Section        0  llshl.o(.text)
    .text                                    0x08000616   Section        0  llushr.o(.text)
    .text                                    0x08000636   Section        0  llsshr.o(.text)
    .text                                    0x0800065a   Section        0  iusefp.o(.text)
    .text                                    0x0800065a   Section        0  depilogue.o(.text)
    .text                                    0x08000714   Section        0  dfixul.o(.text)
    .text                                    0x08000744   Section       48  cdrcmple.o(.text)
    .text                                    0x08000774   Section       36  init.o(.text)
    [Anonymous Symbol]                       0x08000798   Section        0  stm32g4xx_it.o(.text.BusFault_Handler)
    [Anonymous Symbol]                       0x0800079c   Section        0  stm32g4xx_it.o(.text.DebugMon_Handler)
    [Anonymous Symbol]                       0x080007a0   Section        0  main.o(.text.Error_Handler)
    [Anonymous Symbol]                       0x080007ac   Section        0  stm32g4xx_it.o(.text.FDCAN1_IT0_IRQHandler)
    [Anonymous Symbol]                       0x080007b8   Section        0  bsp_can.o(.text.FDCAN1_RxFilter_Config)
    [Anonymous Symbol]                       0x0800082c   Section        0  stm32g4xx_it.o(.text.FDCAN2_IT0_IRQHandler)
    [Anonymous Symbol]                       0x08000838   Section        0  bsp_can.o(.text.FDCAN2_RxFilter_Config)
    [Anonymous Symbol]                       0x080008ac   Section        0  stm32g4xx_it.o(.text.FDCAN3_IT0_IRQHandler)
    [Anonymous Symbol]                       0x080008b8   Section        0  bsp_can.o(.text.FDCAN3_RxFilter_Config)
    [Anonymous Symbol]                       0x0800092c   Section        0  bsp_can.o(.text.FDCAN_SendCurrent)
    [Anonymous Symbol]                       0x08000960   Section        0  stm32g4xx_hal_fdcan.o(.text.HAL_FDCAN_ActivateNotification)
    [Anonymous Symbol]                       0x08000a6c   Section        0  stm32g4xx_hal_fdcan.o(.text.HAL_FDCAN_AddMessageToTxFifoQ)
    [Anonymous Symbol]                       0x08000b2c   Section        0  stm32g4xx_hal_fdcan.o(.text.HAL_FDCAN_ConfigFilter)
    [Anonymous Symbol]                       0x08000b8c   Section        0  stm32g4xx_hal_fdcan.o(.text.HAL_FDCAN_ConfigGlobalFilter)
    [Anonymous Symbol]                       0x08000bcc   Section        0  stm32g4xx_hal_fdcan.o(.text.HAL_FDCAN_ErrorCallback)
    [Anonymous Symbol]                       0x08000bd0   Section        0  stm32g4xx_hal_fdcan.o(.text.HAL_FDCAN_ErrorStatusCallback)
    [Anonymous Symbol]                       0x08000bd4   Section        0  stm32g4xx_hal_fdcan.o(.text.HAL_FDCAN_GetRxMessage)
    [Anonymous Symbol]                       0x08000d3c   Section        0  stm32g4xx_hal_fdcan.o(.text.HAL_FDCAN_HighPriorityMessageCallback)
    [Anonymous Symbol]                       0x08000d40   Section        0  stm32g4xx_hal_fdcan.o(.text.HAL_FDCAN_IRQHandler)
    [Anonymous Symbol]                       0x08000ebc   Section        0  stm32g4xx_hal_fdcan.o(.text.HAL_FDCAN_Init)
    [Anonymous Symbol]                       0x08001110   Section        0  fdcan.o(.text.HAL_FDCAN_MspInit)
    [Anonymous Symbol]                       0x0800132c   Section        0  bsp_can.o(.text.HAL_FDCAN_RxFifo0Callback)
    [Anonymous Symbol]                       0x08001330   Section        0  bsp_can.o(.text.HAL_FDCAN_RxFifo1Callback)
    [Anonymous Symbol]                       0x08001390   Section        0  stm32g4xx_hal_fdcan.o(.text.HAL_FDCAN_Start)
    [Anonymous Symbol]                       0x080013bc   Section        0  stm32g4xx_hal_fdcan.o(.text.HAL_FDCAN_TimeoutOccurredCallback)
    [Anonymous Symbol]                       0x080013c0   Section        0  stm32g4xx_hal_fdcan.o(.text.HAL_FDCAN_TimestampWraparoundCallback)
    [Anonymous Symbol]                       0x080013c4   Section        0  stm32g4xx_hal_fdcan.o(.text.HAL_FDCAN_TxBufferAbortCallback)
    [Anonymous Symbol]                       0x080013c8   Section        0  stm32g4xx_hal_fdcan.o(.text.HAL_FDCAN_TxBufferCompleteCallback)
    [Anonymous Symbol]                       0x080013cc   Section        0  stm32g4xx_hal_fdcan.o(.text.HAL_FDCAN_TxEventFifoCallback)
    [Anonymous Symbol]                       0x080013d0   Section        0  stm32g4xx_hal_fdcan.o(.text.HAL_FDCAN_TxFifoEmptyCallback)
    [Anonymous Symbol]                       0x080013d4   Section        0  stm32g4xx_hal_gpio.o(.text.HAL_GPIO_Init)
    [Anonymous Symbol]                       0x08001580   Section        0  stm32g4xx_hal.o(.text.HAL_GetTick)
    [Anonymous Symbol]                       0x0800158c   Section        0  stm32g4xx_hal_i2c_ex.o(.text.HAL_I2CEx_ConfigAnalogFilter)
    [Anonymous Symbol]                       0x080015d8   Section        0  stm32g4xx_hal_i2c_ex.o(.text.HAL_I2CEx_ConfigDigitalFilter)
    [Anonymous Symbol]                       0x08001620   Section        0  stm32g4xx_hal_i2c.o(.text.HAL_I2C_Init)
    [Anonymous Symbol]                       0x080016d0   Section        0  stm32g4xx_hal_i2c.o(.text.HAL_I2C_Master_Receive)
    [Anonymous Symbol]                       0x0800187c   Section        0  stm32g4xx_hal_i2c.o(.text.HAL_I2C_Master_Transmit)
    [Anonymous Symbol]                       0x08001a40   Section        0  i2c.o(.text.HAL_I2C_MspInit)
    [Anonymous Symbol]                       0x08001ac4   Section        0  stm32g4xx_hal.o(.text.HAL_IncTick)
    [Anonymous Symbol]                       0x08001ae0   Section        0  stm32g4xx_hal.o(.text.HAL_Init)
    [Anonymous Symbol]                       0x08001b00   Section        0  stm32g4xx_hal.o(.text.HAL_InitTick)
    [Anonymous Symbol]                       0x08001b4c   Section        0  stm32g4xx_hal_msp.o(.text.HAL_MspInit)
    [Anonymous Symbol]                       0x08001b80   Section        0  stm32g4xx_hal_cortex.o(.text.HAL_NVIC_EnableIRQ)
    [Anonymous Symbol]                       0x08001ba8   Section        0  stm32g4xx_hal_cortex.o(.text.HAL_NVIC_SetPriority)
    [Anonymous Symbol]                       0x08001c00   Section        0  stm32g4xx_hal_cortex.o(.text.HAL_NVIC_SetPriorityGrouping)
    [Anonymous Symbol]                       0x08001c20   Section        0  stm32g4xx_hal_pwr_ex.o(.text.HAL_PWREx_ControlVoltageScaling)
    [Anonymous Symbol]                       0x08001d48   Section        0  stm32g4xx_hal_pwr_ex.o(.text.HAL_PWREx_DisableUCPDDeadBattery)
    [Anonymous Symbol]                       0x08001d5c   Section        0  stm32g4xx_hal_rcc_ex.o(.text.HAL_RCCEx_PeriphCLKConfig)
    [Anonymous Symbol]                       0x08002034   Section        0  stm32g4xx_hal_rcc.o(.text.HAL_RCC_ClockConfig)
    [Anonymous Symbol]                       0x08002348   Section        0  stm32g4xx_hal_rcc.o(.text.HAL_RCC_GetPCLK1Freq)
    [Anonymous Symbol]                       0x08002374   Section        0  stm32g4xx_hal_rcc.o(.text.HAL_RCC_GetPCLK2Freq)
    [Anonymous Symbol]                       0x080023a0   Section        0  stm32g4xx_hal_rcc.o(.text.HAL_RCC_GetSysClockFreq)
    [Anonymous Symbol]                       0x08002420   Section        0  stm32g4xx_hal_rcc.o(.text.HAL_RCC_OscConfig)
    [Anonymous Symbol]                       0x080028cc   Section        0  stm32g4xx_hal_cortex.o(.text.HAL_SYSTICK_Config)
    [Anonymous Symbol]                       0x080028f8   Section        0  stm32g4xx_hal_uart_ex.o(.text.HAL_UARTEx_DisableFifoMode)
    [Anonymous Symbol]                       0x08002930   Section        0  stm32g4xx_hal_uart_ex.o(.text.HAL_UARTEx_SetRxFifoThreshold)
    [Anonymous Symbol]                       0x080029bc   Section        0  stm32g4xx_hal_uart_ex.o(.text.HAL_UARTEx_SetTxFifoThreshold)
    [Anonymous Symbol]                       0x08002a48   Section        0  stm32g4xx_hal_uart.o(.text.HAL_UART_Init)
    [Anonymous Symbol]                       0x08002aac   Section        0  usart.o(.text.HAL_UART_MspInit)
    [Anonymous Symbol]                       0x08002b2c   Section        0  stm32g4xx_hal_uart.o(.text.HAL_UART_Transmit)
    [Anonymous Symbol]                       0x08002cc0   Section        0  stm32g4xx_it.o(.text.HardFault_Handler)
    I2C_IsErrorOccurred                      0x08002cc5   Thumb Code   348  stm32g4xx_hal_i2c.o(.text.I2C_IsErrorOccurred)
    [Anonymous Symbol]                       0x08002cc4   Section        0  stm32g4xx_hal_i2c.o(.text.I2C_IsErrorOccurred)
    I2C_WaitOnFlagUntilTimeout               0x08002e21   Thumb Code   224  stm32g4xx_hal_i2c.o(.text.I2C_WaitOnFlagUntilTimeout)
    [Anonymous Symbol]                       0x08002e20   Section        0  stm32g4xx_hal_i2c.o(.text.I2C_WaitOnFlagUntilTimeout)
    I2C_WaitOnRXNEFlagUntilTimeout           0x08002f01   Thumb Code   210  stm32g4xx_hal_i2c.o(.text.I2C_WaitOnRXNEFlagUntilTimeout)
    [Anonymous Symbol]                       0x08002f00   Section        0  stm32g4xx_hal_i2c.o(.text.I2C_WaitOnRXNEFlagUntilTimeout)
    I2C_WaitOnSTOPFlagUntilTimeout           0x08002fd5   Thumb Code   124  stm32g4xx_hal_i2c.o(.text.I2C_WaitOnSTOPFlagUntilTimeout)
    [Anonymous Symbol]                       0x08002fd4   Section        0  stm32g4xx_hal_i2c.o(.text.I2C_WaitOnSTOPFlagUntilTimeout)
    I2C_WaitOnTXISFlagUntilTimeout           0x08003051   Thumb Code   148  stm32g4xx_hal_i2c.o(.text.I2C_WaitOnTXISFlagUntilTimeout)
    [Anonymous Symbol]                       0x08003050   Section        0  stm32g4xx_hal_i2c.o(.text.I2C_WaitOnTXISFlagUntilTimeout)
    [Anonymous Symbol]                       0x080030e4   Section        0  ina226.o(.text.INA226_GetShuntV)
    [Anonymous Symbol]                       0x08003130   Section        0  ina226.o(.text.INA226_SetCalibrationReg)
    [Anonymous Symbol]                       0x08003164   Section        0  ina226.o(.text.INA226_SetConfig)
    [Anonymous Symbol]                       0x08003198   Section        0  fdcan.o(.text.MX_FDCAN1_Init)
    [Anonymous Symbol]                       0x080031f8   Section        0  fdcan.o(.text.MX_FDCAN2_Init)
    [Anonymous Symbol]                       0x08003258   Section        0  fdcan.o(.text.MX_FDCAN3_Init)
    [Anonymous Symbol]                       0x080032b8   Section        0  gpio.o(.text.MX_GPIO_Init)
    [Anonymous Symbol]                       0x080032fc   Section        0  i2c.o(.text.MX_I2C2_Init)
    [Anonymous Symbol]                       0x08003368   Section        0  usart.o(.text.MX_USART2_UART_Init)
    [Anonymous Symbol]                       0x080033ec   Section        0  stm32g4xx_it.o(.text.MemManage_Handler)
    [Anonymous Symbol]                       0x080033f0   Section        0  stm32g4xx_it.o(.text.NMI_Handler)
    [Anonymous Symbol]                       0x080033f4   Section        0  stm32g4xx_it.o(.text.PendSV_Handler)
    [Anonymous Symbol]                       0x080033f8   Section        0  stm32g4xx_it.o(.text.SVC_Handler)
    [Anonymous Symbol]                       0x080033fc   Section        0  stm32g4xx_it.o(.text.SysTick_Handler)
    [Anonymous Symbol]                       0x08003400   Section        0  system_stm32g4xx.o(.text.SystemInit)
    [Anonymous Symbol]                       0x08003414   Section        0  stm32g4xx_hal_uart.o(.text.UART_AdvFeatureConfig)
    [Anonymous Symbol]                       0x080034fc   Section        0  stm32g4xx_hal_uart.o(.text.UART_CheckIdleState)
    [Anonymous Symbol]                       0x0800366c   Section        0  stm32g4xx_hal_uart.o(.text.UART_SetConfig)
    [Anonymous Symbol]                       0x0800392c   Section        0  stm32g4xx_hal_uart.o(.text.UART_WaitOnFlagUntilTimeout)
    [Anonymous Symbol]                       0x08003c64   Section        0  stm32g4xx_it.o(.text.UsageFault_Handler)
    [Anonymous Symbol]                       0x08003c68   Section        0  main.o(.text.main)
    i.__0sprintf                             0x08003d90   Section        0  printfa.o(i.__0sprintf)
    i.__scatterload_copy                     0x08003db8   Section       14  handlers.o(i.__scatterload_copy)
    i.__scatterload_null                     0x08003dc6   Section        2  handlers.o(i.__scatterload_null)
    i.__scatterload_zeroinit                 0x08003dc8   Section       14  handlers.o(i.__scatterload_zeroinit)
    _fp_digits                               0x08003dd9   Thumb Code   366  printfa.o(i._fp_digits)
    i._fp_digits                             0x08003dd8   Section        0  printfa.o(i._fp_digits)
    _printf_core                             0x08003f5d   Thumb Code  1744  printfa.o(i._printf_core)
    i._printf_core                           0x08003f5c   Section        0  printfa.o(i._printf_core)
    _printf_post_padding                     0x08004639   Thumb Code    36  printfa.o(i._printf_post_padding)
    i._printf_post_padding                   0x08004638   Section        0  printfa.o(i._printf_post_padding)
    _printf_pre_padding                      0x0800465d   Thumb Code    46  printfa.o(i._printf_pre_padding)
    i._printf_pre_padding                    0x0800465c   Section        0  printfa.o(i._printf_pre_padding)
    _sputc                                   0x0800468b   Thumb Code    10  printfa.o(i._sputc)
    i._sputc                                 0x0800468a   Section        0  printfa.o(i._sputc)
    DLCtoBytes                               0x080046c4   Data          16  stm32g4xx_hal_fdcan.o(.rodata.cst16)
    [Anonymous Symbol]                       0x080046c4   Section        0  stm32g4xx_hal_fdcan.o(.rodata.cst16)
    .Lswitch.table.UART_SetConfig.5          0x080046d4   Data          16  stm32g4xx_hal_uart.o(.rodata.cst16)
    UARTEx_SetNbDataToProcess.numerator      0x080046e4   Data           8  stm32g4xx_hal_uart_ex.o(.rodata.cst8)
    [Anonymous Symbol]                       0x080046e4   Section        0  stm32g4xx_hal_uart_ex.o(.rodata.cst8)
    UARTEx_SetNbDataToProcess.denominator    0x080046ec   Data           8  stm32g4xx_hal_uart_ex.o(.rodata.cst8)
    .L.str.1                                 0x080046f4   Data          12  main.o(.rodata.str1.1)
    [Anonymous Symbol]                       0x080046f4   Section        0  main.o(.rodata.str1.1)
    .L_MergedGlobals                         0x20000000   Data           8  stm32g4xx_hal.o(.data..L_MergedGlobals)
    [Anonymous Symbol]                       0x20000000   Section        0  stm32g4xx_hal.o(.data..L_MergedGlobals)
    .L_MergedGlobals                         0x20000010   Data          28  main.o(.bss..L_MergedGlobals)
    [Anonymous Symbol]                       0x20000010   Section        0  main.o(.bss..L_MergedGlobals)
    HAL_RCC_FDCAN_CLK_ENABLED                0x2000002c   Data           4  fdcan.o(.bss.HAL_RCC_FDCAN_CLK_ENABLED)
    [Anonymous Symbol]                       0x2000002c   Section        0  fdcan.o(.bss.HAL_RCC_FDCAN_CLK_ENABLED)
    STACK                                    0x20000248   Section     1024  startup_stm32g473xx.o(STACK)

    Global Symbols

    Symbol Name                              Value     Ov Type        Size  Object(Section)

    BuildAttributes$$THM_ISAv4$E$P$D$K$B$S$7EM$VFPi3$EXTD16$VFPS$VFMA$PE$A:L22UL41UL21$X:L11$S22US41US21$IEEE1$IW$~IW$USESV6$~STKCKD$USESV7$~SHL$OTIME$ROPI$IEEEX$EBA8$MICROLIB$REQ8$PRES8$EABIv2 0x00000000   Number         0  anon$$obj.o ABSOLUTE
    _printf_a                                0x00000000   Number         0  printfstubs.o ABSOLUTE
    _printf_c                                0x00000000   Number         0  printfstubs.o ABSOLUTE
    _printf_charcount                        0x00000000   Number         0  printfstubs.o ABSOLUTE
    _printf_d                                0x00000000   Number         0  printfstubs.o ABSOLUTE
    _printf_e                                0x00000000   Number         0  printfstubs.o ABSOLUTE
    _printf_f                                0x00000000   Number         0  printfstubs.o ABSOLUTE
    _printf_flags                            0x00000000   Number         0  printfstubs.o ABSOLUTE
    _printf_fp_dec                           0x00000000   Number         0  printfstubs.o ABSOLUTE
    _printf_fp_hex                           0x00000000   Number         0  printfstubs.o ABSOLUTE
    _printf_g                                0x00000000   Number         0  printfstubs.o ABSOLUTE
    _printf_i                                0x00000000   Number         0  printfstubs.o ABSOLUTE
    _printf_int_dec                          0x00000000   Number         0  printfstubs.o ABSOLUTE
    _printf_l                                0x00000000   Number         0  printfstubs.o ABSOLUTE
    _printf_lc                               0x00000000   Number         0  printfstubs.o ABSOLUTE
    _printf_ll                               0x00000000   Number         0  printfstubs.o ABSOLUTE
    _printf_lld                              0x00000000   Number         0  printfstubs.o ABSOLUTE
    _printf_lli                              0x00000000   Number         0  printfstubs.o ABSOLUTE
    _printf_llo                              0x00000000   Number         0  printfstubs.o ABSOLUTE
    _printf_llu                              0x00000000   Number         0  printfstubs.o ABSOLUTE
    _printf_llx                              0x00000000   Number         0  printfstubs.o ABSOLUTE
    _printf_longlong_dec                     0x00000000   Number         0  printfstubs.o ABSOLUTE
    _printf_longlong_hex                     0x00000000   Number         0  printfstubs.o ABSOLUTE
    _printf_longlong_oct                     0x00000000   Number         0  printfstubs.o ABSOLUTE
    _printf_ls                               0x00000000   Number         0  printfstubs.o ABSOLUTE
    _printf_mbtowc                           0x00000000   Number         0  printfstubs.o ABSOLUTE
    _printf_n                                0x00000000   Number         0  printfstubs.o ABSOLUTE
    _printf_o                                0x00000000   Number         0  printfstubs.o ABSOLUTE
    _printf_p                                0x00000000   Number         0  printfstubs.o ABSOLUTE
    _printf_percent                          0x00000000   Number         0  printfstubs.o ABSOLUTE
    _printf_pre_padding                      0x00000000   Number         0  printfstubs.o ABSOLUTE
    _printf_return_value                     0x00000000   Number         0  printfstubs.o ABSOLUTE
    _printf_s                                0x00000000   Number         0  printfstubs.o ABSOLUTE
    _printf_sizespec                         0x00000000   Number         0  printfstubs.o ABSOLUTE
    _printf_str                              0x00000000   Number         0  printfstubs.o ABSOLUTE
    _printf_truncate_signed                  0x00000000   Number         0  printfstubs.o ABSOLUTE
    _printf_truncate_unsigned                0x00000000   Number         0  printfstubs.o ABSOLUTE
    _printf_u                                0x00000000   Number         0  printfstubs.o ABSOLUTE
    _printf_wc                               0x00000000   Number         0  printfstubs.o ABSOLUTE
    _printf_wctomb                           0x00000000   Number         0  printfstubs.o ABSOLUTE
    _printf_widthprec                        0x00000000   Number         0  printfstubs.o ABSOLUTE
    _printf_x                                0x00000000   Number         0  printfstubs.o ABSOLUTE
    __cpp_initialize__aeabi_                  - Undefined Weak Reference
    __cxa_finalize                            - Undefined Weak Reference
    __decompress                              - Undefined Weak Reference
    _clock_init                               - Undefined Weak Reference
    _microlib_exit                            - Undefined Weak Reference
    __Vectors_Size                           0x000001d8   Number         0  startup_stm32g473xx.o ABSOLUTE
    __Vectors                                0x08000000   Data           4  startup_stm32g473xx.o(RESET)
    __Vectors_End                            0x080001d8   Data           0  startup_stm32g473xx.o(RESET)
    __main                                   0x080001d9   Thumb Code     0  entry.o(.ARM.Collect$$$$00000000)
    _main_stk                                0x080001d9   Thumb Code     0  entry2.o(.ARM.Collect$$$$00000001)
    _main_scatterload                        0x080001dd   Thumb Code     0  entry5.o(.ARM.Collect$$$$00000004)
    __main_after_scatterload                 0x080001e1   Thumb Code     0  entry5.o(.ARM.Collect$$$$00000004)
    _main_clock                              0x080001e1   Thumb Code     0  entry7b.o(.ARM.Collect$$$$00000008)
    _main_cpp_init                           0x080001e1   Thumb Code     0  entry8b.o(.ARM.Collect$$$$0000000A)
    _main_init                               0x080001e1   Thumb Code     0  entry9a.o(.ARM.Collect$$$$0000000B)
    __rt_final_cpp                           0x080001e9   Thumb Code     0  entry10a.o(.ARM.Collect$$$$0000000D)
    __rt_final_exit                          0x080001e9   Thumb Code     0  entry11a.o(.ARM.Collect$$$$0000000F)
    Reset_Handler                            0x080001ed   Thumb Code     8  startup_stm32g473xx.o(.text)
    ADC1_2_IRQHandler                        0x08000207   Thumb Code     0  startup_stm32g473xx.o(.text)
    ADC3_IRQHandler                          0x08000207   Thumb Code     0  startup_stm32g473xx.o(.text)
    ADC4_IRQHandler                          0x08000207   Thumb Code     0  startup_stm32g473xx.o(.text)
    ADC5_IRQHandler                          0x08000207   Thumb Code     0  startup_stm32g473xx.o(.text)
    COMP1_2_3_IRQHandler                     0x08000207   Thumb Code     0  startup_stm32g473xx.o(.text)
    COMP4_5_6_IRQHandler                     0x08000207   Thumb Code     0  startup_stm32g473xx.o(.text)
    COMP7_IRQHandler                         0x08000207   Thumb Code     0  startup_stm32g473xx.o(.text)
    CORDIC_IRQHandler                        0x08000207   Thumb Code     0  startup_stm32g473xx.o(.text)
    CRS_IRQHandler                           0x08000207   Thumb Code     0  startup_stm32g473xx.o(.text)
    DMA1_Channel1_IRQHandler                 0x08000207   Thumb Code     0  startup_stm32g473xx.o(.text)
    DMA1_Channel2_IRQHandler                 0x08000207   Thumb Code     0  startup_stm32g473xx.o(.text)
    DMA1_Channel3_IRQHandler                 0x08000207   Thumb Code     0  startup_stm32g473xx.o(.text)
    DMA1_Channel4_IRQHandler                 0x08000207   Thumb Code     0  startup_stm32g473xx.o(.text)
    DMA1_Channel5_IRQHandler                 0x08000207   Thumb Code     0  startup_stm32g473xx.o(.text)
    DMA1_Channel6_IRQHandler                 0x08000207   Thumb Code     0  startup_stm32g473xx.o(.text)
    DMA1_Channel7_IRQHandler                 0x08000207   Thumb Code     0  startup_stm32g473xx.o(.text)
    DMA1_Channel8_IRQHandler                 0x08000207   Thumb Code     0  startup_stm32g473xx.o(.text)
    DMA2_Channel1_IRQHandler                 0x08000207   Thumb Code     0  startup_stm32g473xx.o(.text)
    DMA2_Channel2_IRQHandler                 0x08000207   Thumb Code     0  startup_stm32g473xx.o(.text)
    DMA2_Channel3_IRQHandler                 0x08000207   Thumb Code     0  startup_stm32g473xx.o(.text)
    DMA2_Channel4_IRQHandler                 0x08000207   Thumb Code     0  startup_stm32g473xx.o(.text)
    DMA2_Channel5_IRQHandler                 0x08000207   Thumb Code     0  startup_stm32g473xx.o(.text)
    DMA2_Channel6_IRQHandler                 0x08000207   Thumb Code     0  startup_stm32g473xx.o(.text)
    DMA2_Channel7_IRQHandler                 0x08000207   Thumb Code     0  startup_stm32g473xx.o(.text)
    DMA2_Channel8_IRQHandler                 0x08000207   Thumb Code     0  startup_stm32g473xx.o(.text)
    DMAMUX_OVR_IRQHandler                    0x08000207   Thumb Code     0  startup_stm32g473xx.o(.text)
    EXTI0_IRQHandler                         0x08000207   Thumb Code     0  startup_stm32g473xx.o(.text)
    EXTI15_10_IRQHandler                     0x08000207   Thumb Code     0  startup_stm32g473xx.o(.text)
    EXTI1_IRQHandler                         0x08000207   Thumb Code     0  startup_stm32g473xx.o(.text)
    EXTI2_IRQHandler                         0x08000207   Thumb Code     0  startup_stm32g473xx.o(.text)
    EXTI3_IRQHandler                         0x08000207   Thumb Code     0  startup_stm32g473xx.o(.text)
    EXTI4_IRQHandler                         0x08000207   Thumb Code     0  startup_stm32g473xx.o(.text)
    EXTI9_5_IRQHandler                       0x08000207   Thumb Code     0  startup_stm32g473xx.o(.text)
    FDCAN1_IT1_IRQHandler                    0x08000207   Thumb Code     0  startup_stm32g473xx.o(.text)
    FDCAN2_IT1_IRQHandler                    0x08000207   Thumb Code     0  startup_stm32g473xx.o(.text)
    FDCAN3_IT1_IRQHandler                    0x08000207   Thumb Code     0  startup_stm32g473xx.o(.text)
    FLASH_IRQHandler                         0x08000207   Thumb Code     0  startup_stm32g473xx.o(.text)
    FMAC_IRQHandler                          0x08000207   Thumb Code     0  startup_stm32g473xx.o(.text)
    FMC_IRQHandler                           0x08000207   Thumb Code     0  startup_stm32g473xx.o(.text)
    FPU_IRQHandler                           0x08000207   Thumb Code     0  startup_stm32g473xx.o(.text)
    I2C1_ER_IRQHandler                       0x08000207   Thumb Code     0  startup_stm32g473xx.o(.text)
    I2C1_EV_IRQHandler                       0x08000207   Thumb Code     0  startup_stm32g473xx.o(.text)
    I2C2_ER_IRQHandler                       0x08000207   Thumb Code     0  startup_stm32g473xx.o(.text)
    I2C2_EV_IRQHandler                       0x08000207   Thumb Code     0  startup_stm32g473xx.o(.text)
    I2C3_ER_IRQHandler                       0x08000207   Thumb Code     0  startup_stm32g473xx.o(.text)
    I2C3_EV_IRQHandler                       0x08000207   Thumb Code     0  startup_stm32g473xx.o(.text)
    I2C4_ER_IRQHandler                       0x08000207   Thumb Code     0  startup_stm32g473xx.o(.text)
    I2C4_EV_IRQHandler                       0x08000207   Thumb Code     0  startup_stm32g473xx.o(.text)
    LPTIM1_IRQHandler                        0x08000207   Thumb Code     0  startup_stm32g473xx.o(.text)
    LPUART1_IRQHandler                       0x08000207   Thumb Code     0  startup_stm32g473xx.o(.text)
    PVD_PVM_IRQHandler                       0x08000207   Thumb Code     0  startup_stm32g473xx.o(.text)
    QUADSPI_IRQHandler                       0x08000207   Thumb Code     0  startup_stm32g473xx.o(.text)
    RCC_IRQHandler                           0x08000207   Thumb Code     0  startup_stm32g473xx.o(.text)
    RNG_IRQHandler                           0x08000207   Thumb Code     0  startup_stm32g473xx.o(.text)
    RTC_Alarm_IRQHandler                     0x08000207   Thumb Code     0  startup_stm32g473xx.o(.text)
    RTC_TAMP_LSECSS_IRQHandler               0x08000207   Thumb Code     0  startup_stm32g473xx.o(.text)
    RTC_WKUP_IRQHandler                      0x08000207   Thumb Code     0  startup_stm32g473xx.o(.text)
    SAI1_IRQHandler                          0x08000207   Thumb Code     0  startup_stm32g473xx.o(.text)
    SPI1_IRQHandler                          0x08000207   Thumb Code     0  startup_stm32g473xx.o(.text)
    SPI2_IRQHandler                          0x08000207   Thumb Code     0  startup_stm32g473xx.o(.text)
    SPI3_IRQHandler                          0x08000207   Thumb Code     0  startup_stm32g473xx.o(.text)
    SPI4_IRQHandler                          0x08000207   Thumb Code     0  startup_stm32g473xx.o(.text)
    TIM1_BRK_TIM15_IRQHandler                0x08000207   Thumb Code     0  startup_stm32g473xx.o(.text)
    TIM1_CC_IRQHandler                       0x08000207   Thumb Code     0  startup_stm32g473xx.o(.text)
    TIM1_TRG_COM_TIM17_IRQHandler            0x08000207   Thumb Code     0  startup_stm32g473xx.o(.text)
    TIM1_UP_TIM16_IRQHandler                 0x08000207   Thumb Code     0  startup_stm32g473xx.o(.text)
    TIM20_BRK_IRQHandler                     0x08000207   Thumb Code     0  startup_stm32g473xx.o(.text)
    TIM20_CC_IRQHandler                      0x08000207   Thumb Code     0  startup_stm32g473xx.o(.text)
    TIM20_TRG_COM_IRQHandler                 0x08000207   Thumb Code     0  startup_stm32g473xx.o(.text)
    TIM20_UP_IRQHandler                      0x08000207   Thumb Code     0  startup_stm32g473xx.o(.text)
    TIM2_IRQHandler                          0x08000207   Thumb Code     0  startup_stm32g473xx.o(.text)
    TIM3_IRQHandler                          0x08000207   Thumb Code     0  startup_stm32g473xx.o(.text)
    TIM4_IRQHandler                          0x08000207   Thumb Code     0  startup_stm32g473xx.o(.text)
    TIM5_IRQHandler                          0x08000207   Thumb Code     0  startup_stm32g473xx.o(.text)
    TIM6_DAC_IRQHandler                      0x08000207   Thumb Code     0  startup_stm32g473xx.o(.text)
    TIM7_DAC_IRQHandler                      0x08000207   Thumb Code     0  startup_stm32g473xx.o(.text)
    TIM8_BRK_IRQHandler                      0x08000207   Thumb Code     0  startup_stm32g473xx.o(.text)
    TIM8_CC_IRQHandler                       0x08000207   Thumb Code     0  startup_stm32g473xx.o(.text)
    TIM8_TRG_COM_IRQHandler                  0x08000207   Thumb Code     0  startup_stm32g473xx.o(.text)
    TIM8_UP_IRQHandler                       0x08000207   Thumb Code     0  startup_stm32g473xx.o(.text)
    UART4_IRQHandler                         0x08000207   Thumb Code     0  startup_stm32g473xx.o(.text)
    UART5_IRQHandler                         0x08000207   Thumb Code     0  startup_stm32g473xx.o(.text)
    UCPD1_IRQHandler                         0x08000207   Thumb Code     0  startup_stm32g473xx.o(.text)
    USART1_IRQHandler                        0x08000207   Thumb Code     0  startup_stm32g473xx.o(.text)
    USART2_IRQHandler                        0x08000207   Thumb Code     0  startup_stm32g473xx.o(.text)
    USART3_IRQHandler                        0x08000207   Thumb Code     0  startup_stm32g473xx.o(.text)
    USBWakeUp_IRQHandler                     0x08000207   Thumb Code     0  startup_stm32g473xx.o(.text)
    USB_HP_IRQHandler                        0x08000207   Thumb Code     0  startup_stm32g473xx.o(.text)
    USB_LP_IRQHandler                        0x08000207   Thumb Code     0  startup_stm32g473xx.o(.text)
    WWDG_IRQHandler                          0x08000207   Thumb Code     0  startup_stm32g473xx.o(.text)
    __aeabi_uldivmod                         0x08000211   Thumb Code    98  uldiv.o(.text)
    __aeabi_memset                           0x08000273   Thumb Code    14  memseta.o(.text)
    __aeabi_memset4                          0x08000273   Thumb Code     0  memseta.o(.text)
    __aeabi_memset8                          0x08000273   Thumb Code     0  memseta.o(.text)
    __aeabi_memclr                           0x08000281   Thumb Code     4  memseta.o(.text)
    __aeabi_memclr4                          0x08000281   Thumb Code     0  memseta.o(.text)
    __aeabi_memclr8                          0x08000281   Thumb Code     0  memseta.o(.text)
    _memset$wrapper                          0x08000285   Thumb Code    18  memseta.o(.text)
    __aeabi_dadd                             0x08000297   Thumb Code   322  dadd.o(.text)
    __aeabi_dsub                             0x080003d9   Thumb Code     6  dadd.o(.text)
    __aeabi_drsub                            0x080003df   Thumb Code     6  dadd.o(.text)
    __aeabi_dmul                             0x080003e5   Thumb Code   228  dmul.o(.text)
    __aeabi_ddiv                             0x080004c9   Thumb Code   222  ddiv.o(.text)
    __aeabi_f2d                              0x080005a7   Thumb Code    38  f2d.o(.text)
    __aeabi_uidiv                            0x080005cd   Thumb Code     0  uidiv.o(.text)
    __aeabi_uidivmod                         0x080005cd   Thumb Code    44  uidiv.o(.text)
    __aeabi_llsl                             0x080005f9   Thumb Code    30  llshl.o(.text)
    _ll_shift_l                              0x080005f9   Thumb Code     0  llshl.o(.text)
    __aeabi_llsr                             0x08000617   Thumb Code    32  llushr.o(.text)
    _ll_ushift_r                             0x08000617   Thumb Code     0  llushr.o(.text)
    __aeabi_lasr                             0x08000637   Thumb Code    36  llsshr.o(.text)
    _ll_sshift_r                             0x08000637   Thumb Code     0  llsshr.o(.text)
    __I$use$fp                               0x0800065b   Thumb Code     0  iusefp.o(.text)
    _double_round                            0x0800065b   Thumb Code    30  depilogue.o(.text)
    _double_epilogue                         0x08000679   Thumb Code   156  depilogue.o(.text)
    __aeabi_d2ulz                            0x08000715   Thumb Code    48  dfixul.o(.text)
    __aeabi_cdrcmple                         0x08000745   Thumb Code    48  cdrcmple.o(.text)
    __scatterload                            0x08000775   Thumb Code    28  init.o(.text)
    __scatterload_rt2                        0x08000775   Thumb Code     0  init.o(.text)
    BusFault_Handler                         0x08000799   Thumb Code     2  stm32g4xx_it.o(.text.BusFault_Handler)
    DebugMon_Handler                         0x0800079d   Thumb Code     2  stm32g4xx_it.o(.text.DebugMon_Handler)
    Error_Handler                            0x080007a1   Thumb Code    10  main.o(.text.Error_Handler)
    FDCAN1_IT0_IRQHandler                    0x080007ad   Thumb Code    12  stm32g4xx_it.o(.text.FDCAN1_IT0_IRQHandler)
    FDCAN1_RxFilter_Config                   0x080007b9   Thumb Code   114  bsp_can.o(.text.FDCAN1_RxFilter_Config)
    FDCAN2_IT0_IRQHandler                    0x0800082d   Thumb Code    12  stm32g4xx_it.o(.text.FDCAN2_IT0_IRQHandler)
    FDCAN2_RxFilter_Config                   0x08000839   Thumb Code   114  bsp_can.o(.text.FDCAN2_RxFilter_Config)
    FDCAN3_IT0_IRQHandler                    0x080008ad   Thumb Code    12  stm32g4xx_it.o(.text.FDCAN3_IT0_IRQHandler)
    FDCAN3_RxFilter_Config                   0x080008b9   Thumb Code   114  bsp_can.o(.text.FDCAN3_RxFilter_Config)
    FDCAN_SendCurrent                        0x0800092d   Thumb Code    52  bsp_can.o(.text.FDCAN_SendCurrent)
    HAL_FDCAN_ActivateNotification           0x08000961   Thumb Code   268  stm32g4xx_hal_fdcan.o(.text.HAL_FDCAN_ActivateNotification)
    HAL_FDCAN_AddMessageToTxFifoQ            0x08000a6d   Thumb Code   192  stm32g4xx_hal_fdcan.o(.text.HAL_FDCAN_AddMessageToTxFifoQ)
    HAL_FDCAN_ConfigFilter                   0x08000b2d   Thumb Code    96  stm32g4xx_hal_fdcan.o(.text.HAL_FDCAN_ConfigFilter)
    HAL_FDCAN_ConfigGlobalFilter             0x08000b8d   Thumb Code    64  stm32g4xx_hal_fdcan.o(.text.HAL_FDCAN_ConfigGlobalFilter)
    HAL_FDCAN_ErrorCallback                  0x08000bcd   Thumb Code     2  stm32g4xx_hal_fdcan.o(.text.HAL_FDCAN_ErrorCallback)
    HAL_FDCAN_ErrorStatusCallback            0x08000bd1   Thumb Code     2  stm32g4xx_hal_fdcan.o(.text.HAL_FDCAN_ErrorStatusCallback)
    HAL_FDCAN_GetRxMessage                   0x08000bd5   Thumb Code   358  stm32g4xx_hal_fdcan.o(.text.HAL_FDCAN_GetRxMessage)
    HAL_FDCAN_HighPriorityMessageCallback    0x08000d3d   Thumb Code     2  stm32g4xx_hal_fdcan.o(.text.HAL_FDCAN_HighPriorityMessageCallback)
    HAL_FDCAN_IRQHandler                     0x08000d41   Thumb Code   378  stm32g4xx_hal_fdcan.o(.text.HAL_FDCAN_IRQHandler)
    HAL_FDCAN_Init                           0x08000ebd   Thumb Code   596  stm32g4xx_hal_fdcan.o(.text.HAL_FDCAN_Init)
    HAL_FDCAN_MspInit                        0x08001111   Thumb Code   538  fdcan.o(.text.HAL_FDCAN_MspInit)
    HAL_FDCAN_RxFifo0Callback                0x0800132d   Thumb Code     2  bsp_can.o(.text.HAL_FDCAN_RxFifo0Callback)
    HAL_FDCAN_RxFifo1Callback                0x08001331   Thumb Code    96  bsp_can.o(.text.HAL_FDCAN_RxFifo1Callback)
    HAL_FDCAN_Start                          0x08001391   Thumb Code    44  stm32g4xx_hal_fdcan.o(.text.HAL_FDCAN_Start)
    HAL_FDCAN_TimeoutOccurredCallback        0x080013bd   Thumb Code     2  stm32g4xx_hal_fdcan.o(.text.HAL_FDCAN_TimeoutOccurredCallback)
    HAL_FDCAN_TimestampWraparoundCallback    0x080013c1   Thumb Code     2  stm32g4xx_hal_fdcan.o(.text.HAL_FDCAN_TimestampWraparoundCallback)
    HAL_FDCAN_TxBufferAbortCallback          0x080013c5   Thumb Code     2  stm32g4xx_hal_fdcan.o(.text.HAL_FDCAN_TxBufferAbortCallback)
    HAL_FDCAN_TxBufferCompleteCallback       0x080013c9   Thumb Code     2  stm32g4xx_hal_fdcan.o(.text.HAL_FDCAN_TxBufferCompleteCallback)
    HAL_FDCAN_TxEventFifoCallback            0x080013cd   Thumb Code     2  stm32g4xx_hal_fdcan.o(.text.HAL_FDCAN_TxEventFifoCallback)
    HAL_FDCAN_TxFifoEmptyCallback            0x080013d1   Thumb Code     2  stm32g4xx_hal_fdcan.o(.text.HAL_FDCAN_TxFifoEmptyCallback)
    HAL_GPIO_Init                            0x080013d5   Thumb Code   426  stm32g4xx_hal_gpio.o(.text.HAL_GPIO_Init)
    HAL_GetTick                              0x08001581   Thumb Code    12  stm32g4xx_hal.o(.text.HAL_GetTick)
    HAL_I2CEx_ConfigAnalogFilter             0x0800158d   Thumb Code    74  stm32g4xx_hal_i2c_ex.o(.text.HAL_I2CEx_ConfigAnalogFilter)
    HAL_I2CEx_ConfigDigitalFilter            0x080015d9   Thumb Code    72  stm32g4xx_hal_i2c_ex.o(.text.HAL_I2CEx_ConfigDigitalFilter)
    HAL_I2C_Init                             0x08001621   Thumb Code   174  stm32g4xx_hal_i2c.o(.text.HAL_I2C_Init)
    HAL_I2C_Master_Receive                   0x080016d1   Thumb Code   426  stm32g4xx_hal_i2c.o(.text.HAL_I2C_Master_Receive)
    HAL_I2C_Master_Transmit                  0x0800187d   Thumb Code   452  stm32g4xx_hal_i2c.o(.text.HAL_I2C_Master_Transmit)
    HAL_I2C_MspInit                          0x08001a41   Thumb Code   132  i2c.o(.text.HAL_I2C_MspInit)
    HAL_IncTick                              0x08001ac5   Thumb Code    26  stm32g4xx_hal.o(.text.HAL_IncTick)
    HAL_Init                                 0x08001ae1   Thumb Code    30  stm32g4xx_hal.o(.text.HAL_Init)
    HAL_InitTick                             0x08001b01   Thumb Code    76  stm32g4xx_hal.o(.text.HAL_InitTick)
    HAL_MspInit                              0x08001b4d   Thumb Code    52  stm32g4xx_hal_msp.o(.text.HAL_MspInit)
    HAL_NVIC_EnableIRQ                       0x08001b81   Thumb Code    38  stm32g4xx_hal_cortex.o(.text.HAL_NVIC_EnableIRQ)
    HAL_NVIC_SetPriority                     0x08001ba9   Thumb Code    86  stm32g4xx_hal_cortex.o(.text.HAL_NVIC_SetPriority)
    HAL_NVIC_SetPriorityGrouping             0x08001c01   Thumb Code    32  stm32g4xx_hal_cortex.o(.text.HAL_NVIC_SetPriorityGrouping)
    HAL_PWREx_ControlVoltageScaling          0x08001c21   Thumb Code   294  stm32g4xx_hal_pwr_ex.o(.text.HAL_PWREx_ControlVoltageScaling)
    HAL_PWREx_DisableUCPDDeadBattery         0x08001d49   Thumb Code    18  stm32g4xx_hal_pwr_ex.o(.text.HAL_PWREx_DisableUCPDDeadBattery)
    HAL_RCCEx_PeriphCLKConfig                0x08001d5d   Thumb Code   726  stm32g4xx_hal_rcc_ex.o(.text.HAL_RCCEx_PeriphCLKConfig)
    HAL_RCC_ClockConfig                      0x08002035   Thumb Code   788  stm32g4xx_hal_rcc.o(.text.HAL_RCC_ClockConfig)
    HAL_RCC_GetPCLK1Freq                     0x08002349   Thumb Code    42  stm32g4xx_hal_rcc.o(.text.HAL_RCC_GetPCLK1Freq)
    HAL_RCC_GetPCLK2Freq                     0x08002375   Thumb Code    42  stm32g4xx_hal_rcc.o(.text.HAL_RCC_GetPCLK2Freq)
    HAL_RCC_GetSysClockFreq                  0x080023a1   Thumb Code   126  stm32g4xx_hal_rcc.o(.text.HAL_RCC_GetSysClockFreq)
    HAL_RCC_OscConfig                        0x08002421   Thumb Code  1194  stm32g4xx_hal_rcc.o(.text.HAL_RCC_OscConfig)
    HAL_SYSTICK_Config                       0x080028cd   Thumb Code    44  stm32g4xx_hal_cortex.o(.text.HAL_SYSTICK_Config)
    HAL_UARTEx_DisableFifoMode               0x080028f9   Thumb Code    54  stm32g4xx_hal_uart_ex.o(.text.HAL_UARTEx_DisableFifoMode)
    HAL_UARTEx_SetRxFifoThreshold            0x08002931   Thumb Code   140  stm32g4xx_hal_uart_ex.o(.text.HAL_UARTEx_SetRxFifoThreshold)
    HAL_UARTEx_SetTxFifoThreshold            0x080029bd   Thumb Code   140  stm32g4xx_hal_uart_ex.o(.text.HAL_UARTEx_SetTxFifoThreshold)
    HAL_UART_Init                            0x08002a49   Thumb Code   100  stm32g4xx_hal_uart.o(.text.HAL_UART_Init)
    HAL_UART_MspInit                         0x08002aad   Thumb Code   128  usart.o(.text.HAL_UART_MspInit)
    HAL_UART_Transmit                        0x08002b2d   Thumb Code   404  stm32g4xx_hal_uart.o(.text.HAL_UART_Transmit)
    HardFault_Handler                        0x08002cc1   Thumb Code     2  stm32g4xx_it.o(.text.HardFault_Handler)
    INA226_GetShuntV                         0x080030e5   Thumb Code    74  ina226.o(.text.INA226_GetShuntV)
    INA226_SetCalibrationReg                 0x08003131   Thumb Code    52  ina226.o(.text.INA226_SetCalibrationReg)
    INA226_SetConfig                         0x08003165   Thumb Code    52  ina226.o(.text.INA226_SetConfig)
    MX_FDCAN1_Init                           0x08003199   Thumb Code    96  fdcan.o(.text.MX_FDCAN1_Init)
    MX_FDCAN2_Init                           0x080031f9   Thumb Code    96  fdcan.o(.text.MX_FDCAN2_Init)
    MX_FDCAN3_Init                           0x08003259   Thumb Code    96  fdcan.o(.text.MX_FDCAN3_Init)
    MX_GPIO_Init                             0x080032b9   Thumb Code    68  gpio.o(.text.MX_GPIO_Init)
    MX_I2C2_Init                             0x080032fd   Thumb Code   108  i2c.o(.text.MX_I2C2_Init)
    MX_USART2_UART_Init                      0x08003369   Thumb Code   130  usart.o(.text.MX_USART2_UART_Init)
    MemManage_Handler                        0x080033ed   Thumb Code     2  stm32g4xx_it.o(.text.MemManage_Handler)
    NMI_Handler                              0x080033f1   Thumb Code     2  stm32g4xx_it.o(.text.NMI_Handler)
    PendSV_Handler                           0x080033f5   Thumb Code     2  stm32g4xx_it.o(.text.PendSV_Handler)
    SVC_Handler                              0x080033f9   Thumb Code     2  stm32g4xx_it.o(.text.SVC_Handler)
    SysTick_Handler                          0x080033fd   Thumb Code     4  stm32g4xx_it.o(.text.SysTick_Handler)
    SystemInit                               0x08003401   Thumb Code    18  system_stm32g4xx.o(.text.SystemInit)
    UART_AdvFeatureConfig                    0x08003415   Thumb Code   232  stm32g4xx_hal_uart.o(.text.UART_AdvFeatureConfig)
    UART_CheckIdleState                      0x080034fd   Thumb Code   366  stm32g4xx_hal_uart.o(.text.UART_CheckIdleState)
    UART_SetConfig                           0x0800366d   Thumb Code   688  stm32g4xx_hal_uart.o(.text.UART_SetConfig)
    UART_WaitOnFlagUntilTimeout              0x0800392d   Thumb Code   822  stm32g4xx_hal_uart.o(.text.UART_WaitOnFlagUntilTimeout)
    UsageFault_Handler                       0x08003c65   Thumb Code     2  stm32g4xx_it.o(.text.UsageFault_Handler)
    main                                     0x08003c69   Thumb Code   296  main.o(.text.main)
    __0sprintf                               0x08003d91   Thumb Code    34  printfa.o(i.__0sprintf)
    __1sprintf                               0x08003d91   Thumb Code     0  printfa.o(i.__0sprintf)
    __2sprintf                               0x08003d91   Thumb Code     0  printfa.o(i.__0sprintf)
    __c89sprintf                             0x08003d91   Thumb Code     0  printfa.o(i.__0sprintf)
    sprintf                                  0x08003d91   Thumb Code     0  printfa.o(i.__0sprintf)
    __scatterload_copy                       0x08003db9   Thumb Code    14  handlers.o(i.__scatterload_copy)
    __scatterload_null                       0x08003dc7   Thumb Code     2  handlers.o(i.__scatterload_null)
    __scatterload_zeroinit                   0x08003dc9   Thumb Code    14  handlers.o(i.__scatterload_zeroinit)
    AHBPrescTable                            0x08004694   Data          16  system_stm32g4xx.o(.rodata.AHBPrescTable)
    APBPrescTable                            0x080046a4   Data           8  system_stm32g4xx.o(.rodata.APBPrescTable)
    UARTPrescTable                           0x080046ac   Data          24  stm32g4xx_hal_uart.o(.rodata.UARTPrescTable)
    Region$$Table$$Base                      0x08004700   Number         0  anon$$obj.o(Region$$Table)
    Region$$Table$$Limit                     0x08004720   Number         0  anon$$obj.o(Region$$Table)
    uwTickPrio                               0x20000000   Data           4  stm32g4xx_hal.o(.data..L_MergedGlobals)
    uwTickFreq                               0x20000004   Data           4  stm32g4xx_hal.o(.data..L_MergedGlobals)
    SystemCoreClock                          0x20000008   Data           4  system_stm32g4xx.o(.data.SystemCoreClock)
    MM                                       0x20000010   Data           4  main.o(.bss..L_MergedGlobals)
    time                                     0x20000014   Data          24  main.o(.bss..L_MergedGlobals)
    hfdcan1                                  0x20000030   Data         100  fdcan.o(.bss.hfdcan1)
    hfdcan2                                  0x20000094   Data         100  fdcan.o(.bss.hfdcan2)
    hfdcan3                                  0x200000f8   Data         100  fdcan.o(.bss.hfdcan3)
    hi2c2                                    0x2000015c   Data          84  i2c.o(.bss.hi2c2)
    huart2                                   0x200001b0   Data         148  usart.o(.bss.huart2)
    uwTick                                   0x20000244   Data           4  stm32g4xx_hal.o(.bss.uwTick)
    __initial_sp                             0x20000648   Data           0  startup_stm32g473xx.o(STACK)



==============================================================================

Memory Map of the image

  Image Entry point : 0x080001d9

  Load Region LR_IROM1 (Base: 0x08000000, Size: 0x00004730, Max: 0x00020000, ABSOLUTE)

    Execution Region ER_IROM1 (Exec base: 0x08000000, Load base: 0x08000000, Size: 0x00004720, Max: 0x00020000, ABSOLUTE)

    Exec Addr    Load Addr    Size         Type   Attr      Idx    E Section Name        Object

    0x08000000   0x08000000   0x000001d8   Data   RO            3    RESET               startup_stm32g473xx.o
    0x080001d8   0x080001d8   0x00000000   Code   RO         3009  * .ARM.Collect$$$$00000000  mc_w.l(entry.o)
    0x080001d8   0x080001d8   0x00000004   Code   RO         3348    .ARM.Collect$$$$00000001  mc_w.l(entry2.o)
    0x080001dc   0x080001dc   0x00000004   Code   RO         3351    .ARM.Collect$$$$00000004  mc_w.l(entry5.o)
    0x080001e0   0x080001e0   0x00000000   Code   RO         3353    .ARM.Collect$$$$00000008  mc_w.l(entry7b.o)
    0x080001e0   0x080001e0   0x00000000   Code   RO         3355    .ARM.Collect$$$$0000000A  mc_w.l(entry8b.o)
    0x080001e0   0x080001e0   0x00000008   Code   RO         3356    .ARM.Collect$$$$0000000B  mc_w.l(entry9a.o)
    0x080001e8   0x080001e8   0x00000000   Code   RO         3358    .ARM.Collect$$$$0000000D  mc_w.l(entry10a.o)
    0x080001e8   0x080001e8   0x00000000   Code   RO         3360    .ARM.Collect$$$$0000000F  mc_w.l(entry11a.o)
    0x080001e8   0x080001e8   0x00000004   Code   RO         3349    .ARM.Collect$$$$00002712  mc_w.l(entry2.o)
    0x080001ec   0x080001ec   0x00000024   Code   RO            4    .text               startup_stm32g473xx.o
    0x08000210   0x08000210   0x00000062   Code   RO         3012    .text               mc_w.l(uldiv.o)
    0x08000272   0x08000272   0x00000024   Code   RO         3018    .text               mc_w.l(memseta.o)
    0x08000296   0x08000296   0x0000014e   Code   RO         3285    .text               mf_w.l(dadd.o)
    0x080003e4   0x080003e4   0x000000e4   Code   RO         3287    .text               mf_w.l(dmul.o)
    0x080004c8   0x080004c8   0x000000de   Code   RO         3289    .text               mf_w.l(ddiv.o)
    0x080005a6   0x080005a6   0x00000026   Code   RO         3307    .text               mf_w.l(f2d.o)
    0x080005cc   0x080005cc   0x0000002c   Code   RO         3376    .text               mc_w.l(uidiv.o)
    0x080005f8   0x080005f8   0x0000001e   Code   RO         3378    .text               mc_w.l(llshl.o)
    0x08000616   0x08000616   0x00000020   Code   RO         3380    .text               mc_w.l(llushr.o)
    0x08000636   0x08000636   0x00000024   Code   RO         3382    .text               mc_w.l(llsshr.o)
    0x0800065a   0x0800065a   0x00000000   Code   RO         3391    .text               mc_w.l(iusefp.o)
    0x0800065a   0x0800065a   0x000000ba   Code   RO         3394    .text               mf_w.l(depilogue.o)
    0x08000714   0x08000714   0x00000030   Code   RO         3400    .text               mf_w.l(dfixul.o)
    0x08000744   0x08000744   0x00000030   Code   RO         3404    .text               mf_w.l(cdrcmple.o)
    0x08000774   0x08000774   0x00000024   Code   RO         3408    .text               mc_w.l(init.o)
    0x08000798   0x08000798   0x00000002   Code   RO          105    .text.BusFault_Handler  stm32g4xx_it.o
    0x0800079a   0x0800079a   0x00000002   PAD
    0x0800079c   0x0800079c   0x00000002   Code   RO          111    .text.DebugMon_Handler  stm32g4xx_it.o
    0x0800079e   0x0800079e   0x00000002   PAD
    0x080007a0   0x080007a0   0x0000000a   Code   RO           25    .text.Error_Handler  main.o
    0x080007aa   0x080007aa   0x00000002   PAD
    0x080007ac   0x080007ac   0x0000000c   Code   RO          117    .text.FDCAN1_IT0_IRQHandler  stm32g4xx_it.o
    0x080007b8   0x080007b8   0x00000072   Code   RO         1198    .text.FDCAN1_RxFilter_Config  bsp_can.o
    0x0800082a   0x0800082a   0x00000002   PAD
    0x0800082c   0x0800082c   0x0000000c   Code   RO          119    .text.FDCAN2_IT0_IRQHandler  stm32g4xx_it.o
    0x08000838   0x08000838   0x00000072   Code   RO         1200    .text.FDCAN2_RxFilter_Config  bsp_can.o
    0x080008aa   0x080008aa   0x00000002   PAD
    0x080008ac   0x080008ac   0x0000000c   Code   RO          121    .text.FDCAN3_IT0_IRQHandler  stm32g4xx_it.o
    0x080008b8   0x080008b8   0x00000072   Code   RO         1202    .text.FDCAN3_RxFilter_Config  bsp_can.o
    0x0800092a   0x0800092a   0x00000002   PAD
    0x0800092c   0x0800092c   0x00000034   Code   RO         1196    .text.FDCAN_SendCurrent  bsp_can.o
    0x08000960   0x08000960   0x0000010c   Code   RO          226    .text.HAL_FDCAN_ActivateNotification  stm32g4xx_hal_fdcan.o
    0x08000a6c   0x08000a6c   0x000000c0   Code   RO          198    .text.HAL_FDCAN_AddMessageToTxFifoQ  stm32g4xx_hal_fdcan.o
    0x08000b2c   0x08000b2c   0x00000060   Code   RO          152    .text.HAL_FDCAN_ConfigFilter  stm32g4xx_hal_fdcan.o
    0x08000b8c   0x08000b8c   0x00000040   Code   RO          154    .text.HAL_FDCAN_ConfigGlobalFilter  stm32g4xx_hal_fdcan.o
    0x08000bcc   0x08000bcc   0x00000002   Code   RO          252    .text.HAL_FDCAN_ErrorCallback  stm32g4xx_hal_fdcan.o
    0x08000bce   0x08000bce   0x00000002   PAD
    0x08000bd0   0x08000bd0   0x00000002   Code   RO          250    .text.HAL_FDCAN_ErrorStatusCallback  stm32g4xx_hal_fdcan.o
    0x08000bd2   0x08000bd2   0x00000002   PAD
    0x08000bd4   0x08000bd4   0x00000166   Code   RO          204    .text.HAL_FDCAN_GetRxMessage  stm32g4xx_hal_fdcan.o
    0x08000d3a   0x08000d3a   0x00000002   PAD
    0x08000d3c   0x08000d3c   0x00000002   Code   RO          232    .text.HAL_FDCAN_HighPriorityMessageCallback  stm32g4xx_hal_fdcan.o
    0x08000d3e   0x08000d3e   0x00000002   PAD
    0x08000d40   0x08000d40   0x0000017a   Code   RO          230    .text.HAL_FDCAN_IRQHandler  stm32g4xx_hal_fdcan.o
    0x08000eba   0x08000eba   0x00000002   PAD
    0x08000ebc   0x08000ebc   0x00000254   Code   RO          138    .text.HAL_FDCAN_Init  stm32g4xx_hal_fdcan.o
    0x08001110   0x08001110   0x0000021a   Code   RO           53    .text.HAL_FDCAN_MspInit  fdcan.o
    0x0800132a   0x0800132a   0x00000002   PAD
    0x0800132c   0x0800132c   0x00000002   Code   RO         1206    .text.HAL_FDCAN_RxFifo0Callback  bsp_can.o
    0x0800132e   0x0800132e   0x00000002   PAD
    0x08001330   0x08001330   0x00000060   Code   RO         1208    .text.HAL_FDCAN_RxFifo1Callback  bsp_can.o
    0x08001390   0x08001390   0x0000002c   Code   RO          196    .text.HAL_FDCAN_Start  stm32g4xx_hal_fdcan.o
    0x080013bc   0x080013bc   0x00000002   Code   RO          248    .text.HAL_FDCAN_TimeoutOccurredCallback  stm32g4xx_hal_fdcan.o
    0x080013be   0x080013be   0x00000002   PAD
    0x080013c0   0x080013c0   0x00000002   Code   RO          246    .text.HAL_FDCAN_TimestampWraparoundCallback  stm32g4xx_hal_fdcan.o
    0x080013c2   0x080013c2   0x00000002   PAD
    0x080013c4   0x080013c4   0x00000002   Code   RO          234    .text.HAL_FDCAN_TxBufferAbortCallback  stm32g4xx_hal_fdcan.o
    0x080013c6   0x080013c6   0x00000002   PAD
    0x080013c8   0x080013c8   0x00000002   Code   RO          244    .text.HAL_FDCAN_TxBufferCompleteCallback  stm32g4xx_hal_fdcan.o
    0x080013ca   0x080013ca   0x00000002   PAD
    0x080013cc   0x080013cc   0x00000002   Code   RO          236    .text.HAL_FDCAN_TxEventFifoCallback  stm32g4xx_hal_fdcan.o
    0x080013ce   0x080013ce   0x00000002   PAD
    0x080013d0   0x080013d0   0x00000002   Code   RO          242    .text.HAL_FDCAN_TxFifoEmptyCallback  stm32g4xx_hal_fdcan.o
    0x080013d2   0x080013d2   0x00000002   PAD
    0x080013d4   0x080013d4   0x000001aa   Code   RO          510    .text.HAL_GPIO_Init  stm32g4xx_hal_gpio.o
    0x0800157e   0x0800157e   0x00000002   PAD
    0x08001580   0x08001580   0x0000000c   Code   RO          279    .text.HAL_GetTick   stm32g4xx_hal.o
    0x0800158c   0x0800158c   0x0000004a   Code   RO          932    .text.HAL_I2CEx_ConfigAnalogFilter  stm32g4xx_hal_i2c_ex.o
    0x080015d6   0x080015d6   0x00000002   PAD
    0x080015d8   0x080015d8   0x00000048   Code   RO          934    .text.HAL_I2CEx_ConfigDigitalFilter  stm32g4xx_hal_i2c_ex.o
    0x08001620   0x08001620   0x000000ae   Code   RO          778    .text.HAL_I2C_Init  stm32g4xx_hal_i2c.o
    0x080016ce   0x080016ce   0x00000002   PAD
    0x080016d0   0x080016d0   0x000001aa   Code   RO          794    .text.HAL_I2C_Master_Receive  stm32g4xx_hal_i2c.o
    0x0800187a   0x0800187a   0x00000002   PAD
    0x0800187c   0x0800187c   0x000001c4   Code   RO          786    .text.HAL_I2C_Master_Transmit  stm32g4xx_hal_i2c.o
    0x08001a40   0x08001a40   0x00000084   Code   RO           71    .text.HAL_I2C_MspInit  i2c.o
    0x08001ac4   0x08001ac4   0x0000001a   Code   RO          277    .text.HAL_IncTick   stm32g4xx_hal.o
    0x08001ade   0x08001ade   0x00000002   PAD
    0x08001ae0   0x08001ae0   0x0000001e   Code   RO          267    .text.HAL_Init      stm32g4xx_hal.o
    0x08001afe   0x08001afe   0x00000002   PAD
    0x08001b00   0x08001b00   0x0000004c   Code   RO          269    .text.HAL_InitTick  stm32g4xx_hal.o
    0x08001b4c   0x08001b4c   0x00000034   Code   RO          130    .text.HAL_MspInit   stm32g4xx_hal_msp.o
    0x08001b80   0x08001b80   0x00000026   Code   RO          736    .text.HAL_NVIC_EnableIRQ  stm32g4xx_hal_cortex.o
    0x08001ba6   0x08001ba6   0x00000002   PAD
    0x08001ba8   0x08001ba8   0x00000056   Code   RO          734    .text.HAL_NVIC_SetPriority  stm32g4xx_hal_cortex.o
    0x08001bfe   0x08001bfe   0x00000002   PAD
    0x08001c00   0x08001c00   0x00000020   Code   RO          732    .text.HAL_NVIC_SetPriorityGrouping  stm32g4xx_hal_cortex.o
    0x08001c20   0x08001c20   0x00000126   Code   RO          652    .text.HAL_PWREx_ControlVoltageScaling  stm32g4xx_hal_pwr_ex.o
    0x08001d46   0x08001d46   0x00000002   PAD
    0x08001d48   0x08001d48   0x00000012   Code   RO          722    .text.HAL_PWREx_DisableUCPDDeadBattery  stm32g4xx_hal_pwr_ex.o
    0x08001d5a   0x08001d5a   0x00000002   PAD
    0x08001d5c   0x08001d5c   0x000002d6   Code   RO          391    .text.HAL_RCCEx_PeriphCLKConfig  stm32g4xx_hal_rcc_ex.o
    0x08002032   0x08002032   0x00000002   PAD
    0x08002034   0x08002034   0x00000314   Code   RO          357    .text.HAL_RCC_ClockConfig  stm32g4xx_hal_rcc.o
    0x08002348   0x08002348   0x0000002a   Code   RO          365    .text.HAL_RCC_GetPCLK1Freq  stm32g4xx_hal_rcc.o
    0x08002372   0x08002372   0x00000002   PAD
    0x08002374   0x08002374   0x0000002a   Code   RO          367    .text.HAL_RCC_GetPCLK2Freq  stm32g4xx_hal_rcc.o
    0x0800239e   0x0800239e   0x00000002   PAD
    0x080023a0   0x080023a0   0x0000007e   Code   RO          359    .text.HAL_RCC_GetSysClockFreq  stm32g4xx_hal_rcc.o
    0x0800241e   0x0800241e   0x00000002   PAD
    0x08002420   0x08002420   0x000004aa   Code   RO          355    .text.HAL_RCC_OscConfig  stm32g4xx_hal_rcc.o
    0x080028ca   0x080028ca   0x00000002   PAD
    0x080028cc   0x080028cc   0x0000002c   Code   RO          744    .text.HAL_SYSTICK_Config  stm32g4xx_hal_cortex.o
    0x080028f8   0x080028f8   0x00000036   Code   RO         1116    .text.HAL_UARTEx_DisableFifoMode  stm32g4xx_hal_uart_ex.o
    0x0800292e   0x0800292e   0x00000002   PAD
    0x08002930   0x08002930   0x0000008c   Code   RO         1120    .text.HAL_UARTEx_SetRxFifoThreshold  stm32g4xx_hal_uart_ex.o
    0x080029bc   0x080029bc   0x0000008c   Code   RO         1118    .text.HAL_UARTEx_SetTxFifoThreshold  stm32g4xx_hal_uart_ex.o
    0x08002a48   0x08002a48   0x00000064   Code   RO          954    .text.HAL_UART_Init  stm32g4xx_hal_uart.o
    0x08002aac   0x08002aac   0x00000080   Code   RO           86    .text.HAL_UART_MspInit  usart.o
    0x08002b2c   0x08002b2c   0x00000194   Code   RO          974    .text.HAL_UART_Transmit  stm32g4xx_hal_uart.o
    0x08002cc0   0x08002cc0   0x00000002   Code   RO          101    .text.HardFault_Handler  stm32g4xx_it.o
    0x08002cc2   0x08002cc2   0x00000002   PAD
    0x08002cc4   0x08002cc4   0x0000015c   Code   RO          922    .text.I2C_IsErrorOccurred  stm32g4xx_hal_i2c.o
    0x08002e20   0x08002e20   0x000000e0   Code   RO          788    .text.I2C_WaitOnFlagUntilTimeout  stm32g4xx_hal_i2c.o
    0x08002f00   0x08002f00   0x000000d2   Code   RO          796    .text.I2C_WaitOnRXNEFlagUntilTimeout  stm32g4xx_hal_i2c.o
    0x08002fd2   0x08002fd2   0x00000002   PAD
    0x08002fd4   0x08002fd4   0x0000007c   Code   RO          792    .text.I2C_WaitOnSTOPFlagUntilTimeout  stm32g4xx_hal_i2c.o
    0x08003050   0x08003050   0x00000094   Code   RO          790    .text.I2C_WaitOnTXISFlagUntilTimeout  stm32g4xx_hal_i2c.o
    0x080030e4   0x080030e4   0x0000004a   Code   RO         1170    .text.INA226_GetShuntV  ina226.o
    0x0800312e   0x0800312e   0x00000002   PAD
    0x08003130   0x08003130   0x00000034   Code   RO         1172    .text.INA226_SetCalibrationReg  ina226.o
    0x08003164   0x08003164   0x00000034   Code   RO         1166    .text.INA226_SetConfig  ina226.o
    0x08003198   0x08003198   0x00000060   Code   RO           47    .text.MX_FDCAN1_Init  fdcan.o
    0x080031f8   0x080031f8   0x00000060   Code   RO           49    .text.MX_FDCAN2_Init  fdcan.o
    0x08003258   0x08003258   0x00000060   Code   RO           51    .text.MX_FDCAN3_Init  fdcan.o
    0x080032b8   0x080032b8   0x00000044   Code   RO           39    .text.MX_GPIO_Init  gpio.o
    0x080032fc   0x080032fc   0x0000006c   Code   RO           69    .text.MX_I2C2_Init  i2c.o
    0x08003368   0x08003368   0x00000082   Code   RO           84    .text.MX_USART2_UART_Init  usart.o
    0x080033ea   0x080033ea   0x00000002   PAD
    0x080033ec   0x080033ec   0x00000002   Code   RO          103    .text.MemManage_Handler  stm32g4xx_it.o
    0x080033ee   0x080033ee   0x00000002   PAD
    0x080033f0   0x080033f0   0x00000002   Code   RO           99    .text.NMI_Handler   stm32g4xx_it.o
    0x080033f2   0x080033f2   0x00000002   PAD
    0x080033f4   0x080033f4   0x00000002   Code   RO          113    .text.PendSV_Handler  stm32g4xx_it.o
    0x080033f6   0x080033f6   0x00000002   PAD
    0x080033f8   0x080033f8   0x00000002   Code   RO          109    .text.SVC_Handler   stm32g4xx_it.o
    0x080033fa   0x080033fa   0x00000002   PAD
    0x080033fc   0x080033fc   0x00000004   Code   RO          115    .text.SysTick_Handler  stm32g4xx_it.o
    0x08003400   0x08003400   0x00000012   Code   RO         1139    .text.SystemInit    system_stm32g4xx.o
    0x08003412   0x08003412   0x00000002   PAD
    0x08003414   0x08003414   0x000000e8   Code   RO          958    .text.UART_AdvFeatureConfig  stm32g4xx_hal_uart.o
    0x080034fc   0x080034fc   0x0000016e   Code   RO          962    .text.UART_CheckIdleState  stm32g4xx_hal_uart.o
    0x0800366a   0x0800366a   0x00000002   PAD
    0x0800366c   0x0800366c   0x000002c0   Code   RO          960    .text.UART_SetConfig  stm32g4xx_hal_uart.o
    0x0800392c   0x0800392c   0x00000336   Code   RO          976    .text.UART_WaitOnFlagUntilTimeout  stm32g4xx_hal_uart.o
    0x08003c62   0x08003c62   0x00000002   PAD
    0x08003c64   0x08003c64   0x00000002   Code   RO          107    .text.UsageFault_Handler  stm32g4xx_it.o
    0x08003c66   0x08003c66   0x00000002   PAD
    0x08003c68   0x08003c68   0x00000128   Code   RO           21    .text.main          main.o
    0x08003d90   0x08003d90   0x00000028   Code   RO         3259    i.__0sprintf        mc_w.l(printfa.o)
    0x08003db8   0x08003db8   0x0000000e   Code   RO         3414    i.__scatterload_copy  mc_w.l(handlers.o)
    0x08003dc6   0x08003dc6   0x00000002   Code   RO         3415    i.__scatterload_null  mc_w.l(handlers.o)
    0x08003dc8   0x08003dc8   0x0000000e   Code   RO         3416    i.__scatterload_zeroinit  mc_w.l(handlers.o)
    0x08003dd6   0x08003dd6   0x00000002   PAD
    0x08003dd8   0x08003dd8   0x00000184   Code   RO         3264    i._fp_digits        mc_w.l(printfa.o)
    0x08003f5c   0x08003f5c   0x000006dc   Code   RO         3265    i._printf_core      mc_w.l(printfa.o)
    0x08004638   0x08004638   0x00000024   Code   RO         3266    i._printf_post_padding  mc_w.l(printfa.o)
    0x0800465c   0x0800465c   0x0000002e   Code   RO         3267    i._printf_pre_padding  mc_w.l(printfa.o)
    0x0800468a   0x0800468a   0x0000000a   Code   RO         3269    i._sputc            mc_w.l(printfa.o)
    0x08004694   0x08004694   0x00000010   Data   RO         1144    .rodata.AHBPrescTable  system_stm32g4xx.o
    0x080046a4   0x080046a4   0x00000008   Data   RO         1145    .rodata.APBPrescTable  system_stm32g4xx.o
    0x080046ac   0x080046ac   0x00000018   Data   RO         1088    .rodata.UARTPrescTable  stm32g4xx_hal_uart.o
    0x080046c4   0x080046c4   0x00000010   Data   RO          258    .rodata.cst16       stm32g4xx_hal_fdcan.o
    0x080046d4   0x080046d4   0x00000010   Data   RO         1089    .rodata.cst16       stm32g4xx_hal_uart.o
    0x080046e4   0x080046e4   0x00000010   Data   RO         1130    .rodata.cst8        stm32g4xx_hal_uart_ex.o
    0x080046f4   0x080046f4   0x0000000c   Data   RO           27    .rodata.str1.1      main.o
    0x08004700   0x08004700   0x00000020   Data   RO         3413    Region$$Table       anon$$obj.o


    Execution Region RW_IRAM1 (Exec base: 0x20000000, Load base: 0x08004720, Size: 0x00000648, Max: 0x00020000, ABSOLUTE)

    Exec Addr    Load Addr    Size         Type   Attr      Idx    E Section Name        Object

    0x20000000   0x08004720   0x00000008   Data   RW          344    .data..L_MergedGlobals  stm32g4xx_hal.o
    0x20000008   0x08004728   0x00000004   Data   RW         1143    .data.SystemCoreClock  system_stm32g4xx.o
    0x2000000c   0x0800472c   0x00000004   PAD
    0x20000010        -       0x0000001c   Zero   RW           30    .bss..L_MergedGlobals  main.o
    0x2000002c        -       0x00000004   Zero   RW           60    .bss.HAL_RCC_FDCAN_CLK_ENABLED  fdcan.o
    0x20000030        -       0x00000064   Zero   RW           57    .bss.hfdcan1        fdcan.o
    0x20000094        -       0x00000064   Zero   RW           58    .bss.hfdcan2        fdcan.o
    0x200000f8        -       0x00000064   Zero   RW           59    .bss.hfdcan3        fdcan.o
    0x2000015c        -       0x00000054   Zero   RW           75    .bss.hi2c2          i2c.o
    0x200001b0        -       0x00000094   Zero   RW           90    .bss.huart2         usart.o
    0x20000244        -       0x00000004   Zero   RW          343    .bss.uwTick         stm32g4xx_hal.o
    0x20000248        -       0x00000400   Zero   RW            1    STACK               startup_stm32g473xx.o


==============================================================================

Image component sizes


      Code (inc. data)   RO Data    RW Data    ZI Data      Debug   Object Name

       492          0          0          0          0       6401   bsp_can.o
       826          0          0          0        304       9139   fdcan.o
        68          0          0          0          0       1627   gpio.o
       240          0          0          0         84       6681   i2c.o
       178          0          0          0          0       4578   ina226.o
       306          8         12          0         28       4504   main.o
        36          8        472          0       1024        864   startup_stm32g473xx.o
       144          0          0          8          4       9366   stm32g4xx_hal.o
       200          0          0          0          0      10748   stm32g4xx_hal_cortex.o
      2014          0         16          0          0      23488   stm32g4xx_hal_fdcan.o
       426          0          0          0          0       5262   stm32g4xx_hal_gpio.o
      2106          0          0          0          0      58135   stm32g4xx_hal_i2c.o
       146          0          0          0          0       6569   stm32g4xx_hal_i2c_ex.o
        52          0          0          0          0       1767   stm32g4xx_hal_msp.o
       312          0          0          0          0       9549   stm32g4xx_hal_pwr_ex.o
      2192          0          0          0          0      10091   stm32g4xx_hal_rcc.o
       726          0          0          0          0      11186   stm32g4xx_hal_rcc_ex.o
      2628         48         40          0          0      41555   stm32g4xx_hal_uart.o
       334          0         16          0          0      11473   stm32g4xx_hal_uart_ex.o
        56          0          0          0          0       3995   stm32g4xx_it.o
        18          0         24          4          0       2796   system_stm32g4xx.o
       258          0          0          0        148       6823   usart.o

    ----------------------------------------------------------------------
     13852         64        612         12       1596     246597   Object Totals
         0          0         32          0          0          0   (incl. Generated)
        94          0          0          0          4          0   (incl. Padding)

    ----------------------------------------------------------------------

      Code (inc. data)   RO Data    RW Data    ZI Data      Debug   Library Member Name

         0          0          0          0          0          0   entry.o
         0          0          0          0          0          0   entry10a.o
         0          0          0          0          0          0   entry11a.o
         8          4          0          0          0          0   entry2.o
         4          0          0          0          0          0   entry5.o
         0          0          0          0          0          0   entry7b.o
         0          0          0          0          0          0   entry8b.o
         8          4          0          0          0          0   entry9a.o
        30          0          0          0          0          0   handlers.o
        36          8          0          0          0         68   init.o
         0          0          0          0          0          0   iusefp.o
        30          0          0          0          0         68   llshl.o
        36          0          0          0          0         68   llsshr.o
        32          0          0          0          0         68   llushr.o
        36          0          0          0          0        108   memseta.o
      2276         86          0          0          0        520   printfa.o
        44          0          0          0          0         80   uidiv.o
        98          0          0          0          0         92   uldiv.o
        48          0          0          0          0         68   cdrcmple.o
       334          0          0          0          0        148   dadd.o
       222          0          0          0          0        100   ddiv.o
       186          0          0          0          0        176   depilogue.o
        48          0          0          0          0         68   dfixul.o
       228          0          0          0          0         96   dmul.o
        38          0          0          0          0         68   f2d.o

    ----------------------------------------------------------------------
      3744        102          0          0          0       1796   Library Totals
         2          0          0          0          0          0   (incl. Padding)

    ----------------------------------------------------------------------

      Code (inc. data)   RO Data    RW Data    ZI Data      Debug   Library Name

      2638        102          0          0          0       1072   mc_w.l
      1104          0          0          0          0        724   mf_w.l

    ----------------------------------------------------------------------
      3744        102          0          0          0       1796   Library Totals

    ----------------------------------------------------------------------

==============================================================================


      Code (inc. data)   RO Data    RW Data    ZI Data      Debug   

     17596        166        612         12       1596     247313   Grand Totals
     17596        166        612         12       1596     247313   ELF Image Totals
     17596        166        612         12          0          0   ROM Totals

==============================================================================

    Total RO  Size (Code + RO Data)                18208 (  17.78kB)
    Total RW  Size (RW Data + ZI Data)              1608 (   1.57kB)
    Total ROM Size (Code + RO Data + RW Data)      18220 (  17.79kB)

==============================================================================

