Component: Arm Compiler for Embedded 6.19 Tool: armlink [5e73cb00]

==============================================================================

Section Cross References

    startup_stm32g473xx.o(RESET) refers to startup_stm32g473xx.o(STACK) for __initial_sp
    startup_stm32g473xx.o(RESET) refers to startup_stm32g473xx.o(.text) for Reset_Handler
    startup_stm32g473xx.o(RESET) refers to stm32g4xx_it.o(.text.NMI_Handler) for NMI_Handler
    startup_stm32g473xx.o(RESET) refers to stm32g4xx_it.o(.text.HardFault_Handler) for HardFault_Handler
    startup_stm32g473xx.o(RESET) refers to stm32g4xx_it.o(.text.MemManage_Handler) for MemManage_Handler
    startup_stm32g473xx.o(RESET) refers to stm32g4xx_it.o(.text.BusFault_Handler) for BusFault_Handler
    startup_stm32g473xx.o(RESET) refers to stm32g4xx_it.o(.text.UsageFault_Handler) for UsageFault_Handler
    startup_stm32g473xx.o(RESET) refers to stm32g4xx_it.o(.text.SVC_Handler) for SVC_Handler
    startup_stm32g473xx.o(RESET) refers to stm32g4xx_it.o(.text.DebugMon_Handler) for DebugMon_Handler
    startup_stm32g473xx.o(RESET) refers to stm32g4xx_it.o(.text.PendSV_Handler) for PendSV_Handler
    startup_stm32g473xx.o(RESET) refers to stm32g4xx_it.o(.text.SysTick_Handler) for SysTick_Handler
    startup_stm32g473xx.o(RESET) refers to stm32g4xx_it.o(.text.FDCAN1_IT0_IRQHandler) for FDCAN1_IT0_IRQHandler
    startup_stm32g473xx.o(RESET) refers to stm32g4xx_it.o(.text.TIM1_BRK_TIM15_IRQHandler) for TIM1_BRK_TIM15_IRQHandler
    startup_stm32g473xx.o(RESET) refers to stm32g4xx_it.o(.text.TIM1_UP_TIM16_IRQHandler) for TIM1_UP_TIM16_IRQHandler
    startup_stm32g473xx.o(RESET) refers to stm32g4xx_it.o(.text.TIM1_TRG_COM_TIM17_IRQHandler) for TIM1_TRG_COM_TIM17_IRQHandler
    startup_stm32g473xx.o(RESET) refers to stm32g4xx_it.o(.text.TIM1_CC_IRQHandler) for TIM1_CC_IRQHandler
    startup_stm32g473xx.o(RESET) refers to stm32g4xx_it.o(.text.TIM2_IRQHandler) for TIM2_IRQHandler
    startup_stm32g473xx.o(RESET) refers to stm32g4xx_it.o(.text.USART1_IRQHandler) for USART1_IRQHandler
    startup_stm32g473xx.o(RESET) refers to stm32g4xx_it.o(.text.USART2_IRQHandler) for USART2_IRQHandler
    startup_stm32g473xx.o(RESET) refers to stm32g4xx_it.o(.text.FDCAN2_IT0_IRQHandler) for FDCAN2_IT0_IRQHandler
    startup_stm32g473xx.o(RESET) refers to stm32g4xx_it.o(.text.FDCAN2_IT1_IRQHandler) for FDCAN2_IT1_IRQHandler
    startup_stm32g473xx.o(.text) refers to system_stm32g4xx.o(.text.SystemInit) for SystemInit
    startup_stm32g473xx.o(.text) refers to entry.o(.ARM.Collect$$$$00000000) for __main
    main.o(.text.USART_printf) refers to printfa.o(i.__0vsprintf) for vsprintf
    main.o(.text.USART_printf) refers to strlen.o(.text) for strlen
    main.o(.text.USART_printf) refers to usart.o(.bss.huart2) for huart2
    main.o(.text.USART_printf) refers to stm32g4xx_hal_uart.o(.text.HAL_UART_Transmit) for HAL_UART_Transmit
    main.o(.ARM.exidx.text.USART_printf) refers to main.o(.text.USART_printf) for [Anonymous Symbol]
    main.o(.text.get_gyro_data) refers to main.o(.bss..L_MergedGlobals.10) for .L_MergedGlobals.10
    main.o(.text.get_gyro_data) refers to main.o(.bss..L_MergedGlobals.8) for .L_MergedGlobals.8
    main.o(.text.get_gyro_data) refers to f2d.o(.text) for __aeabi_f2d
    main.o(.text.get_gyro_data) refers to dmul.o(.text) for __aeabi_dmul
    main.o(.text.get_gyro_data) refers to d2f.o(.text) for __aeabi_d2f
    main.o(.text.get_gyro_data) refers to dcmpgt.o(.text) for __aeabi_dcmpgt
    main.o(.text.get_gyro_data) refers to dcmpge.o(.text) for __aeabi_dcmpge
    main.o(.text.get_gyro_data) refers to main.o(.bss..L_MergedGlobals.7) for .L_MergedGlobals.7
    main.o(.text.get_gyro_data) refers to main.o(.text.USART_printf) for USART_printf
    main.o(.ARM.exidx.text.get_gyro_data) refers to main.o(.text.get_gyro_data) for [Anonymous Symbol]
    main.o(.text.gyro_err_clear) refers to main.o(.bss..L_MergedGlobals.8) for .L_MergedGlobals.8
    main.o(.text.gyro_err_clear) refers to main.o(.data..L_MergedGlobals) for .L_MergedGlobals
    main.o(.text.gyro_err_clear) refers to main.o(.bss..L_MergedGlobals.7) for .L_MergedGlobals.7
    main.o(.ARM.exidx.text.gyro_err_clear) refers to main.o(.text.gyro_err_clear) for [Anonymous Symbol]
    main.o(.text.q_angle_update) refers to main.o(.data..L_MergedGlobals) for .L_MergedGlobals
    main.o(.text.q_angle_update) refers to f2d.o(.text) for __aeabi_f2d
    main.o(.text.q_angle_update) refers to dmul.o(.text) for __aeabi_dmul
    main.o(.text.q_angle_update) refers to main.o(.bss..L_MergedGlobals.8) for .L_MergedGlobals.8
    main.o(.text.q_angle_update) refers to dadd.o(.text) for __aeabi_dadd
    main.o(.text.q_angle_update) refers to d2f.o(.text) for __aeabi_d2f
    main.o(.ARM.exidx.text.q_angle_update) refers to main.o(.text.q_angle_update) for [Anonymous Symbol]
    main.o(.text.get_gyro_angle) refers to main.o(.data..L_MergedGlobals) for .L_MergedGlobals
[...]
    [Anonymous Symbol]                       0x08000e3c   Section        0  stm32g4xx_hal_fdcan.o(.text.HAL_FDCAN_ErrorCallback)
    [Anonymous Symbol]                       0x08000e40   Section        0  bsp_can.o(.text.HAL_FDCAN_ErrorStatusCallback)
    [Anonymous Symbol]                       0x08000e64   Section        0  stm32g4xx_hal_fdcan.o(.text.HAL_FDCAN_GetRxMessage)
    [Anonymous Symbol]                       0x08000fcc   Section        0  stm32g4xx_hal_fdcan.o(.text.HAL_FDCAN_HighPriorityMessageCallback)
    [Anonymous Symbol]                       0x08000fd0   Section        0  stm32g4xx_hal_fdcan.o(.text.HAL_FDCAN_IRQHandler)
    [Anonymous Symbol]                       0x0800114c   Section        0  stm32g4xx_hal_fdcan.o(.text.HAL_FDCAN_Init)
    [Anonymous Symbol]                       0x080013a0   Section        0  fdcan.o(.text.HAL_FDCAN_MspInit)
    [Anonymous Symbol]                       0x080014f0   Section        0  main.o(.text.HAL_FDCAN_RxFifo0Callback)
    [Anonymous Symbol]                       0x080016f8   Section        0  main.o(.text.HAL_FDCAN_RxFifo1Callback)
    [Anonymous Symbol]                       0x08001778   Section        0  stm32g4xx_hal_fdcan.o(.text.HAL_FDCAN_Start)
    [Anonymous Symbol]                       0x080017a4   Section        0  stm32g4xx_hal_fdcan.o(.text.HAL_FDCAN_TimeoutOccurredCallback)
    [Anonymous Symbol]                       0x080017a8   Section        0  stm32g4xx_hal_fdcan.o(.text.HAL_FDCAN_TimestampWraparoundCallback)
    [Anonymous Symbol]                       0x080017ac   Section        0  stm32g4xx_hal_fdcan.o(.text.HAL_FDCAN_TxBufferAbortCallback)
    [Anonymous Symbol]                       0x080017b0   Section        0  stm32g4xx_hal_fdcan.o(.text.HAL_FDCAN_TxBufferCompleteCallback)
    [Anonymous Symbol]                       0x080017b4   Section        0  stm32g4xx_hal_fdcan.o(.text.HAL_FDCAN_TxEventFifoCallback)
    [Anonymous Symbol]                       0x080017b8   Section        0  stm32g4xx_hal_fdcan.o(.text.HAL_FDCAN_TxFifoEmptyCallback)
    [Anonymous Symbol]                       0x080017bc   Section        0  stm32g4xx_hal_gpio.o(.text.HAL_GPIO_Init)
    [Anonymous Symbol]                       0x08001968   Section        0  stm32g4xx_hal.o(.text.HAL_GetTick)
    [Anonymous Symbol]                       0x08001974   Section        0  stm32g4xx_hal.o(.text.HAL_IncTick)
    [Anonymous Symbol]                       0x08001990   Section        0  stm32g4xx_hal.o(.text.HAL_Init)
    [Anonymous Symbol]                       0x080019b0   Section        0  stm32g4xx_hal.o(.text.HAL_InitTick)
    [Anonymous Symbol]                       0x080019fc   Section        0  stm32g4xx_hal_msp.o(.text.HAL_MspInit)
    [Anonymous Symbol]                       0x08001a30   Section        0  stm32g4xx_hal_cortex.o(.text.HAL_NVIC_EnableIRQ)
    [Anonymous Symbol]                       0x08001a58   Section        0  stm32g4xx_hal_cortex.o(.text.HAL_NVIC_SetPriority)
    [Anonymous Symbol]                       0x08001ab0   Section        0  stm32g4xx_hal_cortex.o(.text.HAL_NVIC_SetPriorityGrouping)
    [Anonymous Symbol]                       0x08001ad0   Section        0  stm32g4xx_hal_pwr_ex.o(.text.HAL_PWREx_ControlVoltageScaling)
    [Anonymous Symbol]                       0x08001bf8   Section        0  stm32g4xx_hal_pwr_ex.o(.text.HAL_PWREx_DisableUCPDDeadBattery)
    [Anonymous Symbol]                       0x08001c0c   Section        0  stm32g4xx_hal_rcc_ex.o(.text.HAL_RCCEx_PeriphCLKConfig)
    [Anonymous Symbol]                       0x08001ee4   Section        0  stm32g4xx_hal_rcc.o(.text.HAL_RCC_ClockConfig)
    [Anonymous Symbol]                       0x080021f8   Section        0  stm32g4xx_hal_rcc.o(.text.HAL_RCC_GetPCLK1Freq)
    [Anonymous Symbol]                       0x08002224   Section        0  stm32g4xx_hal_rcc.o(.text.HAL_RCC_GetPCLK2Freq)
    [Anonymous Symbol]                       0x08002250   Section        0  stm32g4xx_hal_rcc.o(.text.HAL_RCC_GetSysClockFreq)
    [Anonymous Symbol]                       0x080022d0   Section        0  stm32g4xx_hal_rcc.o(.text.HAL_RCC_OscConfig)
    [Anonymous Symbol]                       0x0800277c   Section        0  stm32g4xx_hal_cortex.o(.text.HAL_SYSTICK_Config)
    [Anonymous Symbol]                       0x080027a8   Section        0  stm32g4xx_hal_tim_ex.o(.text.HAL_TIMEx_Break2Callback)
    [Anonymous Symbol]                       0x080027ac   Section        0  stm32g4xx_hal_tim_ex.o(.text.HAL_TIMEx_BreakCallback)
    [Anonymous Symbol]                       0x080027b0   Section        0  stm32g4xx_hal_tim_ex.o(.text.HAL_TIMEx_CommutCallback)
    [Anonymous Symbol]                       0x080027b4   Section        0  stm32g4xx_hal_tim_ex.o(.text.HAL_TIMEx_DirectionChangeCallback)
    [Anonymous Symbol]                       0x080027b8   Section        0  stm32g4xx_hal_tim_ex.o(.text.HAL_TIMEx_EncoderIndexCallback)
    [Anonymous Symbol]                       0x080027bc   Section        0  stm32g4xx_hal_tim_ex.o(.text.HAL_TIMEx_IndexErrorCallback)
    [Anonymous Symbol]                       0x080027c0   Section        0  stm32g4xx_hal_tim_ex.o(.text.HAL_TIMEx_MasterConfigSynchronization)
    [Anonymous Symbol]                       0x080028a0   Section        0  stm32g4xx_hal_tim_ex.o(.text.HAL_TIMEx_TransitionErrorCallback)
    [Anonymous Symbol]                       0x080028a4   Section        0  stm32g4xx_hal_tim.o(.text.HAL_TIM_Base_Start_IT)
    [Anonymous Symbol]                       0x08002960   Section        0  stm32g4xx_hal_tim.o(.text.HAL_TIM_Encoder_Init)
    [Anonymous Symbol]                       0x08002a18   Section        0  tim.o(.text.HAL_TIM_Encoder_MspInit)
    [Anonymous Symbol]                       0x08002b18   Section        0  stm32g4xx_hal_tim.o(.text.HAL_TIM_IC_CaptureCallback)
    [Anonymous Symbol]                       0x08002b1c   Section        0  stm32g4xx_hal_tim.o(.text.HAL_TIM_IRQHandler)
    [Anonymous Symbol]                       0x08002ce8   Section        0  stm32g4xx_hal_tim.o(.text.HAL_TIM_OC_DelayElapsedCallback)
    [Anonymous Symbol]                       0x08002cec   Section        0  stm32g4xx_hal_tim.o(.text.HAL_TIM_PWM_PulseFinishedCallback)
    [Anonymous Symbol]                       0x08002cf0   Section        0  main.o(.text.HAL_TIM_PeriodElapsedCallback)
    [Anonymous Symbol]                       0x08002d50   Section        0  stm32g4xx_hal_tim.o(.text.HAL_TIM_TriggerCallback)
    [Anonymous Symbol]                       0x08002d54   Section        0  stm32g4xx_hal_uart_ex.o(.text.HAL_UARTEx_DisableFifoMode)
    [Anonymous Symbol]                       0x08002d8c   Section        0  stm32g4xx_hal_uart.o(.text.HAL_UARTEx_RxEventCallback)
    [Anonymous Symbol]                       0x08002d90   Section        0  stm32g4xx_hal_uart_ex.o(.text.HAL_UARTEx_RxFifoFullCallback)
    [Anonymous Symbol]                       0x08002d94   Section        0  stm32g4xx_hal_uart_ex.o(.text.HAL_UARTEx_SetRxFifoThreshold)
    [Anonymous Symbol]                       0x08002e20   Section        0  stm32g4xx_hal_uart_ex.o(.text.HAL_UARTEx_SetTxFifoThreshold)
    [Anonymous Symbol]                       0x08002eac   Section        0  stm32g4xx_hal_uart_ex.o(.text.HAL_UARTEx_TxFifoEmptyCallback)
    [Anonymous Symbol]                       0x08002eb0   Section        0  stm32g4xx_hal_uart_ex.o(.text.HAL_UARTEx_WakeupCallback)
    [Anonymous Symbol]                       0x08002eb4   Section        0  main.o(.text.HAL_UART_ErrorCallback)
    [Anonymous Symbol]                       0x08002efc   Section        0  stm32g4xx_hal_uart.o(.text.HAL_UART_IRQHandler)
    [Anonymous Symbol]                       0x0800353c   Section        0  stm32g4xx_hal_uart.o(.text.HAL_UART_Init)
    [Anonymous Symbol]                       0x080035a0   Section        0  usart.o(.text.HAL_UART_MspInit)
    [Anonymous Symbol]                       0x0800368c   Section        0  stm32g4xx_hal_uart.o(.text.HAL_UART_Receive_IT)
    [Anonymous Symbol]                       0x08003738   Section        0  main.o(.text.HAL_UART_RxCpltCallback)
    [Anonymous Symbol]                       0x080039e8   Section        0  stm32g4xx_hal_uart.o(.text.HAL_UART_Transmit)
    [Anonymous Symbol]                       0x08003b7c   Section        0  stm32g4xx_hal_uart.o(.text.HAL_UART_TxCpltCallback)
    [Anonymous Symbol]                       0x08003b80   Section        0  stm32g4xx_it.o(.text.HardFault_Handler)
    [Anonymous Symbol]                       0x08003b88   Section        0  main.o(.text.LocatorUpdate)
    [Anonymous Symbol]                       0x08004310   Section        0  fdcan.o(.text.MX_FDCAN1_Init)
    [Anonymous Symbol]                       0x08004374   Section        0  fdcan.o(.text.MX_FDCAN2_Init)
    [Anonymous Symbol]                       0x080043d4   Section        0  gpio.o(.text.MX_GPIO_Init)
    [Anonymous Symbol]                       0x08004418   Section        0  tim.o(.text.MX_TIM1_Init)
    [Anonymous Symbol]                       0x0800448c   Section        0  tim.o(.text.MX_TIM2_Init)
    [Anonymous Symbol]                       0x080044f4   Section        0  usart.o(.text.MX_USART1_UART_Init)
    [Anonymous Symbol]                       0x08004580   Section        0  usart.o(.text.MX_USART2_UART_Init)
    [Anonymous Symbol]                       0x08004604   Section        0  stm32g4xx_it.o(.text.MemManage_Handler)
    [Anonymous Symbol]                       0x08004608   Section        0  stm32g4xx_it.o(.text.NMI_Handler)
    [Anonymous Symbol]                       0x0800460c   Section        0  stm32g4xx_it.o(.text.PendSV_Handler)
    [Anonymous Symbol]                       0x08004610   Section        0  stm32g4xx_it.o(.text.SVC_Handler)
    [Anonymous Symbol]                       0x08004614   Section        0  stm32g4xx_it.o(.text.SysTick_Handler)
    [Anonymous Symbol]                       0x08004618   Section        0  system_stm32g4xx.o(.text.SystemInit)
    [Anonymous Symbol]                       0x0800462c   Section        0  stm32g4xx_it.o(.text.TIM1_BRK_TIM15_IRQHandler)
    [Anonymous Symbol]                       0x08004638   Section        0  stm32g4xx_it.o(.text.TIM1_CC_IRQHandler)
    [Anonymous Symbol]                       0x08004644   Section        0  stm32g4xx_it.o(.text.TIM1_TRG_COM_TIM17_IRQHandler)
    [Anonymous Symbol]                       0x08004650   Section        0  stm32g4xx_it.o(.text.TIM1_UP_TIM16_IRQHandler)
    [Anonymous Symbol]                       0x0800465c   Section        0  stm32g4xx_it.o(.text.TIM2_IRQHandler)
    [Anonymous Symbol]                       0x08004668   Section        0  stm32g4xx_hal_tim.o(.text.TIM_Base_SetConfig)
    [Anonymous Symbol]                       0x080047b4   Section        0  stm32g4xx_hal_uart.o(.text.UART_AdvFeatureConfig)
    [Anonymous Symbol]                       0x0800489c   Section        0  stm32g4xx_hal_uart.o(.text.UART_CheckIdleState)
    UART_DMAAbortOnError                     0x08004a0d   Thumb Code    16  stm32g4xx_hal_uart.o(.text.UART_DMAAbortOnError)
    [Anonymous Symbol]                       0x08004a0c   Section        0  stm32g4xx_hal_uart.o(.text.UART_DMAAbortOnError)
    UART_RxISR_16BIT                         0x08004a1d   Thumb Code   426  stm32g4xx_hal_uart.o(.text.UART_RxISR_16BIT)
    [Anonymous Symbol]                       0x08004a1c   Section        0  stm32g4xx_hal_uart.o(.text.UART_RxISR_16BIT)
    UART_RxISR_16BIT_FIFOEN                  0x08004bc9   Thumb Code   790  stm32g4xx_hal_uart.o(.text.UART_RxISR_16BIT_FIFOEN)
    [Anonymous Symbol]                       0x08004bc8   Section        0  stm32g4xx_hal_uart.o(.text.UART_RxISR_16BIT_FIFOEN)
    UART_RxISR_8BIT                          0x08004ee1   Thumb Code   430  stm32g4xx_hal_uart.o(.text.UART_RxISR_8BIT)
    [Anonymous Symbol]                       0x08004ee0   Section        0  stm32g4xx_hal_uart.o(.text.UART_RxISR_8BIT)
    UART_RxISR_8BIT_FIFOEN                   0x08005091   Thumb Code   794  stm32g4xx_hal_uart.o(.text.UART_RxISR_8BIT_FIFOEN)
    [Anonymous Symbol]                       0x08005090   Section        0  stm32g4xx_hal_uart.o(.text.UART_RxISR_8BIT_FIFOEN)
    [Anonymous Symbol]                       0x080053ac   Section        0  stm32g4xx_hal_uart.o(.text.UART_SetConfig)
    [Anonymous Symbol]                       0x0800566c   Section        0  stm32g4xx_hal_uart.o(.text.UART_Start_Receive_IT)
    [Anonymous Symbol]                       0x080058d0   Section        0  stm32g4xx_hal_uart.o(.text.UART_WaitOnFlagUntilTimeout)
    [Anonymous Symbol]                       0x08005c08   Section        0  stm32g4xx_it.o(.text.USART1_IRQHandler)
    [Anonymous Symbol]                       0x08005c3c   Section        0  stm32g4xx_it.o(.text.USART2_IRQHandler)
    [Anonymous Symbol]                       0x08005c48   Section        0  main.o(.text.USART_printf)
    [Anonymous Symbol]                       0x08005c88   Section        0  stm32g4xx_it.o(.text.UsageFault_Handler)
    [Anonymous Symbol]                       0x08005c8c   Section        0  main.o(.text.jiguang_restart_position)
    [Anonymous Symbol]                       0x08005d40   Section        0  main.o(.text.main)
    i.__0vsprintf                            0x08005fdc   Section        0  printfa.o(i.__0vsprintf)
    i.__ARM_fpclassify                       0x08006000   Section        0  fpclassify.o(i.__ARM_fpclassify)
    i.__hardfp_cos                           0x08006030   Section        0  cos.o(i.__hardfp_cos)
    i.__hardfp_sin                           0x080060f8   Section        0  sin.o(i.__hardfp_sin)
    i.__ieee754_rem_pio2                     0x080061c0   Section        0  rred.o(i.__ieee754_rem_pio2)
    i.__kernel_cos                           0x080065f8   Section        0  cos_i.o(i.__kernel_cos)
    i.__kernel_poly                          0x08006768   Section        0  poly.o(i.__kernel_poly)
    i.__kernel_sin                           0x08006860   Section        0  sin_i.o(i.__kernel_sin)
    i.__mathlib_dbl_infnan                   0x08006990   Section        0  dunder.o(i.__mathlib_dbl_infnan)
    i.__mathlib_dbl_invalid                  0x080069a8   Section        0  dunder.o(i.__mathlib_dbl_invalid)
    i.__mathlib_dbl_underflow                0x080069c8   Section        0  dunder.o(i.__mathlib_dbl_underflow)
    i.__scatterload_copy                     0x080069e8   Section       14  handlers.o(i.__scatterload_copy)
    i.__scatterload_null                     0x080069f6   Section        2  handlers.o(i.__scatterload_null)
    i.__scatterload_zeroinit                 0x080069f8   Section       14  handlers.o(i.__scatterload_zeroinit)
    i.__set_errno                            0x08006a08   Section        0  errno.o(i.__set_errno)
    _fp_digits                               0x08006a15   Thumb Code   366  printfa.o(i._fp_digits)
    i._fp_digits                             0x08006a14   Section        0  printfa.o(i._fp_digits)
    _printf_core                             0x08006b99   Thumb Code  1744  printfa.o(i._printf_core)
    i._printf_core                           0x08006b98   Section        0  printfa.o(i._printf_core)
    _printf_post_padding                     0x08007275   Thumb Code    36  printfa.o(i._printf_post_padding)
    i._printf_post_padding                   0x08007274   Section        0  printfa.o(i._printf_post_padding)
    _printf_pre_padding                      0x08007299   Thumb Code    46  printfa.o(i._printf_pre_padding)
    i._printf_pre_padding                    0x08007298   Section        0  printfa.o(i._printf_pre_padding)
    _sputc                                   0x080072c7   Thumb Code    10  printfa.o(i._sputc)
    i._sputc                                 0x080072c6   Section        0  printfa.o(i._sputc)
    i.fabs                                   0x080072d0   Section        0  fabs.o(i.fabs)
    i.fputc                                  0x080072e8   Section        0  fputc.o(i.fputc)
    i.puts                                   0x080072fc   Section        0  puts.o(i.puts)
    C                                        0x08007320   Data          48  cos_i.o(.constdata)
    .constdata                               0x08007320   Section       48  cos_i.o(.constdata)
    pio2s                                    0x08007350   Data          48  rred.o(.constdata)
    .constdata                               0x08007350   Section      204  rred.o(.constdata)
    twooverpi                                0x08007380   Data         156  rred.o(.constdata)
    S                                        0x08007420   Data          40  sin_i.o(.constdata)
    .constdata                               0x08007420   Section       40  sin_i.o(.constdata)
    DLCtoBytes                               0x08007478   Data          16  stm32g4xx_hal_fdcan.o(.rodata.cst16)
    [Anonymous Symbol]                       0x08007478   Section        0  stm32g4xx_hal_fdcan.o(.rodata.cst16)
    .Lswitch.table.UART_SetConfig.5          0x08007488   Data          16  stm32g4xx_hal_uart.o(.rodata.cst16)
    UARTEx_SetNbDataToProcess.numerator      0x08007498   Data           8  stm32g4xx_hal_uart_ex.o(.rodata.cst8)
    [Anonymous Symbol]                       0x08007498   Section        0  stm32g4xx_hal_uart_ex.o(.rodata.cst8)
    UARTEx_SetNbDataToProcess.denominator    0x080074a0   Data           8  stm32g4xx_hal_uart_ex.o(.rodata.cst8)
    .L.str.1                                 0x080074a8   Data           8  main.o(.rodata.str1.1)
    [Anonymous Symbol]                       0x080074a8   Section        0  main.o(.rodata.str1.1)
    .Lstr.6                                  0x080074b0   Data           7  main.o(.rodata.str1.1)
    .Lstr                                    0x080074b7   Data          18  main.o(.rodata.str1.1)
    .data                                    0x20000000   Section        4  stdout.o(.data)
    _errno                                   0x20000004   Data           4  errno.o(.data)
    .data                                    0x20000004   Section        4  errno.o(.data)
    .L_MergedGlobals                         0x20000008   Data          64  main.o(.data..L_MergedGlobals)
    [Anonymous Symbol]                       0x20000008   Section        0  main.o(.data..L_MergedGlobals)
    .L_MergedGlobals                         0x20000048   Data           8  stm32g4xx_hal.o(.data..L_MergedGlobals)
    [Anonymous Symbol]                       0x20000048   Section        0  stm32g4xx_hal.o(.data..L_MergedGlobals)
    .L_MergedGlobals.10                      0x20000058   Data         120  main.o(.bss..L_MergedGlobals.10)
    [Anonymous Symbol]                       0x20000058   Section        0  main.o(.bss..L_MergedGlobals.10)
    .L_MergedGlobals.11                      0x200000d0   Data         112  main.o(.bss..L_MergedGlobals.11)
    [Anonymous Symbol]                       0x200000d0   Section        0  main.o(.bss..L_MergedGlobals.11)
    .L_MergedGlobals.7                       0x20000140   Data         120  main.o(.bss..L_MergedGlobals.7)
    [Anonymous Symbol]                       0x20000140   Section        0  main.o(.bss..L_MergedGlobals.7)
    restart_position.data_byte               0x20000142   Data           1  main.o(.bss..L_MergedGlobals.7)
    .L_MergedGlobals.8                       0x200001b8   Data         120  main.o(.bss..L_MergedGlobals.8)
    [Anonymous Symbol]                       0x200001b8   Section        0  main.o(.bss..L_MergedGlobals.8)
    .L_MergedGlobals.9                       0x20000230   Data         120  main.o(.bss..L_MergedGlobals.9)
    [Anonymous Symbol]                       0x20000230   Section        0  main.o(.bss..L_MergedGlobals.9)
    send_lc.data_byte                        0x20000278   Data          24  main.o(.bss..L_MergedGlobals.9)
    HAL_RCC_FDCAN_CLK_ENABLED                0x200002a8   Data           4  fdcan.o(.bss.HAL_RCC_FDCAN_CLK_ENABLED)
    [Anonymous Symbol]                       0x200002a8   Section        0  fdcan.o(.bss.HAL_RCC_FDCAN_CLK_ENABLED)
    jiguang_restart_position.data_byte       0x20000534   Data          24  main.o(.bss.jiguang_restart_position.data_byte)
    [Anonymous Symbol]                       0x20000534   Section        0  main.o(.bss.jiguang_restart_position.data_byte)
    STACK                                    0x20000628   Section     1184  startup_stm32g473xx.o(STACK)

    Global Symbols

    Symbol Name                              Value     Ov Type        Size  Object(Section)

    BuildAttributes$$THM_ISAv4$E$P$D$K$B$S$7EM$VFPi3$EXTD16$VFPS$VFMA$PE$A:L22UL41UL21$X:L11$S22US41US21$IEEE1$IW$~IW$USESV6$~STKCKD$USESV7$~SHL$OTIME$ROPI$IEEEX$EBA8$MICROLIB$REQ8$PRES8$EABIv2 0x00000000   Number         0  anon$$obj.o ABSOLUTE
    __cpp_initialize__aeabi_                  - Undefined Weak Reference
    __cxa_finalize                            - Undefined Weak Reference
    __decompress                              - Undefined Weak Reference
    _clock_init                               - Undefined Weak Reference
    _microlib_exit                            - Undefined Weak Reference
    __Vectors_Size                           0x000001d8   Number         0  startup_stm32g473xx.o ABSOLUTE
    __Vectors                                0x08000000   Data           4  startup_stm32g473xx.o(RESET)
    __Vectors_End                            0x080001d8   Data           0  startup_stm32g473xx.o(RESET)
    __main                                   0x080001d9   Thumb Code     0  entry.o(.ARM.Collect$$$$00000000)
    _main_stk                                0x080001d9   Thumb Code     0  entry2.o(.ARM.Collect$$$$00000001)
    _main_scatterload                        0x080001dd   Thumb Code     0  entry5.o(.ARM.Collect$$$$00000004)
    __main_after_scatterload                 0x080001e1   Thumb Code     0  entry5.o(.ARM.Collect$$$$00000004)
    _main_clock                              0x080001e1   Thumb Code     0  entry7b.o(.ARM.Collect$$$$00000008)
    _main_cpp_init                           0x080001e1   Thumb Code     0  entry8b.o(.ARM.Collect$$$$0000000A)
    _main_init                               0x080001e1   Thumb Code     0  entry9a.o(.ARM.Collect$$$$0000000B)
    __rt_final_cpp                           0x080001e9   Thumb Code     0  entry10a.o(.ARM.Collect$$$$0000000D)
    __rt_final_exit                          0x080001e9   Thumb Code     0  entry11a.o(.ARM.Collect$$$$0000000F)
    Reset_Handler                            0x080001ed   Thumb Code     8  startup_stm32g473xx.o(.text)
    ADC1_2_IRQHandler                        0x08000207   Thumb Code     0  startup_stm32g473xx.o(.text)
    ADC3_IRQHandler                          0x08000207   Thumb Code     0  startup_stm32g473xx.o(.text)
    ADC4_IRQHandler                          0x08000207   Thumb Code     0  startup_stm32g473xx.o(.text)
    ADC5_IRQHandler                          0x08000207   Thumb Code     0  startup_stm32g473xx.o(.text)
    COMP1_2_3_IRQHandler                     0x08000207   Thumb Code     0  startup_stm32g473xx.o(.text)
    COMP4_5_6_IRQHandler                     0x08000207   Thumb Code     0  startup_stm32g473xx.o(.text)
    COMP7_IRQHandler                         0x08000207   Thumb Code     0  startup_stm32g473xx.o(.text)
    CORDIC_IRQHandler                        0x08000207   Thumb Code     0  startup_stm32g473xx.o(.text)
    CRS_IRQHandler                           0x08000207   Thumb Code     0  startup_stm32g473xx.o(.text)
    DMA1_Channel1_IRQHandler                 0x08000207   Thumb Code     0  startup_stm32g473xx.o(.text)
    DMA1_Channel2_IRQHandler                 0x08000207   Thumb Code     0  startup_stm32g473xx.o(.text)
    DMA1_Channel3_IRQHandler                 0x08000207   Thumb Code     0  startup_stm32g473xx.o(.text)
    DMA1_Channel4_IRQHandler                 0x08000207   Thumb Code     0  startup_stm32g473xx.o(.text)
    DMA1_Channel5_IRQHandler                 0x08000207   Thumb Code     0  startup_stm32g473xx.o(.text)
    DMA1_Channel6_IRQHandler                 0x08000207   Thumb Code     0  startup_stm32g473xx.o(.text)
    DMA1_Channel7_IRQHandler                 0x08000207   Thumb Code     0  startup_stm32g473xx.o(.text)
    DMA1_Channel8_IRQHandler                 0x08000207   Thumb Code     0  startup_stm32g473xx.o(.text)
    DMA2_Channel1_IRQHandler                 0x08000207   Thumb Code     0  startup_stm32g473xx.o(.text)
    DMA2_Channel2_IRQHandler                 0x08000207   Thumb Code     0  startup_stm32g473xx.o(.text)
    DMA2_Channel3_IRQHandler                 0x08000207   Thumb Code     0  startup_stm32g473xx.o(.text)
    DMA2_Channel4_IRQHandler                 0x08000207   Thumb Code     0  startup_stm32g473xx.o(.text)
    DMA2_Channel5_IRQHandler                 0x08000207   Thumb Code     0  startup_stm32g473xx.o(.text)
    DMA2_Channel6_IRQHandler                 0x08000207   Thumb Code     0  startup_stm32g473xx.o(.text)
    DMA2_Channel7_IRQHandler                 0x08000207   Thumb Code     0  startup_stm32g473xx.o(.text)
    DMA2_Channel8_IRQHandler                 0x08000207   Thumb Code     0  startup_stm32g473xx.o(.text)
    DMAMUX_OVR_IRQHandler                    0x08000207   Thumb Code     0  startup_stm32g473xx.o(.text)
    EXTI0_IRQHandler                         0x08000207   Thumb Code     0  startup_stm32g473xx.o(.text)
    EXTI15_10_IRQHandler                     0x08000207   Thumb Code     0  startup_stm32g473xx.o(.text)
    EXTI1_IRQHandler                         0x08000207   Thumb Code     0  startup_stm32g473xx.o(.text)
    EXTI2_IRQHandler                         0x08000207   Thumb Code     0  startup_stm32g473xx.o(.text)
    EXTI3_IRQHandler                         0x08000207   Thumb Code     0  startup_stm32g473xx.o(.text)
    EXTI4_IRQHandler                         0x08000207   Thumb Code     0  startup_stm32g473xx.o(.text)
    EXTI9_5_IRQHandler                       0x08000207   Thumb Code     0  startup_stm32g473xx.o(.text)
    FDCAN1_IT1_IRQHandler                    0x08000207   Thumb Code     0  startup_stm32g473xx.o(.text)
    FDCAN3_IT0_IRQHandler                    0x08000207   Thumb Code     0  startup_stm32g473xx.o(.text)
    FDCAN3_IT1_IRQHandler                    0x08000207   Thumb Code     0  startup_stm32g473xx.o(.text)
    FLASH_IRQHandler                         0x08000207   Thumb Code     0  startup_stm32g473xx.o(.text)
    FMAC_IRQHandler                          0x08000207   Thumb Code     0  startup_stm32g473xx.o(.text)
    FMC_IRQHandler                           0x08000207   Thumb Code     0  startup_stm32g473xx.o(.text)
    FPU_IRQHandler                           0x08000207   Thumb Code     0  startup_stm32g473xx.o(.text)
    I2C1_ER_IRQHandler                       0x08000207   Thumb Code     0  startup_stm32g473xx.o(.text)
    I2C1_EV_IRQHandler                       0x08000207   Thumb Code     0  startup_stm32g473xx.o(.text)
    I2C2_ER_IRQHandler                       0x08000207   Thumb Code     0  startup_stm32g473xx.o(.text)
    I2C2_EV_IRQHandler                       0x08000207   Thumb Code     0  startup_stm32g473xx.o(.text)
    I2C3_ER_IRQHandler                       0x08000207   Thumb Code     0  startup_stm32g473xx.o(.text)
    I2C3_EV_IRQHandler                       0x08000207   Thumb Code     0  startup_stm32g473xx.o(.text)
    I2C4_ER_IRQHandler                       0x08000207   Thumb Code     0  startup_stm32g473xx.o(.text)
    I2C4_EV_IRQHandler                       0x08000207   Thumb Code     0  startup_stm32g473xx.o(.text)
    LPTIM1_IRQHandler                        0x08000207   Thumb Code     0  startup_stm32g473xx.o(.text)
    LPUART1_IRQHandler                       0x08000207   Thumb Code     0  startup_stm32g473xx.o(.text)
    PVD_PVM_IRQHandler                       0x08000207   Thumb Code     0  startup_stm32g473xx.o(.text)
    QUADSPI_IRQHandler                       0x08000207   Thumb Code     0  startup_stm32g473xx.o(.text)
    RCC_IRQHandler                           0x08000207   Thumb Code     0  startup_stm32g473xx.o(.text)
    RNG_IRQHandler                           0x08000207   Thumb Code     0  startup_stm32g473xx.o(.text)
    RTC_Alarm_IRQHandler                     0x08000207   Thumb Code     0  startup_stm32g473xx.o(.text)
    RTC_TAMP_LSECSS_IRQHandler               0x08000207   Thumb Code     0  startup_stm32g473xx.o(.text)
    RTC_WKUP_IRQHandler                      0x08000207   Thumb Code     0  startup_stm32g473xx.o(.text)
    SAI1_IRQHandler                          0x08000207   Thumb Code     0  startup_stm32g473xx.o(.text)
    SPI1_IRQHandler                          0x08000207   Thumb Code     0  startup_stm32g473xx.o(.text)
    SPI2_IRQHandler                          0x08000207   Thumb Code     0  startup_stm32g473xx.o(.text)
    SPI3_IRQHandler                          0x08000207   Thumb Code     0  startup_stm32g473xx.o(.text)
    SPI4_IRQHandler                          0x08000207   Thumb Code     0  startup_stm32g473xx.o(.text)
    TIM20_BRK_IRQHandler                     0x08000207   Thumb Code     0  startup_stm32g473xx.o(.text)
    TIM20_CC_IRQHandler                      0x08000207   Thumb Code     0  startup_stm32g473xx.o(.text)
    TIM20_TRG_COM_IRQHandler                 0x08000207   Thumb Code     0  startup_stm32g473xx.o(.text)
    TIM20_UP_IRQHandler                      0x08000207   Thumb Code     0  startup_stm32g473xx.o(.text)
    TIM3_IRQHandler                          0x08000207   Thumb Code     0  startup_stm32g473xx.o(.text)
    TIM4_IRQHandler                          0x08000207   Thumb Code     0  startup_stm32g473xx.o(.text)
    TIM5_IRQHandler                          0x08000207   Thumb Code     0  startup_stm32g473xx.o(.text)
    TIM6_DAC_IRQHandler                      0x08000207   Thumb Code     0  startup_stm32g473xx.o(.text)
    TIM7_DAC_IRQHandler                      0x08000207   Thumb Code     0  startup_stm32g473xx.o(.text)
    TIM8_BRK_IRQHandler                      0x08000207   Thumb Code     0  startup_stm32g473xx.o(.text)
    TIM8_CC_IRQHandler                       0x08000207   Thumb Code     0  startup_stm32g473xx.o(.text)
    TIM8_TRG_COM_IRQHandler                  0x08000207   Thumb Code     0  startup_stm32g473xx.o(.text)
    TIM8_UP_IRQHandler                       0x08000207   Thumb Code     0  startup_stm32g473xx.o(.text)
    UART4_IRQHandler                         0x08000207   Thumb Code     0  startup_stm32g473xx.o(.text)
    UART5_IRQHandler                         0x08000207   Thumb Code     0  startup_stm32g473xx.o(.text)
    UCPD1_IRQHandler                         0x08000207   Thumb Code     0  startup_stm32g473xx.o(.text)
    USART3_IRQHandler                        0x08000207   Thumb Code     0  startup_stm32g473xx.o(.text)
    USBWakeUp_IRQHandler                     0x08000207   Thumb Code     0  startup_stm32g473xx.o(.text)
    USB_HP_IRQHandler                        0x08000207   Thumb Code     0  startup_stm32g473xx.o(.text)
    USB_LP_IRQHandler                        0x08000207   Thumb Code     0  startup_stm32g473xx.o(.text)
    WWDG_IRQHandler                          0x08000207   Thumb Code     0  startup_stm32g473xx.o(.text)
    __aeabi_uldivmod                         0x08000211   Thumb Code    98  uldiv.o(.text)
    __aeabi_memcpy                           0x08000273   Thumb Code    36  memcpya.o(.text)
    __aeabi_memcpy4                          0x08000273   Thumb Code     0  memcpya.o(.text)
    __aeabi_memcpy8                          0x08000273   Thumb Code     0  memcpya.o(.text)
    __aeabi_memset                           0x08000297   Thumb Code    14  memseta.o(.text)
    __aeabi_memset4                          0x08000297   Thumb Code     0  memseta.o(.text)
    __aeabi_memset8                          0x08000297   Thumb Code     0  memseta.o(.text)
    __aeabi_memclr                           0x080002a5   Thumb Code     4  memseta.o(.text)
    __aeabi_memclr4                          0x080002a5   Thumb Code     0  memseta.o(.text)
    __aeabi_memclr8                          0x080002a5   Thumb Code     0  memseta.o(.text)
    _memset$wrapper                          0x080002a9   Thumb Code    18  memseta.o(.text)
    strlen                                   0x080002bb   Thumb Code    14  strlen.o(.text)
    __aeabi_dadd                             0x080002c9   Thumb Code   322  dadd.o(.text)
    __aeabi_dsub                             0x0800040b   Thumb Code     6  dadd.o(.text)
    __aeabi_drsub                            0x08000411   Thumb Code     6  dadd.o(.text)
    __aeabi_dmul                             0x08000417   Thumb Code   228  dmul.o(.text)
    __aeabi_ddiv                             0x080004fb   Thumb Code   222  ddiv.o(.text)
    __aeabi_dcmple                           0x080005d9   Thumb Code    54  dcmple.o(.text)
    __aeabi_dcmplt                           0x0800060f   Thumb Code    54  dcmplt.o(.text)
    __aeabi_dcmpge                           0x08000645   Thumb Code    54  dcmpge.o(.text)
    __aeabi_dcmpgt                           0x0800067b   Thumb Code    54  dcmpgt.o(.text)
    __aeabi_i2d                              0x080006b1   Thumb Code    34  dflti.o(.text)
    __aeabi_ui2d                             0x080006d3   Thumb Code    26  dfltui.o(.text)
    __aeabi_f2d                              0x080006ed   Thumb Code    38  f2d.o(.text)
    __aeabi_d2f                              0x08000713   Thumb Code    56  d2f.o(.text)
    __aeabi_uidiv                            0x0800074b   Thumb Code     0  uidiv.o(.text)
    __aeabi_uidivmod                         0x0800074b   Thumb Code    44  uidiv.o(.text)
    __aeabi_llsl                             0x08000777   Thumb Code    30  llshl.o(.text)
    _ll_shift_l                              0x08000777   Thumb Code     0  llshl.o(.text)
    __aeabi_llsr                             0x08000795   Thumb Code    32  llushr.o(.text)
    _ll_ushift_r                             0x08000795   Thumb Code     0  llushr.o(.text)
    __aeabi_lasr                             0x080007b5   Thumb Code    36  llsshr.o(.text)
    _ll_sshift_r                             0x080007b5   Thumb Code     0  llsshr.o(.text)
    __I$use$fp                               0x080007d9   Thumb Code     0  iusefp.o(.text)
    _float_round                             0x080007d9   Thumb Code    18  fepilogue.o(.text)
    _float_epilogue                          0x080007eb   Thumb Code    92  fepilogue.o(.text)
    _double_round                            0x08000847   Thumb Code    30  depilogue.o(.text)
    _double_epilogue                         0x08000865   Thumb Code   156  depilogue.o(.text)
    __aeabi_d2ulz                            0x08000901   Thumb Code    48  dfixul.o(.text)
    __aeabi_cdrcmple                         0x08000931   Thumb Code    48  cdrcmple.o(.text)
    __scatterload                            0x08000961   Thumb Code    28  init.o(.text)
    __scatterload_rt2                        0x08000961   Thumb Code     0  init.o(.text)
    __I$use$semihosting$fputc                0x08000985   Thumb Code     0  iusesemip.o(.text)
    __aeabi_d2iz                             0x08000985   Thumb Code    62  dfixi.o(.text)
    __semihosting_library_function           0x08000985   Thumb Code     0  semi.o(.text)
    BusFault_Handler                         0x080009c5   Thumb Code     2  stm32g4xx_it.o(.text.BusFault_Handler)
    DebugMon_Handler                         0x080009c9   Thumb Code     2  stm32g4xx_it.o(.text.DebugMon_Handler)
    Error_Handler                            0x080009cd   Thumb Code    10  main.o(.text.Error_Handler)
    FDCAN1_IT0_IRQHandler                    0x080009d9   Thumb Code    12  stm32g4xx_it.o(.text.FDCAN1_IT0_IRQHandler)
    FDCAN1_RxFilter_Config                   0x080009e5   Thumb Code   114  bsp_can.o(.text.FDCAN1_RxFilter_Config)
    FDCAN2_IT0_IRQHandler                    0x08000a59   Thumb Code    12  stm32g4xx_it.o(.text.FDCAN2_IT0_IRQHandler)
    FDCAN2_IT1_IRQHandler                    0x08000a65   Thumb Code    12  stm32g4xx_it.o(.text.FDCAN2_IT1_IRQHandler)
    FDCAN2_RxFilter_Config                   0x08000a71   Thumb Code   116  bsp_can.o(.text.FDCAN2_RxFilter_Config)
    HAL_DMA_Abort                            0x08000ae5   Thumb Code   112  stm32g4xx_hal_dma.o(.text.HAL_DMA_Abort)
    HAL_DMA_Abort_IT                         0x08000b55   Thumb Code   124  stm32g4xx_hal_dma.o(.text.HAL_DMA_Abort_IT)
    HAL_FDCAN_ActivateNotification           0x08000bd1   Thumb Code   268  stm32g4xx_hal_fdcan.o(.text.HAL_FDCAN_ActivateNotification)
    HAL_FDCAN_AddMessageToTxFifoQ            0x08000cdd   Thumb Code   192  stm32g4xx_hal_fdcan.o(.text.HAL_FDCAN_AddMessageToTxFifoQ)
    HAL_FDCAN_ConfigFilter                   0x08000d9d   Thumb Code    96  stm32g4xx_hal_fdcan.o(.text.HAL_FDCAN_ConfigFilter)
    HAL_FDCAN_ConfigGlobalFilter             0x08000dfd   Thumb Code    64  stm32g4xx_hal_fdcan.o(.text.HAL_FDCAN_ConfigGlobalFilter)
    HAL_FDCAN_ErrorCallback                  0x08000e3d   Thumb Code     2  stm32g4xx_hal_fdcan.o(.text.HAL_FDCAN_ErrorCallback)
    HAL_FDCAN_ErrorStatusCallback            0x08000e41   Thumb Code    36  bsp_can.o(.text.HAL_FDCAN_ErrorStatusCallback)
    HAL_FDCAN_GetRxMessage                   0x08000e65   Thumb Code   358  stm32g4xx_hal_fdcan.o(.text.HAL_FDCAN_GetRxMessage)
    HAL_FDCAN_HighPriorityMessageCallback    0x08000fcd   Thumb Code     2  stm32g4xx_hal_fdcan.o(.text.HAL_FDCAN_HighPriorityMessageCallback)
    HAL_FDCAN_IRQHandler                     0x08000fd1   Thumb Code   378  stm32g4xx_hal_fdcan.o(.text.HAL_FDCAN_IRQHandler)
    HAL_FDCAN_Init                           0x0800114d   Thumb Code   596  stm32g4xx_hal_fdcan.o(.text.HAL_FDCAN_Init)
    HAL_FDCAN_MspInit                        0x080013a1   Thumb Code   334  fdcan.o(.text.HAL_FDCAN_MspInit)
    HAL_FDCAN_RxFifo0Callback                0x080014f1   Thumb Code   520  main.o(.text.HAL_FDCAN_RxFifo0Callback)
    HAL_FDCAN_RxFifo1Callback                0x080016f9   Thumb Code   128  main.o(.text.HAL_FDCAN_RxFifo1Callback)
    HAL_FDCAN_Start                          0x08001779   Thumb Code    44  stm32g4xx_hal_fdcan.o(.text.HAL_FDCAN_Start)
    HAL_FDCAN_TimeoutOccurredCallback        0x080017a5   Thumb Code     2  stm32g4xx_hal_fdcan.o(.text.HAL_FDCAN_TimeoutOccurredCallback)
    HAL_FDCAN_TimestampWraparoundCallback    0x080017a9   Thumb Code     2  stm32g4xx_hal_fdcan.o(.text.HAL_FDCAN_TimestampWraparoundCallback)
    HAL_FDCAN_TxBufferAbortCallback          0x080017ad   Thumb Code     2  stm32g4xx_hal_fdcan.o(.text.HAL_FDCAN_TxBufferAbortCallback)
    HAL_FDCAN_TxBufferCompleteCallback       0x080017b1   Thumb Code     2  stm32g4xx_hal_fdcan.o(.text.HAL_FDCAN_TxBufferCompleteCallback)
    HAL_FDCAN_TxEventFifoCallback            0x080017b5   Thumb Code     2  stm32g4xx_hal_fdcan.o(.text.HAL_FDCAN_TxEventFifoCallback)
    HAL_FDCAN_TxFifoEmptyCallback            0x080017b9   Thumb Code     2  stm32g4xx_hal_fdcan.o(.text.HAL_FDCAN_TxFifoEmptyCallback)
    HAL_GPIO_Init                            0x080017bd   Thumb Code   426  stm32g4xx_hal_gpio.o(.text.HAL_GPIO_Init)
    HAL_GetTick                              0x08001969   Thumb Code    12  stm32g4xx_hal.o(.text.HAL_GetTick)
    HAL_IncTick                              0x08001975   Thumb Code    26  stm32g4xx_hal.o(.text.HAL_IncTick)
    HAL_Init                                 0x08001991   Thumb Code    30  stm32g4xx_hal.o(.text.HAL_Init)
    HAL_InitTick                             0x080019b1   Thumb Code    76  stm32g4xx_hal.o(.text.HAL_InitTick)
    HAL_MspInit                              0x080019fd   Thumb Code    52  stm32g4xx_hal_msp.o(.text.HAL_MspInit)
    HAL_NVIC_EnableIRQ                       0x08001a31   Thumb Code    38  stm32g4xx_hal_cortex.o(.text.HAL_NVIC_EnableIRQ)
    HAL_NVIC_SetPriority                     0x08001a59   Thumb Code    86  stm32g4xx_hal_cortex.o(.text.HAL_NVIC_SetPriority)
    HAL_NVIC_SetPriorityGrouping             0x08001ab1   Thumb Code    32  stm32g4xx_hal_cortex.o(.text.HAL_NVIC_SetPriorityGrouping)
    HAL_PWREx_ControlVoltageScaling          0x08001ad1   Thumb Code   294  stm32g4xx_hal_pwr_ex.o(.text.HAL_PWREx_ControlVoltageScaling)
    HAL_PWREx_DisableUCPDDeadBattery         0x08001bf9   Thumb Code    18  stm32g4xx_hal_pwr_ex.o(.text.HAL_PWREx_DisableUCPDDeadBattery)
    HAL_RCCEx_PeriphCLKConfig                0x08001c0d   Thumb Code   726  stm32g4xx_hal_rcc_ex.o(.text.HAL_RCCEx_PeriphCLKConfig)
    HAL_RCC_ClockConfig                      0x08001ee5   Thumb Code   788  stm32g4xx_hal_rcc.o(.text.HAL_RCC_ClockConfig)
    HAL_RCC_GetPCLK1Freq                     0x080021f9   Thumb Code    42  stm32g4xx_hal_rcc.o(.text.HAL_RCC_GetPCLK1Freq)
    HAL_RCC_GetPCLK2Freq                     0x08002225   Thumb Code    42  stm32g4xx_hal_rcc.o(.text.HAL_RCC_GetPCLK2Freq)
    HAL_RCC_GetSysClockFreq                  0x08002251   Thumb Code   126  stm32g4xx_hal_rcc.o(.text.HAL_RCC_GetSysClockFreq)
    HAL_RCC_OscConfig                        0x080022d1   Thumb Code  1194  stm32g4xx_hal_rcc.o(.text.HAL_RCC_OscConfig)
    HAL_SYSTICK_Config                       0x0800277d   Thumb Code    44  stm32g4xx_hal_cortex.o(.text.HAL_SYSTICK_Config)
    HAL_TIMEx_Break2Callback                 0x080027a9   Thumb Code     2  stm32g4xx_hal_tim_ex.o(.text.HAL_TIMEx_Break2Callback)
    HAL_TIMEx_BreakCallback                  0x080027ad   Thumb Code     2  stm32g4xx_hal_tim_ex.o(.text.HAL_TIMEx_BreakCallback)
    HAL_TIMEx_CommutCallback                 0x080027b1   Thumb Code     2  stm32g4xx_hal_tim_ex.o(.text.HAL_TIMEx_CommutCallback)
    HAL_TIMEx_DirectionChangeCallback        0x080027b5   Thumb Code     2  stm32g4xx_hal_tim_ex.o(.text.HAL_TIMEx_DirectionChangeCallback)
    HAL_TIMEx_EncoderIndexCallback           0x080027b9   Thumb Code     2  stm32g4xx_hal_tim_ex.o(.text.HAL_TIMEx_EncoderIndexCallback)
    HAL_TIMEx_IndexErrorCallback             0x080027bd   Thumb Code     2  stm32g4xx_hal_tim_ex.o(.text.HAL_TIMEx_IndexErrorCallback)
    HAL_TIMEx_MasterConfigSynchronization    0x080027c1   Thumb Code   222  stm32g4xx_hal_tim_ex.o(.text.HAL_TIMEx_MasterConfigSynchronization)
    HAL_TIMEx_TransitionErrorCallback        0x080028a1   Thumb Code     2  stm32g4xx_hal_tim_ex.o(.text.HAL_TIMEx_TransitionErrorCallback)
    HAL_TIM_Base_Start_IT                    0x080028a5   Thumb Code   186  stm32g4xx_hal_tim.o(.text.HAL_TIM_Base_Start_IT)
    HAL_TIM_Encoder_Init                     0x08002961   Thumb Code   182  stm32g4xx_hal_tim.o(.text.HAL_TIM_Encoder_Init)
    HAL_TIM_Encoder_MspInit                  0x08002a19   Thumb Code   256  tim.o(.text.HAL_TIM_Encoder_MspInit)
    HAL_TIM_IC_CaptureCallback               0x08002b19   Thumb Code     2  stm32g4xx_hal_tim.o(.text.HAL_TIM_IC_CaptureCallback)
    HAL_TIM_IRQHandler                       0x08002b1d   Thumb Code   460  stm32g4xx_hal_tim.o(.text.HAL_TIM_IRQHandler)
    HAL_TIM_OC_DelayElapsedCallback          0x08002ce9   Thumb Code     2  stm32g4xx_hal_tim.o(.text.HAL_TIM_OC_DelayElapsedCallback)
    HAL_TIM_PWM_PulseFinishedCallback        0x08002ced   Thumb Code     2  stm32g4xx_hal_tim.o(.text.HAL_TIM_PWM_PulseFinishedCallback)
    HAL_TIM_PeriodElapsedCallback            0x08002cf1   Thumb Code    94  main.o(.text.HAL_TIM_PeriodElapsedCallback)
    HAL_TIM_TriggerCallback                  0x08002d51   Thumb Code     2  stm32g4xx_hal_tim.o(.text.HAL_TIM_TriggerCallback)
    HAL_UARTEx_DisableFifoMode               0x08002d55   Thumb Code    54  stm32g4xx_hal_uart_ex.o(.text.HAL_UARTEx_DisableFifoMode)
    HAL_UARTEx_RxEventCallback               0x08002d8d   Thumb Code     2  stm32g4xx_hal_uart.o(.text.HAL_UARTEx_RxEventCallback)
    HAL_UARTEx_RxFifoFullCallback            0x08002d91   Thumb Code     2  stm32g4xx_hal_uart_ex.o(.text.HAL_UARTEx_RxFifoFullCallback)
    HAL_UARTEx_SetRxFifoThreshold            0x08002d95   Thumb Code   140  stm32g4xx_hal_uart_ex.o(.text.HAL_UARTEx_SetRxFifoThreshold)
    HAL_UARTEx_SetTxFifoThreshold            0x08002e21   Thumb Code   140  stm32g4xx_hal_uart_ex.o(.text.HAL_UARTEx_SetTxFifoThreshold)
    HAL_UARTEx_TxFifoEmptyCallback           0x08002ead   Thumb Code     2  stm32g4xx_hal_uart_ex.o(.text.HAL_UARTEx_TxFifoEmptyCallback)
    HAL_UARTEx_WakeupCallback                0x08002eb1   Thumb Code     2  stm32g4xx_hal_uart_ex.o(.text.HAL_UARTEx_WakeupCallback)
    HAL_UART_ErrorCallback                   0x08002eb5   Thumb Code    72  main.o(.text.HAL_UART_ErrorCallback)
    HAL_UART_IRQHandler                      0x08002efd   Thumb Code  1600  stm32g4xx_hal_uart.o(.text.HAL_UART_IRQHandler)
    HAL_UART_Init                            0x0800353d   Thumb Code   100  stm32g4xx_hal_uart.o(.text.HAL_UART_Init)
    HAL_UART_MspInit                         0x080035a1   Thumb Code   236  usart.o(.text.HAL_UART_MspInit)
    HAL_UART_Receive_IT                      0x0800368d   Thumb Code   166  stm32g4xx_hal_uart.o(.text.HAL_UART_Receive_IT)
    HAL_UART_RxCpltCallback                  0x08003739   Thumb Code   688  main.o(.text.HAL_UART_RxCpltCallback)
    HAL_UART_Transmit                        0x080039e9   Thumb Code   404  stm32g4xx_hal_uart.o(.text.HAL_UART_Transmit)
    HAL_UART_TxCpltCallback                  0x08003b7d   Thumb Code     2  stm32g4xx_hal_uart.o(.text.HAL_UART_TxCpltCallback)
    HardFault_Handler                        0x08003b81   Thumb Code     2  stm32g4xx_it.o(.text.HardFault_Handler)
    LocatorUpdate                            0x08003b89   Thumb Code  1928  main.o(.text.LocatorUpdate)
    MX_FDCAN1_Init                           0x08004311   Thumb Code    98  fdcan.o(.text.MX_FDCAN1_Init)
    MX_FDCAN2_Init                           0x08004375   Thumb Code    96  fdcan.o(.text.MX_FDCAN2_Init)
    MX_GPIO_Init                             0x080043d5   Thumb Code    68  gpio.o(.text.MX_GPIO_Init)
    MX_TIM1_Init                             0x08004419   Thumb Code   116  tim.o(.text.MX_TIM1_Init)
    MX_TIM2_Init                             0x0800448d   Thumb Code   104  tim.o(.text.MX_TIM2_Init)
    MX_USART1_UART_Init                      0x080044f5   Thumb Code   138  usart.o(.text.MX_USART1_UART_Init)
    MX_USART2_UART_Init                      0x08004581   Thumb Code   130  usart.o(.text.MX_USART2_UART_Init)
    MemManage_Handler                        0x08004605   Thumb Code     2  stm32g4xx_it.o(.text.MemManage_Handler)
    NMI_Handler                              0x08004609   Thumb Code     2  stm32g4xx_it.o(.text.NMI_Handler)
    PendSV_Handler                           0x0800460d   Thumb Code     2  stm32g4xx_it.o(.text.PendSV_Handler)
    SVC_Handler                              0x08004611   Thumb Code     2  stm32g4xx_it.o(.text.SVC_Handler)
    SysTick_Handler                          0x08004615   Thumb Code     4  stm32g4xx_it.o(.text.SysTick_Handler)
    SystemInit                               0x08004619   Thumb Code    18  system_stm32g4xx.o(.text.SystemInit)
    TIM1_BRK_TIM15_IRQHandler                0x0800462d   Thumb Code    12  stm32g4xx_it.o(.text.TIM1_BRK_TIM15_IRQHandler)
    TIM1_CC_IRQHandler                       0x08004639   Thumb Code    12  stm32g4xx_it.o(.text.TIM1_CC_IRQHandler)
    TIM1_TRG_COM_TIM17_IRQHandler            0x08004645   Thumb Code    12  stm32g4xx_it.o(.text.TIM1_TRG_COM_TIM17_IRQHandler)
    TIM1_UP_TIM16_IRQHandler                 0x08004651   Thumb Code    12  stm32g4xx_it.o(.text.TIM1_UP_TIM16_IRQHandler)
    TIM2_IRQHandler                          0x0800465d   Thumb Code    12  stm32g4xx_it.o(.text.TIM2_IRQHandler)
    TIM_Base_SetConfig                       0x08004669   Thumb Code   332  stm32g4xx_hal_tim.o(.text.TIM_Base_SetConfig)
    UART_AdvFeatureConfig                    0x080047b5   Thumb Code   232  stm32g4xx_hal_uart.o(.text.UART_AdvFeatureConfig)
    UART_CheckIdleState                      0x0800489d   Thumb Code   366  stm32g4xx_hal_uart.o(.text.UART_CheckIdleState)
    UART_SetConfig                           0x080053ad   Thumb Code   688  stm32g4xx_hal_uart.o(.text.UART_SetConfig)
    UART_Start_Receive_IT                    0x0800566d   Thumb Code   610  stm32g4xx_hal_uart.o(.text.UART_Start_Receive_IT)
    UART_WaitOnFlagUntilTimeout              0x080058d1   Thumb Code   822  stm32g4xx_hal_uart.o(.text.UART_WaitOnFlagUntilTimeout)
    USART1_IRQHandler                        0x08005c09   Thumb Code    52  stm32g4xx_it.o(.text.USART1_IRQHandler)
    USART2_IRQHandler                        0x08005c3d   Thumb Code    12  stm32g4xx_it.o(.text.USART2_IRQHandler)
    USART_printf                             0x08005c49   Thumb Code    62  main.o(.text.USART_printf)
    UsageFault_Handler                       0x08005c89   Thumb Code     2  stm32g4xx_it.o(.text.UsageFault_Handler)
    jiguang_restart_position                 0x08005c8d   Thumb Code   180  main.o(.text.jiguang_restart_position)
    main                                     0x08005d41   Thumb Code   640  main.o(.text.main)
    __0vsprintf                              0x08005fdd   Thumb Code    30  printfa.o(i.__0vsprintf)
    __1vsprintf                              0x08005fdd   Thumb Code     0  printfa.o(i.__0vsprintf)
    __2vsprintf                              0x08005fdd   Thumb Code     0  printfa.o(i.__0vsprintf)
    __c89vsprintf                            0x08005fdd   Thumb Code     0  printfa.o(i.__0vsprintf)
    vsprintf                                 0x08005fdd   Thumb Code     0  printfa.o(i.__0vsprintf)
    __ARM_fpclassify                         0x08006001   Thumb Code    48  fpclassify.o(i.__ARM_fpclassify)
    __hardfp_cos                             0x08006031   Thumb Code   180  cos.o(i.__hardfp_cos)
    __hardfp_sin                             0x080060f9   Thumb Code   180  sin.o(i.__hardfp_sin)
    __ieee754_rem_pio2                       0x080061c1   Thumb Code   938  rred.o(i.__ieee754_rem_pio2)
    __kernel_cos                             0x080065f9   Thumb Code   322  cos_i.o(i.__kernel_cos)
    __kernel_poly                            0x08006769   Thumb Code   248  poly.o(i.__kernel_poly)
    __kernel_sin                             0x08006861   Thumb Code   280  sin_i.o(i.__kernel_sin)
    __mathlib_dbl_infnan                     0x08006991   Thumb Code    20  dunder.o(i.__mathlib_dbl_infnan)
    __mathlib_dbl_invalid                    0x080069a9   Thumb Code    24  dunder.o(i.__mathlib_dbl_invalid)
    __mathlib_dbl_underflow                  0x080069c9   Thumb Code    24  dunder.o(i.__mathlib_dbl_underflow)
    __scatterload_copy                       0x080069e9   Thumb Code    14  handlers.o(i.__scatterload_copy)
    __scatterload_null                       0x080069f7   Thumb Code     2  handlers.o(i.__scatterload_null)
    __scatterload_zeroinit                   0x080069f9   Thumb Code    14  handlers.o(i.__scatterload_zeroinit)
    __set_errno                              0x08006a09   Thumb Code     6  errno.o(i.__set_errno)
    fabs                                     0x080072d1   Thumb Code    24  fabs.o(i.fabs)
    fputc                                    0x080072e9   Thumb Code    18  fputc.o(i.fputc)
    puts                                     0x080072fd   Thumb Code    30  puts.o(i.puts)
    AHBPrescTable                            0x08007448   Data          16  system_stm32g4xx.o(.rodata.AHBPrescTable)
    APBPrescTable                            0x08007458   Data           8  system_stm32g4xx.o(.rodata.APBPrescTable)
    UARTPrescTable                           0x08007460   Data          24  stm32g4xx_hal_uart.o(.rodata.UARTPrescTable)
    Region$$Table$$Base                      0x080074cc   Number         0  anon$$obj.o(Region$$Table)
    Region$$Table$$Limit                     0x080074ec   Number         0  anon$$obj.o(Region$$Table)
    __stdout                                 0x20000000   Data           4  stdout.o(.data)
    if_gyro_start_first                      0x20000008   Data           4  main.o(.data..L_MergedGlobals)
    floating0                                0x20000010   Data           8  main.o(.data..L_MergedGlobals)
    ENCODER_overflow_cnt                     0x20000018   Data           8  main.o(.data..L_MergedGlobals)
    ENCODER_TIM                              0x20000020   Data           8  main.o(.data..L_MergedGlobals)
    convert                                  0x20000028   Data          16  main.o(.data..L_MergedGlobals)
    q_angle                                  0x20000038   Data          16  main.o(.data..L_MergedGlobals)
    uwTickPrio                               0x20000048   Data           4  stm32g4xx_hal.o(.data..L_MergedGlobals)
    uwTickFreq                               0x2000004c   Data           4  stm32g4xx_hal.o(.data..L_MergedGlobals)
    SystemCoreClock                          0x20000050   Data           4  system_stm32g4xx.o(.data.SystemCoreClock)
    gyro_buffer                              0x20000058   Data          33  main.o(.bss..L_MergedGlobals.10)
    total_x                                  0x20000080   Data          40  main.o(.bss..L_MergedGlobals.10)
    total_y                                  0x200000a8   Data          40  main.o(.bss..L_MergedGlobals.10)
    total_r                                  0x200000d0   Data          40  main.o(.bss..L_MergedGlobals.11)
    cov                                      0x200000f8   Data          72  main.o(.bss..L_MergedGlobals.11)
    restart_flag                             0x20000140   Data           1  main.o(.bss..L_MergedGlobals.7)
    if_gyro_right                            0x20000141   Data           1  main.o(.bss..L_MergedGlobals.7)
    v_n                                      0x20000144   Data           4  main.o(.bss..L_MergedGlobals.7)
    dis1                                     0x20000148   Data           4  main.o(.bss..L_MergedGlobals.7)
    dis2                                     0x2000014c   Data           4  main.o(.bss..L_MergedGlobals.7)
    if_laser_ready                           0x20000150   Data           4  main.o(.bss..L_MergedGlobals.7)
    if_gyro_err                              0x20000154   Data           4  main.o(.bss..L_MergedGlobals.7)
    gyro_vel0                                0x20000158   Data           4  main.o(.bss..L_MergedGlobals.7)
    gyroloop                                 0x2000015c   Data           4  main.o(.bss..L_MergedGlobals.7)
    if_get_laser                             0x20000160   Data           4  main.o(.bss..L_MergedGlobals.7)
    laser_x                                  0x20000164   Data           4  main.o(.bss..L_MergedGlobals.7)
    laser_y                                  0x20000168   Data           4  main.o(.bss..L_MergedGlobals.7)
    gyro_dealt_t                             0x2000016c   Data           4  main.o(.bss..L_MergedGlobals.7)
    gyro_start_time                          0x20000170   Data           4  main.o(.bss..L_MergedGlobals.7)
    gyrotime                                 0x20000174   Data           4  main.o(.bss..L_MergedGlobals.7)
    gyro_lasttime                            0x20000178   Data           4  main.o(.bss..L_MergedGlobals.7)
    accex                                    0x2000017c   Data           4  main.o(.bss..L_MergedGlobals.7)
    accey                                    0x20000180   Data           4  main.o(.bss..L_MergedGlobals.7)
    accez                                    0x20000184   Data           4  main.o(.bss..L_MergedGlobals.7)
    cnt1                                     0x20000188   Data           4  main.o(.bss..L_MergedGlobals.7)
    dis1_temp                                0x2000018c   Data           4  main.o(.bss..L_MergedGlobals.7)
    dis2_temp                                0x20000190   Data           4  main.o(.bss..L_MergedGlobals.7)
    vx_dis                                   0x20000198   Data           8  main.o(.bss..L_MergedGlobals.7)
    vy_dis                                   0x200001a0   Data           8  main.o(.bss..L_MergedGlobals.7)
    vr_ang                                   0x200001a8   Data           8  main.o(.bss..L_MergedGlobals.7)
    gyro_angle                               0x200001b0   Data           8  main.o(.bss..L_MergedGlobals.7)
    gyro_angle_del                           0x200001b8   Data           8  main.o(.bss..L_MergedGlobals.8)
    Pc_buffer                                0x200001c0   Data          11  main.o(.bss..L_MergedGlobals.8)
    Gyro_v                                   0x200001cc   Data          12  main.o(.bss..L_MergedGlobals.8)
    Gyro_a                                   0x200001d8   Data          12  main.o(.bss..L_MergedGlobals.8)
    gyro_vel                                 0x200001e4   Data          12  main.o(.bss..L_MergedGlobals.8)
    gyro_a                                   0x200001f0   Data          12  main.o(.bss..L_MergedGlobals.8)
    laser_data                               0x200001fc   Data          12  main.o(.bss..L_MergedGlobals.8)
    QEI_pulse                                0x20000208   Data          16  main.o(.bss..L_MergedGlobals.8)
    gyroResult                               0x20000218   Data          24  main.o(.bss..L_MergedGlobals.8)
    encoderRes                               0x20000230   Data          24  main.o(.bss..L_MergedGlobals.9)
    lastGyroResult                           0x20000248   Data          24  main.o(.bss..L_MergedGlobals.9)
    lastEncResult                            0x20000260   Data          24  main.o(.bss..L_MergedGlobals.9)
    state                                    0x20000290   Data          24  main.o(.bss..L_MergedGlobals.9)
    hfdcan1                                  0x200002ac   Data         100  fdcan.o(.bss.hfdcan1)
    hfdcan2                                  0x20000310   Data         100  fdcan.o(.bss.hfdcan2)
    htim1                                    0x20000374   Data          76  tim.o(.bss.htim1)
    htim2                                    0x200003c0   Data          76  tim.o(.bss.htim2)
    huart1                                   0x2000040c   Data         148  usart.o(.bss.huart1)
    huart2                                   0x200004a0   Data         148  usart.o(.bss.huart2)
    lcResult                                 0x20000550   Data         104  main.o(.bss.lcResult)
    timerlcResult                            0x200005b8   Data         104  main.o(.bss.timerlcResult)
    uwTick                                   0x20000620   Data           4  stm32g4xx_hal.o(.bss.uwTick)
    __initial_sp                             0x20000ac8   Data           0  startup_stm32g473xx.o(STACK)



==============================================================================

Memory Map of the image

  Image Entry point : 0x080001d9

  Load Region LR_IROM1 (Base: 0x08000000, Size: 0x00007548, Max: 0x00020000, ABSOLUTE)

    Execution Region ER_IROM1 (Exec base: 0x08000000, Load base: 0x08000000, Size: 0x000074ec, Max: 0x00020000, ABSOLUTE)

    Exec Addr    Load Addr    Size         Type   Attr      Idx    E Section Name        Object

    0x08000000   0x08000000   0x000001d8   Data   RO            3    RESET               startup_stm32g473xx.o
    0x080001d8   0x080001d8   0x00000000   Code   RO         1483  * .ARM.Collect$$$$00000000  mc_w.l(entry.o)
    0x080001d8   0x080001d8   0x00000004   Code   RO         1597    .ARM.Collect$$$$00000001  mc_w.l(entry2.o)
    0x080001dc   0x080001dc   0x00000004   Code   RO         1600    .ARM.Collect$$$$00000004  mc_w.l(entry5.o)
    0x080001e0   0x080001e0   0x00000000   Code   RO         1602    .ARM.Collect$$$$00000008  mc_w.l(entry7b.o)
    0x080001e0   0x080001e0   0x00000000   Code   RO         1604    .ARM.Collect$$$$0000000A  mc_w.l(entry8b.o)
    0x080001e0   0x080001e0   0x00000008   Code   RO         1605    .ARM.Collect$$$$0000000B  mc_w.l(entry9a.o)
    0x080001e8   0x080001e8   0x00000000   Code   RO         1607    .ARM.Collect$$$$0000000D  mc_w.l(entry10a.o)
    0x080001e8   0x080001e8   0x00000000   Code   RO         1609    .ARM.Collect$$$$0000000F  mc_w.l(entry11a.o)
    0x080001e8   0x080001e8   0x00000004   Code   RO         1598    .ARM.Collect$$$$00002712  mc_w.l(entry2.o)
    0x080001ec   0x080001ec   0x00000024   Code   RO            4    .text               startup_stm32g473xx.o
    0x08000210   0x08000210   0x00000062   Code   RO         1490    .text               mc_w.l(uldiv.o)
    0x08000272   0x08000272   0x00000024   Code   RO         1492    .text               mc_w.l(memcpya.o)
    0x08000296   0x08000296   0x00000024   Code   RO         1494    .text               mc_w.l(memseta.o)
    0x080002ba   0x080002ba   0x0000000e   Code   RO         1496    .text               mc_w.l(strlen.o)
    0x080002c8   0x080002c8   0x0000014e   Code   RO         1528    .text               mf_w.l(dadd.o)
    0x08000416   0x08000416   0x000000e4   Code   RO         1530    .text               mf_w.l(dmul.o)
    0x080004fa   0x080004fa   0x000000de   Code   RO         1532    .text               mf_w.l(ddiv.o)
    0x080005d8   0x080005d8   0x00000036   Code   RO         1534    .text               mf_w.l(dcmple.o)
    0x0800060e   0x0800060e   0x00000036   Code   RO         1536    .text               mf_w.l(dcmplt.o)
    0x08000644   0x08000644   0x00000036   Code   RO         1538    .text               mf_w.l(dcmpge.o)
    0x0800067a   0x0800067a   0x00000036   Code   RO         1540    .text               mf_w.l(dcmpgt.o)
    0x080006b0   0x080006b0   0x00000022   Code   RO         1542    .text               mf_w.l(dflti.o)
    0x080006d2   0x080006d2   0x0000001a   Code   RO         1544    .text               mf_w.l(dfltui.o)
    0x080006ec   0x080006ec   0x00000026   Code   RO         1546    .text               mf_w.l(f2d.o)
    0x08000712   0x08000712   0x00000038   Code   RO         1548    .text               mf_w.l(d2f.o)
    0x0800074a   0x0800074a   0x0000002c   Code   RO         1625    .text               mc_w.l(uidiv.o)
    0x08000776   0x08000776   0x0000001e   Code   RO         1627    .text               mc_w.l(llshl.o)
    0x08000794   0x08000794   0x00000020   Code   RO         1629    .text               mc_w.l(llushr.o)
    0x080007b4   0x080007b4   0x00000024   Code   RO         1631    .text               mc_w.l(llsshr.o)
    0x080007d8   0x080007d8   0x00000000   Code   RO         1640    .text               mc_w.l(iusefp.o)
    0x080007d8   0x080007d8   0x0000006e   Code   RO         1641    .text               mf_w.l(fepilogue.o)
    0x08000846   0x08000846   0x000000ba   Code   RO         1643    .text               mf_w.l(depilogue.o)
    0x08000900   0x08000900   0x00000030   Code   RO         1647    .text               mf_w.l(dfixul.o)
    0x08000930   0x08000930   0x00000030   Code   RO         1649    .text               mf_w.l(cdrcmple.o)
    0x08000960   0x08000960   0x00000024   Code   RO         1661    .text               mc_w.l(init.o)
    0x08000984   0x08000984   0x00000000   Code   RO         1663    .text               mc_w.l(semi.o)
    0x08000984   0x08000984   0x00000000   Code   RO         1664    .text               mc_w.l(iusesemip.o)
    0x08000984   0x08000984   0x0000003e   Code   RO         1665    .text               mf_w.l(dfixi.o)
    0x080009c2   0x080009c2   0x00000002   PAD
    0x080009c4   0x080009c4   0x00000002   Code   RO          175    .text.BusFault_Handler  stm32g4xx_it.o
    0x080009c6   0x080009c6   0x00000002   PAD
    0x080009c8   0x080009c8   0x00000002   Code   RO          181    .text.DebugMon_Handler  stm32g4xx_it.o
    0x080009ca   0x080009ca   0x00000002   PAD
    0x080009cc   0x080009cc   0x0000000a   Code   RO           41    .text.Error_Handler  main.o
    0x080009d6   0x080009d6   0x00000002   PAD
    0x080009d8   0x080009d8   0x0000000c   Code   RO          187    .text.FDCAN1_IT0_IRQHandler  stm32g4xx_it.o
    0x080009e4   0x080009e4   0x00000072   Code   RO         1436    .text.FDCAN1_RxFilter_Config  bsp_can.o
    0x08000a56   0x08000a56   0x00000002   PAD
    0x08000a58   0x08000a58   0x0000000c   Code   RO          203    .text.FDCAN2_IT0_IRQHandler  stm32g4xx_it.o
    0x08000a64   0x08000a64   0x0000000c   Code   RO          205    .text.FDCAN2_IT1_IRQHandler  stm32g4xx_it.o
    0x08000a70   0x08000a70   0x00000074   Code   RO         1438    .text.FDCAN2_RxFilter_Config  bsp_can.o
    0x08000ae4   0x08000ae4   0x00000070   Code   RO          652    .text.HAL_DMA_Abort  stm32g4xx_hal_dma.o
    0x08000b54   0x08000b54   0x0000007c   Code   RO          654    .text.HAL_DMA_Abort_IT  stm32g4xx_hal_dma.o
    0x08000bd0   0x08000bd0   0x0000010c   Code   RO          310    .text.HAL_FDCAN_ActivateNotification  stm32g4xx_hal_fdcan.o
    0x08000cdc   0x08000cdc   0x000000c0   Code   RO          282    .text.HAL_FDCAN_AddMessageToTxFifoQ  stm32g4xx_hal_fdcan.o
    0x08000d9c   0x08000d9c   0x00000060   Code   RO          236    .text.HAL_FDCAN_ConfigFilter  stm32g4xx_hal_fdcan.o
    0x08000dfc   0x08000dfc   0x00000040   Code   RO          238    .text.HAL_FDCAN_ConfigGlobalFilter  stm32g4xx_hal_fdcan.o
    0x08000e3c   0x08000e3c   0x00000002   Code   RO          336    .text.HAL_FDCAN_ErrorCallback  stm32g4xx_hal_fdcan.o
    0x08000e3e   0x08000e3e   0x00000002   PAD
    0x08000e40   0x08000e40   0x00000024   Code   RO         1440    .text.HAL_FDCAN_ErrorStatusCallback  bsp_can.o
    0x08000e64   0x08000e64   0x00000166   Code   RO          288    .text.HAL_FDCAN_GetRxMessage  stm32g4xx_hal_fdcan.o
    0x08000fca   0x08000fca   0x00000002   PAD
    0x08000fcc   0x08000fcc   0x00000002   Code   RO          316    .text.HAL_FDCAN_HighPriorityMessageCallback  stm32g4xx_hal_fdcan.o
    0x08000fce   0x08000fce   0x00000002   PAD
    0x08000fd0   0x08000fd0   0x0000017a   Code   RO          314    .text.HAL_FDCAN_IRQHandler  stm32g4xx_hal_fdcan.o
    0x0800114a   0x0800114a   0x00000002   PAD
    0x0800114c   0x0800114c   0x00000254   Code   RO          222    .text.HAL_FDCAN_Init  stm32g4xx_hal_fdcan.o
    0x080013a0   0x080013a0   0x0000014e   Code   RO          118    .text.HAL_FDCAN_MspInit  fdcan.o
    0x080014ee   0x080014ee   0x00000002   PAD
    0x080014f0   0x080014f0   0x00000208   Code   RO           39    .text.HAL_FDCAN_RxFifo0Callback  main.o
    0x080016f8   0x080016f8   0x00000080   Code   RO           45    .text.HAL_FDCAN_RxFifo1Callback  main.o
    0x08001778   0x08001778   0x0000002c   Code   RO          280    .text.HAL_FDCAN_Start  stm32g4xx_hal_fdcan.o
    0x080017a4   0x080017a4   0x00000002   Code   RO          332    .text.HAL_FDCAN_TimeoutOccurredCallback  stm32g4xx_hal_fdcan.o
    0x080017a6   0x080017a6   0x00000002   PAD
    0x080017a8   0x080017a8   0x00000002   Code   RO          330    .text.HAL_FDCAN_TimestampWraparoundCallback  stm32g4xx_hal_fdcan.o
    0x080017aa   0x080017aa   0x00000002   PAD
    0x080017ac   0x080017ac   0x00000002   Code   RO          318    .text.HAL_FDCAN_TxBufferAbortCallback  stm32g4xx_hal_fdcan.o
    0x080017ae   0x080017ae   0x00000002   PAD
    0x080017b0   0x080017b0   0x00000002   Code   RO          328    .text.HAL_FDCAN_TxBufferCompleteCallback  stm32g4xx_hal_fdcan.o
    0x080017b2   0x080017b2   0x00000002   PAD
    0x080017b4   0x080017b4   0x00000002   Code   RO          320    .text.HAL_FDCAN_TxEventFifoCallback  stm32g4xx_hal_fdcan.o
    0x080017b6   0x080017b6   0x00000002   PAD
    0x080017b8   0x080017b8   0x00000002   Code   RO          326    .text.HAL_FDCAN_TxFifoEmptyCallback  stm32g4xx_hal_fdcan.o
    0x080017ba   0x080017ba   0x00000002   PAD
    0x080017bc   0x080017bc   0x000001aa   Code   RO          594    .text.HAL_GPIO_Init  stm32g4xx_hal_gpio.o
    0x08001966   0x08001966   0x00000002   PAD
    0x08001968   0x08001968   0x0000000c   Code   RO          363    .text.HAL_GetTick   stm32g4xx_hal.o
    0x08001974   0x08001974   0x0000001a   Code   RO          361    .text.HAL_IncTick   stm32g4xx_hal.o
    0x0800198e   0x0800198e   0x00000002   PAD
    0x08001990   0x08001990   0x0000001e   Code   RO          351    .text.HAL_Init      stm32g4xx_hal.o
    0x080019ae   0x080019ae   0x00000002   PAD
    0x080019b0   0x080019b0   0x0000004c   Code   RO          353    .text.HAL_InitTick  stm32g4xx_hal.o
    0x080019fc   0x080019fc   0x00000034   Code   RO          214    .text.HAL_MspInit   stm32g4xx_hal_msp.o
    0x08001a30   0x08001a30   0x00000026   Code   RO          820    .text.HAL_NVIC_EnableIRQ  stm32g4xx_hal_cortex.o
    0x08001a56   0x08001a56   0x00000002   PAD
    0x08001a58   0x08001a58   0x00000056   Code   RO          818    .text.HAL_NVIC_SetPriority  stm32g4xx_hal_cortex.o
    0x08001aae   0x08001aae   0x00000002   PAD
    0x08001ab0   0x08001ab0   0x00000020   Code   RO          816    .text.HAL_NVIC_SetPriorityGrouping  stm32g4xx_hal_cortex.o
    0x08001ad0   0x08001ad0   0x00000126   Code   RO          736    .text.HAL_PWREx_ControlVoltageScaling  stm32g4xx_hal_pwr_ex.o
    0x08001bf6   0x08001bf6   0x00000002   PAD
    0x08001bf8   0x08001bf8   0x00000012   Code   RO          806    .text.HAL_PWREx_DisableUCPDDeadBattery  stm32g4xx_hal_pwr_ex.o
    0x08001c0a   0x08001c0a   0x00000002   PAD
    0x08001c0c   0x08001c0c   0x000002d6   Code   RO          475    .text.HAL_RCCEx_PeriphCLKConfig  stm32g4xx_hal_rcc_ex.o
    0x08001ee2   0x08001ee2   0x00000002   PAD
    0x08001ee4   0x08001ee4   0x00000314   Code   RO          441    .text.HAL_RCC_ClockConfig  stm32g4xx_hal_rcc.o
    0x080021f8   0x080021f8   0x0000002a   Code   RO          449    .text.HAL_RCC_GetPCLK1Freq  stm32g4xx_hal_rcc.o
    0x08002222   0x08002222   0x00000002   PAD
    0x08002224   0x08002224   0x0000002a   Code   RO          451    .text.HAL_RCC_GetPCLK2Freq  stm32g4xx_hal_rcc.o
    0x0800224e   0x0800224e   0x00000002   PAD
    0x08002250   0x08002250   0x0000007e   Code   RO          443    .text.HAL_RCC_GetSysClockFreq  stm32g4xx_hal_rcc.o
    0x080022ce   0x080022ce   0x00000002   PAD
    0x080022d0   0x080022d0   0x000004aa   Code   RO          439    .text.HAL_RCC_OscConfig  stm32g4xx_hal_rcc.o
    0x0800277a   0x0800277a   0x00000002   PAD
    0x0800277c   0x0800277c   0x0000002c   Code   RO          828    .text.HAL_SYSTICK_Config  stm32g4xx_hal_cortex.o
    0x080027a8   0x080027a8   0x00000002   Code   RO         1213    .text.HAL_TIMEx_Break2Callback  stm32g4xx_hal_tim_ex.o
    0x080027aa   0x080027aa   0x00000002   PAD
    0x080027ac   0x080027ac   0x00000002   Code   RO         1211    .text.HAL_TIMEx_BreakCallback  stm32g4xx_hal_tim_ex.o
    0x080027ae   0x080027ae   0x00000002   PAD
    0x080027b0   0x080027b0   0x00000002   Code   RO         1207    .text.HAL_TIMEx_CommutCallback  stm32g4xx_hal_tim_ex.o
    0x080027b2   0x080027b2   0x00000002   PAD
    0x080027b4   0x080027b4   0x00000002   Code   RO         1217    .text.HAL_TIMEx_DirectionChangeCallback  stm32g4xx_hal_tim_ex.o
    0x080027b6   0x080027b6   0x00000002   PAD
    0x080027b8   0x080027b8   0x00000002   Code   RO         1215    .text.HAL_TIMEx_EncoderIndexCallback  stm32g4xx_hal_tim_ex.o
    0x080027ba   0x080027ba   0x00000002   PAD
    0x080027bc   0x080027bc   0x00000002   Code   RO         1219    .text.HAL_TIMEx_IndexErrorCallback  stm32g4xx_hal_tim_ex.o
    0x080027be   0x080027be   0x00000002   PAD
    0x080027c0   0x080027c0   0x000000de   Code   RO         1157    .text.HAL_TIMEx_MasterConfigSynchronization  stm32g4xx_hal_tim_ex.o
    0x0800289e   0x0800289e   0x00000002   PAD
    0x080028a0   0x080028a0   0x00000002   Code   RO         1221    .text.HAL_TIMEx_TransitionErrorCallback  stm32g4xx_hal_tim_ex.o
    0x080028a2   0x080028a2   0x00000002   PAD
    0x080028a4   0x080028a4   0x000000ba   Code   RO          876    .text.HAL_TIM_Base_Start_IT  stm32g4xx_hal_tim.o
    0x0800295e   0x0800295e   0x00000002   PAD
    0x08002960   0x08002960   0x000000b6   Code   RO          976    .text.HAL_TIM_Encoder_Init  stm32g4xx_hal_tim.o
    0x08002a16   0x08002a16   0x00000002   PAD
    0x08002a18   0x08002a18   0x00000100   Code   RO          137    .text.HAL_TIM_Encoder_MspInit  tim.o
    0x08002b18   0x08002b18   0x00000002   Code   RO          998    .text.HAL_TIM_IC_CaptureCallback  stm32g4xx_hal_tim.o
    0x08002b1a   0x08002b1a   0x00000002   PAD
    0x08002b1c   0x08002b1c   0x000001cc   Code   RO          996    .text.HAL_TIM_IRQHandler  stm32g4xx_hal_tim.o
    0x08002ce8   0x08002ce8   0x00000002   Code   RO         1000    .text.HAL_TIM_OC_DelayElapsedCallback  stm32g4xx_hal_tim.o
    0x08002cea   0x08002cea   0x00000002   PAD
    0x08002cec   0x08002cec   0x00000002   Code   RO         1002    .text.HAL_TIM_PWM_PulseFinishedCallback  stm32g4xx_hal_tim.o
    0x08002cee   0x08002cee   0x00000002   PAD
    0x08002cf0   0x08002cf0   0x0000005e   Code   RO           27    .text.HAL_TIM_PeriodElapsedCallback  main.o
    0x08002d4e   0x08002d4e   0x00000002   PAD
    0x08002d50   0x08002d50   0x00000002   Code   RO         1006    .text.HAL_TIM_TriggerCallback  stm32g4xx_hal_tim.o
    0x08002d52   0x08002d52   0x00000002   PAD
    0x08002d54   0x08002d54   0x00000036   Code   RO         1398    .text.HAL_UARTEx_DisableFifoMode  stm32g4xx_hal_uart_ex.o
    0x08002d8a   0x08002d8a   0x00000002   PAD
    0x08002d8c   0x08002d8c   0x00000002   Code   RO         1326    .text.HAL_UARTEx_RxEventCallback  stm32g4xx_hal_uart.o
    0x08002d8e   0x08002d8e   0x00000002   PAD
    0x08002d90   0x08002d90   0x00000002   Code   RO         1384    .text.HAL_UARTEx_RxFifoFullCallback  stm32g4xx_hal_uart_ex.o
    0x08002d92   0x08002d92   0x00000002   PAD
    0x08002d94   0x08002d94   0x0000008c   Code   RO         1402    .text.HAL_UARTEx_SetRxFifoThreshold  stm32g4xx_hal_uart_ex.o
    0x08002e20   0x08002e20   0x0000008c   Code   RO         1400    .text.HAL_UARTEx_SetTxFifoThreshold  stm32g4xx_hal_uart_ex.o
    0x08002eac   0x08002eac   0x00000002   Code   RO         1386    .text.HAL_UARTEx_TxFifoEmptyCallback  stm32g4xx_hal_uart_ex.o
    0x08002eae   0x08002eae   0x00000002   PAD
    0x08002eb0   0x08002eb0   0x00000002   Code   RO         1382    .text.HAL_UARTEx_WakeupCallback  stm32g4xx_hal_uart_ex.o
    0x08002eb2   0x08002eb2   0x00000002   PAD
    0x08002eb4   0x08002eb4   0x00000048   Code   RO           37    .text.HAL_UART_ErrorCallback  main.o
    0x08002efc   0x08002efc   0x00000640   Code   RO         1320    .text.HAL_UART_IRQHandler  stm32g4xx_hal_uart.o
    0x0800353c   0x0800353c   0x00000064   Code   RO         1236    .text.HAL_UART_Init  stm32g4xx_hal_uart.o
    0x080035a0   0x080035a0   0x000000ec   Code   RO          155    .text.HAL_UART_MspInit  usart.o
    0x0800368c   0x0800368c   0x000000a6   Code   RO         1272    .text.HAL_UART_Receive_IT  stm32g4xx_hal_uart.o
    0x08003732   0x08003732   0x00000006   PAD
    0x08003738   0x08003738   0x000002b0   Code   RO           25    .text.HAL_UART_RxCpltCallback  main.o
    0x080039e8   0x080039e8   0x00000194   Code   RO         1256    .text.HAL_UART_Transmit  stm32g4xx_hal_uart.o
    0x08003b7c   0x08003b7c   0x00000002   Code   RO         1328    .text.HAL_UART_TxCpltCallback  stm32g4xx_hal_uart.o
    0x08003b7e   0x08003b7e   0x00000002   PAD
    0x08003b80   0x08003b80   0x00000002   Code   RO          171    .text.HardFault_Handler  stm32g4xx_it.o
    0x08003b82   0x08003b82   0x00000006   PAD
    0x08003b88   0x08003b88   0x00000788   Code   RO           29    .text.LocatorUpdate  main.o
    0x08004310   0x08004310   0x00000062   Code   RO          114    .text.MX_FDCAN1_Init  fdcan.o
    0x08004372   0x08004372   0x00000002   PAD
    0x08004374   0x08004374   0x00000060   Code   RO          116    .text.MX_FDCAN2_Init  fdcan.o
    0x080043d4   0x080043d4   0x00000044   Code   RO          106    .text.MX_GPIO_Init  gpio.o
    0x08004418   0x08004418   0x00000074   Code   RO          133    .text.MX_TIM1_Init  tim.o
    0x0800448c   0x0800448c   0x00000068   Code   RO          135    .text.MX_TIM2_Init  tim.o
    0x080044f4   0x080044f4   0x0000008a   Code   RO          151    .text.MX_USART1_UART_Init  usart.o
    0x0800457e   0x0800457e   0x00000002   PAD
    0x08004580   0x08004580   0x00000082   Code   RO          153    .text.MX_USART2_UART_Init  usart.o
    0x08004602   0x08004602   0x00000002   PAD
    0x08004604   0x08004604   0x00000002   Code   RO          173    .text.MemManage_Handler  stm32g4xx_it.o
    0x08004606   0x08004606   0x00000002   PAD
    0x08004608   0x08004608   0x00000002   Code   RO          169    .text.NMI_Handler   stm32g4xx_it.o
    0x0800460a   0x0800460a   0x00000002   PAD
    0x0800460c   0x0800460c   0x00000002   Code   RO          183    .text.PendSV_Handler  stm32g4xx_it.o
    0x0800460e   0x0800460e   0x00000002   PAD
    0x08004610   0x08004610   0x00000002   Code   RO          179    .text.SVC_Handler   stm32g4xx_it.o
    0x08004612   0x08004612   0x00000002   PAD
    0x08004614   0x08004614   0x00000004   Code   RO          185    .text.SysTick_Handler  stm32g4xx_it.o
    0x08004618   0x08004618   0x00000012   Code   RO         1421    .text.SystemInit    system_stm32g4xx.o
    0x0800462a   0x0800462a   0x00000002   PAD
    0x0800462c   0x0800462c   0x0000000c   Code   RO          189    .text.TIM1_BRK_TIM15_IRQHandler  stm32g4xx_it.o
    0x08004638   0x08004638   0x0000000c   Code   RO          195    .text.TIM1_CC_IRQHandler  stm32g4xx_it.o
    0x08004644   0x08004644   0x0000000c   Code   RO          193    .text.TIM1_TRG_COM_TIM17_IRQHandler  stm32g4xx_it.o
    0x08004650   0x08004650   0x0000000c   Code   RO          191    .text.TIM1_UP_TIM16_IRQHandler  stm32g4xx_it.o
    0x0800465c   0x0800465c   0x0000000c   Code   RO          197    .text.TIM2_IRQHandler  stm32g4xx_it.o
    0x08004668   0x08004668   0x0000014c   Code   RO          866    .text.TIM_Base_SetConfig  stm32g4xx_hal_tim.o
    0x080047b4   0x080047b4   0x000000e8   Code   RO         1240    .text.UART_AdvFeatureConfig  stm32g4xx_hal_uart.o
    0x0800489c   0x0800489c   0x0000016e   Code   RO         1244    .text.UART_CheckIdleState  stm32g4xx_hal_uart.o
    0x08004a0a   0x08004a0a   0x00000002   PAD
    0x08004a0c   0x08004a0c   0x00000010   Code   RO         1322    .text.UART_DMAAbortOnError  stm32g4xx_hal_uart.o
    0x08004a1c   0x08004a1c   0x000001aa   Code   RO         1362    .text.UART_RxISR_16BIT  stm32g4xx_hal_uart.o
    0x08004bc6   0x08004bc6   0x00000002   PAD
    0x08004bc8   0x08004bc8   0x00000316   Code   RO         1358    .text.UART_RxISR_16BIT_FIFOEN  stm32g4xx_hal_uart.o
    0x08004ede   0x08004ede   0x00000002   PAD
    0x08004ee0   0x08004ee0   0x000001ae   Code   RO         1364    .text.UART_RxISR_8BIT  stm32g4xx_hal_uart.o
    0x0800508e   0x0800508e   0x00000002   PAD
    0x08005090   0x08005090   0x0000031a   Code   RO         1360    .text.UART_RxISR_8BIT_FIFOEN  stm32g4xx_hal_uart.o
    0x080053aa   0x080053aa   0x00000002   PAD
    0x080053ac   0x080053ac   0x000002c0   Code   RO         1242    .text.UART_SetConfig  stm32g4xx_hal_uart.o
    0x0800566c   0x0800566c   0x00000262   Code   RO         1274    .text.UART_Start_Receive_IT  stm32g4xx_hal_uart.o
    0x080058ce   0x080058ce   0x00000002   PAD
    0x080058d0   0x080058d0   0x00000336   Code   RO         1258    .text.UART_WaitOnFlagUntilTimeout  stm32g4xx_hal_uart.o
    0x08005c06   0x08005c06   0x00000002   PAD
    0x08005c08   0x08005c08   0x00000034   Code   RO          199    .text.USART1_IRQHandler  stm32g4xx_it.o
    0x08005c3c   0x08005c3c   0x0000000c   Code   RO          201    .text.USART2_IRQHandler  stm32g4xx_it.o
    0x08005c48   0x08005c48   0x0000003e   Code   RO           11    .text.USART_printf  main.o
    0x08005c86   0x08005c86   0x00000002   PAD
    0x08005c88   0x08005c88   0x00000002   Code   RO          177    .text.UsageFault_Handler  stm32g4xx_it.o
    0x08005c8a   0x08005c8a   0x00000002   PAD
    0x08005c8c   0x08005c8c   0x000000b4   Code   RO           43    .text.jiguang_restart_position  main.o
    0x08005d40   0x08005d40   0x0000029c   Code   RO           59    .text.main          main.o
    0x08005fdc   0x08005fdc   0x00000024   Code   RO         1507    i.__0vsprintf       mc_w.l(printfa.o)
    0x08006000   0x08006000   0x00000030   Code   RO         1657    i.__ARM_fpclassify  m_wm.l(fpclassify.o)
    0x08006030   0x08006030   0x000000c8   Code   RO         1471    i.__hardfp_cos      m_wm.l(cos.o)
    0x080060f8   0x080060f8   0x000000c8   Code   RO         1477    i.__hardfp_sin      m_wm.l(sin.o)
    0x080061c0   0x080061c0   0x00000438   Code   RO         1583    i.__ieee754_rem_pio2  m_wm.l(rred.o)
    0x080065f8   0x080065f8   0x00000170   Code   RO         1550    i.__kernel_cos      m_wm.l(cos_i.o)
    0x08006768   0x08006768   0x000000f8   Code   RO         1659    i.__kernel_poly     m_wm.l(poly.o)
    0x08006860   0x08006860   0x00000130   Code   RO         1588    i.__kernel_sin      m_wm.l(sin_i.o)
    0x08006990   0x08006990   0x00000014   Code   RO         1554    i.__mathlib_dbl_infnan  m_wm.l(dunder.o)
    0x080069a4   0x080069a4   0x00000004   PAD
    0x080069a8   0x080069a8   0x00000020   Code   RO         1556    i.__mathlib_dbl_invalid  m_wm.l(dunder.o)
    0x080069c8   0x080069c8   0x00000020   Code   RO         1559    i.__mathlib_dbl_underflow  m_wm.l(dunder.o)
    0x080069e8   0x080069e8   0x0000000e   Code   RO         1669    i.__scatterload_copy  mc_w.l(handlers.o)
    0x080069f6   0x080069f6   0x00000002   Code   RO         1670    i.__scatterload_null  mc_w.l(handlers.o)
    0x080069f8   0x080069f8   0x0000000e   Code   RO         1671    i.__scatterload_zeroinit  mc_w.l(handlers.o)
    0x08006a06   0x08006a06   0x00000002   PAD
    0x08006a08   0x08006a08   0x0000000c   Code   RO         1635    i.__set_errno       mc_w.l(errno.o)
    0x08006a14   0x08006a14   0x00000184   Code   RO         1508    i._fp_digits        mc_w.l(printfa.o)
    0x08006b98   0x08006b98   0x000006dc   Code   RO         1509    i._printf_core      mc_w.l(printfa.o)
    0x08007274   0x08007274   0x00000024   Code   RO         1510    i._printf_post_padding  mc_w.l(printfa.o)
    0x08007298   0x08007298   0x0000002e   Code   RO         1511    i._printf_pre_padding  mc_w.l(printfa.o)
    0x080072c6   0x080072c6   0x0000000a   Code   RO         1513    i._sputc            mc_w.l(printfa.o)
    0x080072d0   0x080072d0   0x00000018   Code   RO         1653    i.fabs              m_wm.l(fabs.o)
    0x080072e8   0x080072e8   0x00000012   Code   RO         1611    i.fputc             mc_w.l(fputc.o)
    0x080072fa   0x080072fa   0x00000002   PAD
    0x080072fc   0x080072fc   0x00000024   Code   RO         1486    i.puts              mc_w.l(puts.o)
    0x08007320   0x08007320   0x00000030   Data   RO         1551    .constdata          m_wm.l(cos_i.o)
    0x08007350   0x08007350   0x000000cc   Data   RO         1585    .constdata          m_wm.l(rred.o)
    0x0800741c   0x0800741c   0x00000004   PAD
    0x08007420   0x08007420   0x00000028   Data   RO         1589    .constdata          m_wm.l(sin_i.o)
    0x08007448   0x08007448   0x00000010   Data   RO         1426    .rodata.AHBPrescTable  system_stm32g4xx.o
    0x08007458   0x08007458   0x00000008   Data   RO         1427    .rodata.APBPrescTable  system_stm32g4xx.o
    0x08007460   0x08007460   0x00000018   Data   RO         1370    .rodata.UARTPrescTable  stm32g4xx_hal_uart.o
    0x08007478   0x08007478   0x00000010   Data   RO          342    .rodata.cst16       stm32g4xx_hal_fdcan.o
    0x08007488   0x08007488   0x00000010   Data   RO         1371    .rodata.cst16       stm32g4xx_hal_uart.o
    0x08007498   0x08007498   0x00000010   Data   RO         1412    .rodata.cst8        stm32g4xx_hal_uart_ex.o
    0x080074a8   0x080074a8   0x00000021   Data   RO           84    .rodata.str1.1      main.o
    0x080074c9   0x080074c9   0x00000003   PAD
    0x080074cc   0x080074cc   0x00000020   Data   RO         1668    Region$$Table       anon$$obj.o


    Execution Region RW_IRAM1 (Exec base: 0x20000000, Load base: 0x080074f0, Size: 0x00000ac8, Max: 0x00020000, ABSOLUTE)

    Exec Addr    Load Addr    Size         Type   Attr      Idx    E Section Name        Object

    0x20000000   0x080074f0   0x00000004   Data   RW         1615    .data               mc_w.l(stdout.o)
    0x20000004   0x080074f4   0x00000004   Data   RW         1636    .data               mc_w.l(errno.o)
    0x20000008   0x080074f8   0x00000040   Data   RW           92    .data..L_MergedGlobals  main.o
    0x20000048   0x08007538   0x00000008   Data   RW          428    .data..L_MergedGlobals  stm32g4xx_hal.o
    0x20000050   0x08007540   0x00000004   Data   RW         1425    .data.SystemCoreClock  system_stm32g4xx.o
    0x20000054   0x08007544   0x00000004   PAD
    0x20000058        -       0x00000078   Zero   RW           96    .bss..L_MergedGlobals.10  main.o
    0x200000d0        -       0x00000070   Zero   RW           97    .bss..L_MergedGlobals.11  main.o
    0x20000140        -       0x00000078   Zero   RW           93    .bss..L_MergedGlobals.7  main.o
    0x200001b8        -       0x00000078   Zero   RW           94    .bss..L_MergedGlobals.8  main.o
    0x20000230        -       0x00000078   Zero   RW           95    .bss..L_MergedGlobals.9  main.o
    0x200002a8        -       0x00000004   Zero   RW          124    .bss.HAL_RCC_FDCAN_CLK_ENABLED  fdcan.o
    0x200002ac        -       0x00000064   Zero   RW          122    .bss.hfdcan1        fdcan.o
    0x20000310        -       0x00000064   Zero   RW          123    .bss.hfdcan2        fdcan.o
    0x20000374        -       0x0000004c   Zero   RW          141    .bss.htim1          tim.o
    0x200003c0        -       0x0000004c   Zero   RW          142    .bss.htim2          tim.o
    0x2000040c        -       0x00000094   Zero   RW          159    .bss.huart1         usart.o
    0x200004a0        -       0x00000094   Zero   RW          160    .bss.huart2         usart.o
    0x20000534        -       0x00000018   Zero   RW           85    .bss.jiguang_restart_position.data_byte  main.o
    0x2000054c   0x08007544   0x00000004   PAD
    0x20000550        -       0x00000068   Zero   RW           82    .bss.lcResult       main.o
    0x200005b8        -       0x00000068   Zero   RW           83    .bss.timerlcResult  main.o
    0x20000620        -       0x00000004   Zero   RW          427    .bss.uwTick         stm32g4xx_hal.o
    0x20000624   0x08007544   0x00000004   PAD
    0x20000628        -       0x000004a0   Zero   RW            1    STACK               startup_stm32g473xx.o


==============================================================================

Image component sizes


      Code (inc. data)   RO Data    RW Data    ZI Data      Debug   Object Name

       266          0          0          0          0       4375   bsp_can.o
       528          0          0          0        204       8414   fdcan.o
        68          0          0          0          0       1620   gpio.o
      4350        260         33         64        824      32900   main.o
        36          8        472          0       1184        860   startup_stm32g473xx.o
       144          0          0          8          4       9359   stm32g4xx_hal.o
       200          0          0          0          0      10741   stm32g4xx_hal_cortex.o
       236          0          0          0          0       9361   stm32g4xx_hal_dma.o
      2012          0         16          0          0      23481   stm32g4xx_hal_fdcan.o
       426          0          0          0          0       5255   stm32g4xx_hal_gpio.o
        52          0          0          0          0       1760   stm32g4xx_hal_msp.o
       312          0          0          0          0       9542   stm32g4xx_hal_pwr_ex.o
      2192          0          0          0          0      10084   stm32g4xx_hal_rcc.o
       726          0          0          0          0      11179   stm32g4xx_hal_rcc_ex.o
      1168          0          0          0          0      61114   stm32g4xx_hal_tim.o
       236          0          0          0          0      30366   stm32g4xx_hal_tim_ex.o
      7464         48         40          0          0      41548   stm32g4xx_hal_uart.o
       340          0         16          0          0      11466   stm32g4xx_hal_uart_ex.o
       180          0          0          0          0       9759   stm32g4xx_it.o
        18          0         24          4          0       2789   system_stm32g4xx.o
       476          0          0          0        152       9225   tim.o
       504          0          0          0        296       9302   usart.o

    ----------------------------------------------------------------------
     22076        316        636         76       2676     314500   Object Totals
         0          0         32          0          0          0   (incl. Generated)
       142          0          3          0         12          0   (incl. Padding)

    ----------------------------------------------------------------------

      Code (inc. data)   RO Data    RW Data    ZI Data      Debug   Library Member Name

       200         20          0          0          0        164   cos.o
       368         46         48          0          0        200   cos_i.o
        84         16          0          0          0        372   dunder.o
        24          0          0          0          0        124   fabs.o
        48          0          0          0          0        124   fpclassify.o
       248          0          0          0          0        152   poly.o
      1080        142        204          0          0        188   rred.o
       200         20          0          0          0        164   sin.o
       304         24         40          0          0        208   sin_i.o
         0          0          0          0          0          0   entry.o
         0          0          0          0          0          0   entry10a.o
         0          0          0          0          0          0   entry11a.o
         8          4          0          0          0          0   entry2.o
         4          0          0          0          0          0   entry5.o
         0          0          0          0          0          0   entry7b.o
         0          0          0          0          0          0   entry8b.o
         8          4          0          0          0          0   entry9a.o
        12          6          0          4          0         68   errno.o
        18          0          0          0          0         80   fputc.o
        30          0          0          0          0          0   handlers.o
        36          8          0          0          0         68   init.o
         0          0          0          0          0          0   iusefp.o
         0          0          0          0          0          0   iusesemip.o
        30          0          0          0          0         68   llshl.o
        36          0          0          0          0         68   llsshr.o
        32          0          0          0          0         68   llushr.o
        36          0          0          0          0         68   memcpya.o
        36          0          0          0          0        108   memseta.o
      2272         86          0          0          0        516   printfa.o
        36          6          0          0          0         80   puts.o
         0          0          0          0          0          0   semi.o
         0          0          0          4          0          0   stdout.o
        14          0          0          0          0         68   strlen.o
        44          0          0          0          0         80   uidiv.o
        98          0          0          0          0         92   uldiv.o
        48          0          0          0          0         68   cdrcmple.o
        56          0          0          0          0         88   d2f.o
       334          0          0          0          0        148   dadd.o
        54          0          0          0          0         80   dcmpge.o
        54          0          0          0          0         80   dcmpgt.o
        54          0          0          0          0         80   dcmple.o
        54          0          0          0          0         80   dcmplt.o
       222          0          0          0          0        100   ddiv.o
       186          0          0          0          0        176   depilogue.o
        62          0          0          0          0         80   dfixi.o
        48          0          0          0          0         68   dfixul.o
        34          0          0          0          0         76   dflti.o
        26          0          0          0          0         76   dfltui.o
       228          0          0          0          0         96   dmul.o
        38          0          0          0          0         68   f2d.o
       110          0          0          0          0        168   fepilogue.o

    ----------------------------------------------------------------------
      6924        382        296          8          0       4660   Library Totals
        10          0          4          0          0          0   (incl. Padding)

    ----------------------------------------------------------------------

      Code (inc. data)   RO Data    RW Data    ZI Data      Debug   Library Name

      2556        268        292          0          0       1696   m_wm.l
      2750        114          0          8          0       1432   mc_w.l
      1608          0          0          0          0       1532   mf_w.l

    ----------------------------------------------------------------------
      6924        382        296          8          0       4660   Library Totals

    ----------------------------------------------------------------------

==============================================================================


      Code (inc. data)   RO Data    RW Data    ZI Data      Debug   

     29000        698        932         84       2676     316352   Grand Totals
     29000        698        932         84       2676     316352   ELF Image Totals
     29000        698        932         84          0          0   ROM Totals

==============================================================================

    Total RO  Size (Code + RO Data)                29932 (  29.23kB)
    Total RW  Size (RW Data + ZI Data)              2760 (   2.70kB)
    Total ROM Size (Code + RO Data + RW Data)      30016 (  29.31kB)

==============================================================================

